Archive member included to satisfy reference by file (symbol)

C:/ST/STM32CubeCLT/GNU-tools-for-STM32/bin/../lib/gcc/arm-none-eabi/11.3.1/../../../../arm-none-eabi/lib/thumb/v7-m/nofp\libc_nano.a(libc_a-exit.o)
                              C:/ST/STM32CubeCLT/GNU-tools-for-STM32/bin/../lib/gcc/arm-none-eabi/11.3.1/../../../../arm-none-eabi/lib/thumb/v7-m/nofp/crt0.o (exit)
C:/ST/STM32CubeCLT/GNU-tools-for-STM32/bin/../lib/gcc/arm-none-eabi/11.3.1/../../../../arm-none-eabi/lib/thumb/v7-m/nofp\libc_nano.a(libc_a-nano-vfprintf_float.o)
                              (_printf_float)
C:/ST/STM32CubeCLT/GNU-tools-for-STM32/bin/../lib/gcc/arm-none-eabi/11.3.1/../../../../arm-none-eabi/lib/thumb/v7-m/nofp\libc_nano.a(libc_a-nano-vfprintf_i.o)
                              C:/ST/STM32CubeCLT/GNU-tools-for-STM32/bin/../lib/gcc/arm-none-eabi/11.3.1/../../../../arm-none-eabi/lib/thumb/v7-m/nofp\libc_nano.a(libc_a-nano-vfprintf_float.o) (_printf_common)
C:/ST/STM32CubeCLT/GNU-tools-for-STM32/bin/../lib/gcc/arm-none-eabi/11.3.1/../../../../arm-none-eabi/lib/thumb/v7-m/nofp\libc_nano.a(libc_a-findfp.o)
                              C:/ST/STM32CubeCLT/GNU-tools-for-STM32/bin/../lib/gcc/arm-none-eabi/11.3.1/../../../../arm-none-eabi/lib/thumb/v7-m/nofp\libc_nano.a(libc_a-exit.o) (__stdio_exit_handler)
C:/ST/STM32CubeCLT/GNU-tools-for-STM32/bin/../lib/gcc/arm-none-eabi/11.3.1/../../../../arm-none-eabi/lib/thumb/v7-m/nofp\libc_nano.a(libc_a-fwalk.o)
                              C:/ST/STM32CubeCLT/GNU-tools-for-STM32/bin/../lib/gcc/arm-none-eabi/11.3.1/../../../../arm-none-eabi/lib/thumb/v7-m/nofp\libc_nano.a(libc_a-findfp.o) (_fwalk_sglue)
C:/ST/STM32CubeCLT/GNU-tools-for-STM32/bin/../lib/gcc/arm-none-eabi/11.3.1/../../../../arm-none-eabi/lib/thumb/v7-m/nofp\libc_nano.a(libc_a-stdio.o)
                              C:/ST/STM32CubeCLT/GNU-tools-for-STM32/bin/../lib/gcc/arm-none-eabi/11.3.1/../../../../arm-none-eabi/lib/thumb/v7-m/nofp\libc_nano.a(libc_a-findfp.o) (__sread)
C:/ST/STM32CubeCLT/GNU-tools-for-STM32/bin/../lib/gcc/arm-none-eabi/11.3.1/../../../../arm-none-eabi/lib/thumb/v7-m/nofp\libc_nano.a(libc_a-memset.o)
                              C:/ST/STM32CubeCLT/GNU-tools-for-STM32/bin/../lib/gcc/arm-none-eabi/11.3.1/../../../../arm-none-eabi/lib/thumb/v7-m/nofp/crt0.o (memset)
C:/ST/STM32CubeCLT/GNU-tools-for-STM32/bin/../lib/gcc/arm-none-eabi/11.3.1/../../../../arm-none-eabi/lib/thumb/v7-m/nofp\libc_nano.a(libc_a-localeconv.o)
                              C:/ST/STM32CubeCLT/GNU-tools-for-STM32/bin/../lib/gcc/arm-none-eabi/11.3.1/../../../../arm-none-eabi/lib/thumb/v7-m/nofp\libc_nano.a(libc_a-nano-vfprintf_float.o) (_localeconv_r)
C:/ST/STM32CubeCLT/GNU-tools-for-STM32/bin/../lib/gcc/arm-none-eabi/11.3.1/../../../../arm-none-eabi/lib/thumb/v7-m/nofp\libc_nano.a(libc_a-closer.o)
                              C:/ST/STM32CubeCLT/GNU-tools-for-STM32/bin/../lib/gcc/arm-none-eabi/11.3.1/../../../../arm-none-eabi/lib/thumb/v7-m/nofp\libc_nano.a(libc_a-stdio.o) (_close_r)
C:/ST/STM32CubeCLT/GNU-tools-for-STM32/bin/../lib/gcc/arm-none-eabi/11.3.1/../../../../arm-none-eabi/lib/thumb/v7-m/nofp\libc_nano.a(libc_a-reent.o)
                              C:/ST/STM32CubeCLT/GNU-tools-for-STM32/bin/../lib/gcc/arm-none-eabi/11.3.1/../../../../arm-none-eabi/lib/thumb/v7-m/nofp\libc_nano.a(libc_a-closer.o) (errno)
C:/ST/STM32CubeCLT/GNU-tools-for-STM32/bin/../lib/gcc/arm-none-eabi/11.3.1/../../../../arm-none-eabi/lib/thumb/v7-m/nofp\libc_nano.a(libc_a-impure.o)
                              C:/ST/STM32CubeCLT/GNU-tools-for-STM32/bin/../lib/gcc/arm-none-eabi/11.3.1/../../../../arm-none-eabi/lib/thumb/v7-m/nofp\libc_nano.a(libc_a-reent.o) (_impure_ptr)
C:/ST/STM32CubeCLT/GNU-tools-for-STM32/bin/../lib/gcc/arm-none-eabi/11.3.1/../../../../arm-none-eabi/lib/thumb/v7-m/nofp\libc_nano.a(libc_a-lseekr.o)
                              C:/ST/STM32CubeCLT/GNU-tools-for-STM32/bin/../lib/gcc/arm-none-eabi/11.3.1/../../../../arm-none-eabi/lib/thumb/v7-m/nofp\libc_nano.a(libc_a-stdio.o) (_lseek_r)
C:/ST/STM32CubeCLT/GNU-tools-for-STM32/bin/../lib/gcc/arm-none-eabi/11.3.1/../../../../arm-none-eabi/lib/thumb/v7-m/nofp\libc_nano.a(libc_a-readr.o)
                              C:/ST/STM32CubeCLT/GNU-tools-for-STM32/bin/../lib/gcc/arm-none-eabi/11.3.1/../../../../arm-none-eabi/lib/thumb/v7-m/nofp\libc_nano.a(libc_a-stdio.o) (_read_r)
C:/ST/STM32CubeCLT/GNU-tools-for-STM32/bin/../lib/gcc/arm-none-eabi/11.3.1/../../../../arm-none-eabi/lib/thumb/v7-m/nofp\libc_nano.a(libc_a-writer.o)
                              C:/ST/STM32CubeCLT/GNU-tools-for-STM32/bin/../lib/gcc/arm-none-eabi/11.3.1/../../../../arm-none-eabi/lib/thumb/v7-m/nofp\libc_nano.a(libc_a-stdio.o) (_write_r)
C:/ST/STM32CubeCLT/GNU-tools-for-STM32/bin/../lib/gcc/arm-none-eabi/11.3.1/../../../../arm-none-eabi/lib/thumb/v7-m/nofp\libc_nano.a(libc_a-init.o)
[...]
Memory Configuration

Name             Origin             Length             Attributes
RAM              0x0000000020000000 0x0000000000005000 xrw
FLASH            0x0000000008000000 0x0000000000010000 xr
*default*        0x0000000000000000 0xffffffffffffffff

Linker script and memory map

LOAD C:/ST/STM32CubeCLT/GNU-tools-for-STM32/bin/../lib/gcc/arm-none-eabi/11.3.1/thumb/v7-m/nofp/crti.o
LOAD C:/ST/STM32CubeCLT/GNU-tools-for-STM32/bin/../lib/gcc/arm-none-eabi/11.3.1/thumb/v7-m/nofp/crtbegin.o
LOAD C:/ST/STM32CubeCLT/GNU-tools-for-STM32/bin/../lib/gcc/arm-none-eabi/11.3.1/../../../../arm-none-eabi/lib/thumb/v7-m/nofp/crt0.o
START GROUP
LOAD C:/ST/STM32CubeCLT/GNU-tools-for-STM32/bin/../lib/gcc/arm-none-eabi/11.3.1/../../../../arm-none-eabi/lib/thumb/v7-m/nofp\libc_nano.a
LOAD C:/ST/STM32CubeCLT/GNU-tools-for-STM32/bin/../lib/gcc/arm-none-eabi/11.3.1/../../../../arm-none-eabi/lib/thumb/v7-m/nofp\libm.a
LOAD C:/ST/STM32CubeCLT/GNU-tools-for-STM32/bin/../lib/gcc/arm-none-eabi/11.3.1/../../../../arm-none-eabi/lib/thumb/v7-m/nofp\libstdc++_nano.a
LOAD C:/ST/STM32CubeCLT/GNU-tools-for-STM32/bin/../lib/gcc/arm-none-eabi/11.3.1/../../../../arm-none-eabi/lib/thumb/v7-m/nofp\libsupc++_nano.a
END GROUP
LOAD CMakeFiles/FW_PID_HEAT.dir/Middleware/SuperLoop/sl_lib.c.obj
LOAD CMakeFiles/FW_PID_HEAT.dir/Middleware/SuperLoop/sl.c.obj
LOAD CMakeFiles/FW_PID_HEAT.dir/HMI/Src/hmi.c.obj
LOAD CMakeFiles/FW_PID_HEAT.dir/HD44780/LCD_HD44780.c.obj
LOAD CMakeFiles/FW_PID_HEAT.dir/Core/Src/sysmem.c.obj
LOAD CMakeFiles/FW_PID_HEAT.dir/Core/Src/system_stm32f1xx.c.obj
LOAD CMakeFiles/FW_PID_HEAT.dir/Core/Src/syscalls.c.obj
LOAD CMakeFiles/FW_PID_HEAT.dir/Core/Src/stm32f1xx_it.c.obj
LOAD CMakeFiles/FW_PID_HEAT.dir/Core/Src/stm32f1xx_hal_msp.c.obj
LOAD CMakeFiles/FW_PID_HEAT.dir/Core/Src/main.c.obj
LOAD CMakeFiles/FW_PID_HEAT.dir/Drivers/STM32F1xx_HAL_Driver/Src/stm32f1xx_hal_cortex.c.obj
LOAD CMakeFiles/FW_PID_HEAT.dir/Drivers/STM32F1xx_HAL_Driver/Src/stm32f1xx_hal_dma.c.obj
LOAD CMakeFiles/FW_PID_HEAT.dir/Drivers/STM32F1xx_HAL_Driver/Src/stm32f1xx_hal_exti.c.obj
LOAD CMakeFiles/FW_PID_HEAT.dir/Drivers/STM32F1xx_HAL_Driver/Src/stm32f1xx_hal_flash_ex.c.obj
LOAD CMakeFiles/FW_PID_HEAT.dir/Drivers/STM32F1xx_HAL_Driver/Src/stm32f1xx_hal_flash.c.obj
LOAD CMakeFiles/FW_PID_HEAT.dir/Drivers/STM32F1xx_HAL_Driver/Src/stm32f1xx_hal_gpio_ex.c.obj
LOAD CMakeFiles/FW_PID_HEAT.dir/Drivers/STM32F1xx_HAL_Driver/Src/stm32f1xx_hal_gpio.c.obj
LOAD CMakeFiles/FW_PID_HEAT.dir/Drivers/STM32F1xx_HAL_Driver/Src/stm32f1xx_hal_pwr.c.obj
LOAD CMakeFiles/FW_PID_HEAT.dir/Drivers/STM32F1xx_HAL_Driver/Src/stm32f1xx_hal_rcc_ex.c.obj
LOAD CMakeFiles/FW_PID_HEAT.dir/Drivers/STM32F1xx_HAL_Driver/Src/stm32f1xx_hal_rcc.c.obj
LOAD CMakeFiles/FW_PID_HEAT.dir/Drivers/STM32F1xx_HAL_Driver/Src/stm32f1xx_hal.c.obj
LOAD CMakeFiles/FW_PID_HEAT.dir/Core/Startup/startup_stm32f103c8tx.s.obj
START GROUP
LOAD C:/ST/STM32CubeCLT/GNU-tools-for-STM32/bin/../lib/gcc/arm-none-eabi/11.3.1/thumb/v7-m/nofp\libgcc.a
LOAD C:/ST/STM32CubeCLT/GNU-tools-for-STM32/bin/../lib/gcc/arm-none-eabi/11.3.1/../../../../arm-none-eabi/lib/thumb/v7-m/nofp\libg_nano.a
LOAD C:/ST/STM32CubeCLT/GNU-tools-for-STM32/bin/../lib/gcc/arm-none-eabi/11.3.1/../../../../arm-none-eabi/lib/thumb/v7-m/nofp\libc_nano.a
END GROUP
START GROUP
LOAD C:/ST/STM32CubeCLT/GNU-tools-for-STM32/bin/../lib/gcc/arm-none-eabi/11.3.1/thumb/v7-m/nofp\libgcc.a
LOAD C:/ST/STM32CubeCLT/GNU-tools-for-STM32/bin/../lib/gcc/arm-none-eabi/11.3.1/../../../../arm-none-eabi/lib/thumb/v7-m/nofp\libc_nano.a
LOAD C:/ST/STM32CubeCLT/GNU-tools-for-STM32/bin/../lib/gcc/arm-none-eabi/11.3.1/../../../../arm-none-eabi/lib/thumb/v7-m/nofp\libnosys.a
END GROUP
START GROUP
LOAD C:/ST/STM32CubeCLT/GNU-tools-for-STM32/bin/../lib/gcc/arm-none-eabi/11.3.1/thumb/v7-m/nofp\libgcc.a
LOAD C:/ST/STM32CubeCLT/GNU-tools-for-STM32/bin/../lib/gcc/arm-none-eabi/11.3.1/../../../../arm-none-eabi/lib/thumb/v7-m/nofp\libc_nano.a
LOAD C:/ST/STM32CubeCLT/GNU-tools-for-STM32/bin/../lib/gcc/arm-none-eabi/11.3.1/../../../../arm-none-eabi/lib/thumb/v7-m/nofp\libnosys.a
END GROUP
LOAD C:/ST/STM32CubeCLT/GNU-tools-for-STM32/bin/../lib/gcc/arm-none-eabi/11.3.1/thumb/v7-m/nofp/crtend.o
LOAD C:/ST/STM32CubeCLT/GNU-tools-for-STM32/bin/../lib/gcc/arm-none-eabi/11.3.1/thumb/v7-m/nofp/crtn.o
                0x0000000020005000                _estack = (ORIGIN (RAM) + LENGTH (RAM))
                0x0000000000000200                _Min_Heap_Size = 0x200
                0x0000000000000400                _Min_Stack_Size = 0x400

.isr_vector     0x0000000008000000      0x10c
                0x0000000008000000                . = ALIGN (0x4)
 *(.isr_vector)
 .isr_vector    0x0000000008000000      0x10c CMakeFiles/FW_PID_HEAT.dir/Core/Startup/startup_stm32f103c8tx.s.obj
                0x0000000008000000                g_pfnVectors
                0x000000000800010c                . = ALIGN (0x4)

.text           0x0000000008000110     0x4364
                0x0000000008000110                . = ALIGN (0x4)
 *(.text)
 .text          0x0000000008000110       0x40 C:/ST/STM32CubeCLT/GNU-tools-for-STM32/bin/../lib/gcc/arm-none-eabi/11.3.1/thumb/v7-m/nofp/crtbegin.o
 .text          0x0000000008000150       0x10 C:/ST/STM32CubeCLT/GNU-tools-for-STM32/bin/../lib/gcc/arm-none-eabi/11.3.1/../../../../arm-none-eabi/lib/thumb/v7-m/nofp\libc_nano.a(libc_a-strlen.o)
                0x0000000008000150                strlen
 .text          0x0000000008000160      0x378 C:/ST/STM32CubeCLT/GNU-tools-for-STM32/bin/../lib/gcc/arm-none-eabi/11.3.1/thumb/v7-m/nofp\libgcc.a(_arm_addsubdf3.o)
                0x0000000008000160                __aeabi_drsub
                0x0000000008000168                __aeabi_dsub
                0x0000000008000168                __subdf3
                0x000000000800016c                __aeabi_dadd
                0x000000000800016c                __adddf3
                0x00000000080003e4                __floatunsidf
                0x00000000080003e4                __aeabi_ui2d
                0x0000000008000404                __floatsidf
                0x0000000008000404                __aeabi_i2d
                0x0000000008000428                __aeabi_f2d
                0x0000000008000428                __extendsfdf2
                0x000000000800046c                __floatundidf
                0x000000000800046c                __aeabi_ul2d
                0x000000000800047c                __floatdidf
                0x000000000800047c                __aeabi_l2d
 .text          0x00000000080004d8      0x424 C:/ST/STM32CubeCLT/GNU-tools-for-STM32/bin/../lib/gcc/arm-none-eabi/11.3.1/thumb/v7-m/nofp\libgcc.a(_arm_muldivdf3.o)
                0x00000000080004d8                __aeabi_dmul
                0x00000000080004d8                __muldf3
                0x000000000800072c                __divdf3
                0x000000000800072c                __aeabi_ddiv
 .text          0x00000000080008fc      0x110 C:/ST/STM32CubeCLT/GNU-tools-for-STM32/bin/../lib/gcc/arm-none-eabi/11.3.1/thumb/v7-m/nofp\libgcc.a(_arm_cmpdf2.o)
                0x00000000080008fc                __gtdf2
                0x00000000080008fc                __gedf2
                0x0000000008000904                __ltdf2
                0x0000000008000904                __ledf2
                0x000000000800090c                __nedf2
                0x000000000800090c                __eqdf2
                0x000000000800090c                __cmpdf2
                0x0000000008000988                __aeabi_cdrcmple
                0x0000000008000998                __aeabi_cdcmpeq
                0x0000000008000998                __aeabi_cdcmple
                0x00000000080009a8                __aeabi_dcmpeq
                0x00000000080009bc                __aeabi_dcmplt
                0x00000000080009d0                __aeabi_dcmple
                0x00000000080009e4                __aeabi_dcmpge
                0x00000000080009f8                __aeabi_dcmpgt
 .text          0x0000000008000a0c       0x2c C:/ST/STM32CubeCLT/GNU-tools-for-STM32/bin/../lib/gcc/arm-none-eabi/11.3.1/thumb/v7-m/nofp\libgcc.a(_arm_unorddf2.o)
                0x0000000008000a0c                __unorddf2
                0x0000000008000a0c                __aeabi_dcmpun
 .text          0x0000000008000a38       0x50 C:/ST/STM32CubeCLT/GNU-tools-for-STM32/bin/../lib/gcc/arm-none-eabi/11.3.1/thumb/v7-m/nofp\libgcc.a(_arm_fixdfsi.o)
                0x0000000008000a38                __aeabi_d2iz
                0x0000000008000a38                __fixdfsi
 *(.text*)
 .text.__cvt    0x0000000008000a88       0xbe C:/ST/STM32CubeCLT/GNU-tools-for-STM32/bin/../lib/gcc/arm-none-eabi/11.3.1/../../../../arm-none-eabi/lib/thumb/v7-m/nofp\libc_nano.a(libc_a-nano-vfprintf_float.o)
                0x0000000008000a88                __cvt
 .text.__exponent
                0x0000000008000b46       0x7a C:/ST/STM32CubeCLT/GNU-tools-for-STM32/bin/../lib/gcc/arm-none-eabi/11.3.1/../../../../arm-none-eabi/lib/thumb/v7-m/nofp\libc_nano.a(libc_a-nano-vfprintf_float.o)
                0x0000000008000b46                __exponent
 .text._printf_float
                0x0000000008000bc0      0x45c C:/ST/STM32CubeCLT/GNU-tools-for-STM32/bin/../lib/gcc/arm-none-eabi/11.3.1/../../../../arm-none-eabi/lib/thumb/v7-m/nofp\libc_nano.a(libc_a-nano-vfprintf_float.o)
                0x0000000008000bc0                _printf_float
 .text._printf_common
                0x000000000800101c       0xe4 C:/ST/STM32CubeCLT/GNU-tools-for-STM32/bin/../lib/gcc/arm-none-eabi/11.3.1/../../../../arm-none-eabi/lib/thumb/v7-m/nofp\libc_nano.a(libc_a-nano-vfprintf_i.o)
                0x000000000800101c                _printf_common
 .text._printf_i
                0x0000000008001100      0x244 C:/ST/STM32CubeCLT/GNU-tools-for-STM32/bin/../lib/gcc/arm-none-eabi/11.3.1/../../../../arm-none-eabi/lib/thumb/v7-m/nofp\libc_nano.a(libc_a-nano-vfprintf_i.o)
                0x0000000008001100                _printf_i
 .text.std      0x0000000008001344       0x48 C:/ST/STM32CubeCLT/GNU-tools-for-STM32/bin/../lib/gcc/arm-none-eabi/11.3.1/../../../../arm-none-eabi/lib/thumb/v7-m/nofp\libc_nano.a(libc_a-findfp.o)
 .text.stdio_exit_handler
                0x000000000800138c       0x18 C:/ST/STM32CubeCLT/GNU-tools-for-STM32/bin/../lib/gcc/arm-none-eabi/11.3.1/../../../../arm-none-eabi/lib/thumb/v7-m/nofp\libc_nano.a(libc_a-findfp.o)
 .text.cleanup_stdio
                0x00000000080013a4       0x40 C:/ST/STM32CubeCLT/GNU-tools-for-STM32/bin/../lib/gcc/arm-none-eabi/11.3.1/../../../../arm-none-eabi/lib/thumb/v7-m/nofp\libc_nano.a(libc_a-findfp.o)
 .text.global_stdio_init.part.0
                0x00000000080013e4       0x3c C:/ST/STM32CubeCLT/GNU-tools-for-STM32/bin/../lib/gcc/arm-none-eabi/11.3.1/../../../../arm-none-eabi/lib/thumb/v7-m/nofp\libc_nano.a(libc_a-findfp.o)
 .text.__sfp_lock_acquire
                0x0000000008001420        0xc C:/ST/STM32CubeCLT/GNU-tools-for-STM32/bin/../lib/gcc/arm-none-eabi/11.3.1/../../../../arm-none-eabi/lib/thumb/v7-m/nofp\libc_nano.a(libc_a-findfp.o)
                0x0000000008001420                __sfp_lock_acquire
 .text.__sfp_lock_release
                0x000000000800142c        0xc C:/ST/STM32CubeCLT/GNU-tools-for-STM32/bin/../lib/gcc/arm-none-eabi/11.3.1/../../../../arm-none-eabi/lib/thumb/v7-m/nofp\libc_nano.a(libc_a-findfp.o)
                0x000000000800142c                __sfp_lock_release
 .text.__sinit  0x0000000008001438       0x30 C:/ST/STM32CubeCLT/GNU-tools-for-STM32/bin/../lib/gcc/arm-none-eabi/11.3.1/../../../../arm-none-eabi/lib/thumb/v7-m/nofp\libc_nano.a(libc_a-findfp.o)
                0x0000000008001438                __sinit
 .text._fwalk_sglue
                0x0000000008001468       0x3c C:/ST/STM32CubeCLT/GNU-tools-for-STM32/bin/../lib/gcc/arm-none-eabi/11.3.1/../../../../arm-none-eabi/lib/thumb/v7-m/nofp\libc_nano.a(libc_a-fwalk.o)
                0x0000000008001468                _fwalk_sglue
 .text.__sread  0x00000000080014a4       0x22 C:/ST/STM32CubeCLT/GNU-tools-for-STM32/bin/../lib/gcc/arm-none-eabi/11.3.1/../../../../arm-none-eabi/lib/thumb/v7-m/nofp\libc_nano.a(libc_a-stdio.o)
                0x00000000080014a4                __sread
 .text.__swrite
                0x00000000080014c6       0x38 C:/ST/STM32CubeCLT/GNU-tools-for-STM32/bin/../lib/gcc/arm-none-eabi/11.3.1/../../../../arm-none-eabi/lib/thumb/v7-m/nofp\libc_nano.a(libc_a-stdio.o)
                0x00000000080014c6                __swrite
 .text.__sseek  0x00000000080014fe       0x24 C:/ST/STM32CubeCLT/GNU-tools-for-STM32/bin/../lib/gcc/arm-none-eabi/11.3.1/../../../../arm-none-eabi/lib/thumb/v7-m/nofp\libc_nano.a(libc_a-stdio.o)
                0x00000000080014fe                __sseek
 .text.__sclose
                0x0000000008001522        0x8 C:/ST/STM32CubeCLT/GNU-tools-for-STM32/bin/../lib/gcc/arm-none-eabi/11.3.1/../../../../arm-none-eabi/lib/thumb/v7-m/nofp\libc_nano.a(libc_a-stdio.o)
                0x0000000008001522                __sclose
 .text.memset   0x000000000800152a       0x10 C:/ST/STM32CubeCLT/GNU-tools-for-STM32/bin/../lib/gcc/arm-none-eabi/11.3.1/../../../../arm-none-eabi/lib/thumb/v7-m/nofp\libc_nano.a(libc_a-memset.o)
                0x000000000800152a                memset
 *fill*         0x000000000800153a        0x2 
 .text._localeconv_r
                0x000000000800153c        0x8 C:/ST/STM32CubeCLT/GNU-tools-for-STM32/bin/../lib/gcc/arm-none-eabi/11.3.1/../../../../arm-none-eabi/lib/thumb/v7-m/nofp\libc_nano.a(libc_a-localeconv.o)
                0x000000000800153c                _localeconv_r
 .text._close_r
                0x0000000008001544       0x20 C:/ST/STM32CubeCLT/GNU-tools-for-STM32/bin/../lib/gcc/arm-none-eabi/11.3.1/../../../../arm-none-eabi/lib/thumb/v7-m/nofp\libc_nano.a(libc_a-closer.o)
                0x0000000008001544                _close_r
 .text._lseek_r
                0x0000000008001564       0x24 C:/ST/STM32CubeCLT/GNU-tools-for-STM32/bin/../lib/gcc/arm-none-eabi/11.3.1/../../../../arm-none-eabi/lib/thumb/v7-m/nofp\libc_nano.a(libc_a-lseekr.o)
                0x0000000008001564                _lseek_r
 .text._read_r  0x0000000008001588       0x24 C:/ST/STM32CubeCLT/GNU-tools-for-STM32/bin/../lib/gcc/arm-none-eabi/11.3.1/../../../../arm-none-eabi/lib/thumb/v7-m/nofp\libc_nano.a(libc_a-readr.o)
                0x0000000008001588                _read_r
 .text._write_r
                0x00000000080015ac       0x24 C:/ST/STM32CubeCLT/GNU-tools-for-STM32/bin/../lib/gcc/arm-none-eabi/11.3.1/../../../../arm-none-eabi/lib/thumb/v7-m/nofp\libc_nano.a(libc_a-writer.o)
                0x00000000080015ac                _write_r
 .text.__libc_init_array
                0x00000000080015d0       0x48 C:/ST/STM32CubeCLT/GNU-tools-for-STM32/bin/../lib/gcc/arm-none-eabi/11.3.1/../../../../arm-none-eabi/lib/thumb/v7-m/nofp\libc_nano.a(libc_a-init.o)
                0x00000000080015d0                __libc_init_array
 .text.__retarget_lock_acquire_recursive
                0x0000000008001618        0x2 C:/ST/STM32CubeCLT/GNU-tools-for-STM32/bin/../lib/gcc/arm-none-eabi/11.3.1/../../../../arm-none-eabi/lib/thumb/v7-m/nofp\libc_nano.a(libc_a-lock.o)
                0x0000000008001618                __retarget_lock_acquire_recursive
 .text.__retarget_lock_release_recursive
                0x000000000800161a        0x2 C:/ST/STM32CubeCLT/GNU-tools-for-STM32/bin/../lib/gcc/arm-none-eabi/11.3.1/../../../../arm-none-eabi/lib/thumb/v7-m/nofp\libc_nano.a(libc_a-lock.o)
                0x000000000800161a                __retarget_lock_release_recursive
 .text.memchr   0x000000000800161c       0x1c C:/ST/STM32CubeCLT/GNU-tools-for-STM32/bin/../lib/gcc/arm-none-eabi/11.3.1/../../../../arm-none-eabi/lib/thumb/v7-m/nofp\libc_nano.a(libc_a-memchr-stub.o)
                0x000000000800161c                memchr
 .text.quorem   0x0000000008001638      0x112 C:/ST/STM32CubeCLT/GNU-tools-for-STM32/bin/../lib/gcc/arm-none-eabi/11.3.1/../../../../arm-none-eabi/lib/thumb/v7-m/nofp\libc_nano.a(libc_a-dtoa.o)
 *fill*         0x000000000800174a        0x6 
 .text._dtoa_r  0x0000000008001750      0xbc8 C:/ST/STM32CubeCLT/GNU-tools-for-STM32/bin/../lib/gcc/arm-none-eabi/11.3.1/../../../../arm-none-eabi/lib/thumb/v7-m/nofp\libc_nano.a(libc_a-dtoa.o)
                0x0000000008001750                _dtoa_r
 .text._free_r  0x0000000008002318       0x90 C:/ST/STM32CubeCLT/GNU-tools-for-STM32/bin/../lib/gcc/arm-none-eabi/11.3.1/../../../../arm-none-eabi/lib/thumb/v7-m/nofp\libc_nano.a(libc_a-freer.o)
                0x0000000008002318                _free_r
 .text.malloc   0x00000000080023a8       0x10 C:/ST/STM32CubeCLT/GNU-tools-for-STM32/bin/../lib/gcc/arm-none-eabi/11.3.1/../../../../arm-none-eabi/lib/thumb/v7-m/nofp\libc_nano.a(libc_a-malloc.o)
                0x00000000080023a8                malloc
 .text.sbrk_aligned
                0x00000000080023b8       0x40 C:/ST/STM32CubeCLT/GNU-tools-for-STM32/bin/../lib/gcc/arm-none-eabi/11.3.1/../../../../arm-none-eabi/lib/thumb/v7-m/nofp\libc_nano.a(libc_a-mallocr.o)
 .text._malloc_r
                0x00000000080023f8      0x100 C:/ST/STM32CubeCLT/GNU-tools-for-STM32/bin/../lib/gcc/arm-none-eabi/11.3.1/../../../../arm-none-eabi/lib/thumb/v7-m/nofp\libc_nano.a(libc_a-mallocr.o)
                0x00000000080023f8                _malloc_r
 .text.__malloc_lock
                0x00000000080024f8        0xc C:/ST/STM32CubeCLT/GNU-tools-for-STM32/bin/../lib/gcc/arm-none-eabi/11.3.1/../../../../arm-none-eabi/lib/thumb/v7-m/nofp\libc_nano.a(libc_a-mlock.o)
                0x00000000080024f8                __malloc_lock
 .text.__malloc_unlock
                0x0000000008002504        0xc C:/ST/STM32CubeCLT/GNU-tools-for-STM32/bin/../lib/gcc/arm-none-eabi/11.3.1/../../../../arm-none-eabi/lib/thumb/v7-m/nofp\libc_nano.a(libc_a-mlock.o)
                0x0000000008002504                __malloc_unlock
 .text._Balloc  0x0000000008002510       0x80 C:/ST/STM32CubeCLT/GNU-tools-for-STM32/bin/../lib/gcc/arm-none-eabi/11.3.1/../../../../arm-none-eabi/lib/thumb/v7-m/nofp\libc_nano.a(libc_a-mprec.o)
                0x0000000008002510                _Balloc
 .text._Bfree   0x0000000008002590       0x44 C:/ST/STM32CubeCLT/GNU-tools-for-STM32/bin/../lib/gcc/arm-none-eabi/11.3.1/../../../../arm-none-eabi/lib/thumb/v7-m/nofp\libc_nano.a(libc_a-mprec.o)
                0x0000000008002590                _Bfree
 .text.__multadd
                0x00000000080025d4       0x8c C:/ST/STM32CubeCLT/GNU-tools-for-STM32/bin/../lib/gcc/arm-none-eabi/11.3.1/../../../../arm-none-eabi/lib/thumb/v7-m/nofp\libc_nano.a(libc_a-mprec.o)
                0x00000000080025d4                __multadd
 .text.__hi0bits
                0x0000000008002660       0x40 C:/ST/STM32CubeCLT/GNU-tools-for-STM32/bin/../lib/gcc/arm-none-eabi/11.3.1/../../../../arm-none-eabi/lib/thumb/v7-m/nofp\libc_nano.a(libc_a-mprec.o)
                0x0000000008002660                __hi0bits
 .text.__lo0bits
                0x00000000080026a0       0x5a C:/ST/STM32CubeCLT/GNU-tools-for-STM32/bin/../lib/gcc/arm-none-eabi/11.3.1/../../../../arm-none-eabi/lib/thumb/v7-m/nofp\libc_nano.a(libc_a-mprec.o)
                0x00000000080026a0                __lo0bits
 *fill*         0x00000000080026fa        0x2 
 .text.__i2b    0x00000000080026fc       0x2c C:/ST/STM32CubeCLT/GNU-tools-for-STM32/bin/../lib/gcc/arm-none-eabi/11.3.1/../../../../arm-none-eabi/lib/thumb/v7-m/nofp\libc_nano.a(libc_a-mprec.o)
                0x00000000080026fc                __i2b
 .text.__multiply
                0x0000000008002728      0x150 C:/ST/STM32CubeCLT/GNU-tools-for-STM32/bin/../lib/gcc/arm-none-eabi/11.3.1/../../../../arm-none-eabi/lib/thumb/v7-m/nofp\libc_nano.a(libc_a-mprec.o)
                0x0000000008002728                __multiply
 .text.__pow5mult
                0x0000000008002878       0xb4 C:/ST/STM32CubeCLT/GNU-tools-for-STM32/bin/../lib/gcc/arm-none-eabi/11.3.1/../../../../arm-none-eabi/lib/thumb/v7-m/nofp\libc_nano.a(libc_a-mprec.o)
                0x0000000008002878                __pow5mult
 .text.__lshift
                0x000000000800292c       0xd8 C:/ST/STM32CubeCLT/GNU-tools-for-STM32/bin/../lib/gcc/arm-none-eabi/11.3.1/../../../../arm-none-eabi/lib/thumb/v7-m/nofp\libc_nano.a(libc_a-mprec.o)
                0x000000000800292c                __lshift
 .text.__mcmp   0x0000000008002a04       0x36 C:/ST/STM32CubeCLT/GNU-tools-for-STM32/bin/../lib/gcc/arm-none-eabi/11.3.1/../../../../arm-none-eabi/lib/thumb/v7-m/nofp\libc_nano.a(libc_a-mprec.o)
                0x0000000008002a04                __mcmp
 *fill*         0x0000000008002a3a        0x2 
 .text.__mdiff  0x0000000008002a3c      0x118 C:/ST/STM32CubeCLT/GNU-tools-for-STM32/bin/../lib/gcc/arm-none-eabi/11.3.1/../../../../arm-none-eabi/lib/thumb/v7-m/nofp\libc_nano.a(libc_a-mprec.o)
                0x0000000008002a3c                __mdiff
 .text.__d2b    0x0000000008002b54       0xac C:/ST/STM32CubeCLT/GNU-tools-for-STM32/bin/../lib/gcc/arm-none-eabi/11.3.1/../../../../arm-none-eabi/lib/thumb/v7-m/nofp\libc_nano.a(libc_a-mprec.o)
                0x0000000008002b54                __d2b
 .text.__sflush_r
                0x0000000008002c00      0x104 C:/ST/STM32CubeCLT/GNU-tools-for-STM32/bin/../lib/gcc/arm-none-eabi/11.3.1/../../../../arm-none-eabi/lib/thumb/v7-m/nofp\libc_nano.a(libc_a-fflush.o)
                0x0000000008002c00                __sflush_r
 .text._fflush_r
                0x0000000008002d04       0x50 C:/ST/STM32CubeCLT/GNU-tools-for-STM32/bin/../lib/gcc/arm-none-eabi/11.3.1/../../../../arm-none-eabi/lib/thumb/v7-m/nofp\libc_nano.a(libc_a-fflush.o)
                0x0000000008002d04                _fflush_r
 .text._sbrk_r  0x0000000008002d54       0x20 C:/ST/STM32CubeCLT/GNU-tools-for-STM32/bin/../lib/gcc/arm-none-eabi/11.3.1/../../../../arm-none-eabi/lib/thumb/v7-m/nofp\libc_nano.a(libc_a-sbrkr.o)
                0x0000000008002d54                _sbrk_r
 .text.memcpy   0x0000000008002d74       0x1c C:/ST/STM32CubeCLT/GNU-tools-for-STM32/bin/../lib/gcc/arm-none-eabi/11.3.1/../../../../arm-none-eabi/lib/thumb/v7-m/nofp\libc_nano.a(libc_a-memcpy-stub.o)
                0x0000000008002d74                memcpy
 .text.__assert_func
                0x0000000008002d90       0x3c C:/ST/STM32CubeCLT/GNU-tools-for-STM32/bin/../lib/gcc/arm-none-eabi/11.3.1/../../../../arm-none-eabi/lib/thumb/v7-m/nofp\libc_nano.a(libc_a-assert.o)
                0x0000000008002d90                __assert_func
 .text._calloc_r
                0x0000000008002dcc       0x28 C:/ST/STM32CubeCLT/GNU-tools-for-STM32/bin/../lib/gcc/arm-none-eabi/11.3.1/../../../../arm-none-eabi/lib/thumb/v7-m/nofp\libc_nano.a(libc_a-callocr.o)
                0x0000000008002dcc                _calloc_r
 .text.__ascii_mbtowc
                0x0000000008002df4       0x24 C:/ST/STM32CubeCLT/GNU-tools-for-STM32/bin/../lib/gcc/arm-none-eabi/11.3.1/../../../../arm-none-eabi/lib/thumb/v7-m/nofp\libc_nano.a(libc_a-mbtowc_r.o)
                0x0000000008002df4                __ascii_mbtowc
 .text.__ascii_wctomb
                0x0000000008002e18       0x1a C:/ST/STM32CubeCLT/GNU-tools-for-STM32/bin/../lib/gcc/arm-none-eabi/11.3.1/../../../../arm-none-eabi/lib/thumb/v7-m/nofp\libc_nano.a(libc_a-wctomb_r.o)
                0x0000000008002e18                __ascii_wctomb
 *fill*         0x0000000008002e32        0x2 
 .text.fprintf  0x0000000008002e34       0x24 C:/ST/STM32CubeCLT/GNU-tools-for-STM32/bin/../lib/gcc/arm-none-eabi/11.3.1/../../../../arm-none-eabi/lib/thumb/v7-m/nofp\libc_nano.a(libc_a-fprintf.o)
                0x0000000008002e34                fiprintf
                0x0000000008002e34                fprintf
 .text.abort    0x0000000008002e58        0xe C:/ST/STM32CubeCLT/GNU-tools-for-STM32/bin/../lib/gcc/arm-none-eabi/11.3.1/../../../../arm-none-eabi/lib/thumb/v7-m/nofp\libc_nano.a(libc_a-abort.o)
                0x0000000008002e58                abort
 .text.__sfputc_r
                0x0000000008002e66       0x2a C:/ST/STM32CubeCLT/GNU-tools-for-STM32/bin/../lib/gcc/arm-none-eabi/11.3.1/../../../../arm-none-eabi/lib/thumb/v7-m/nofp\libc_nano.a(libc_a-nano-vfprintf.o)
 .text.__sfputs_r
                0x0000000008002e90       0x24 C:/ST/STM32CubeCLT/GNU-tools-for-STM32/bin/../lib/gcc/arm-none-eabi/11.3.1/../../../../arm-none-eabi/lib/thumb/v7-m/nofp\libc_nano.a(libc_a-nano-vfprintf.o)
                0x0000000008002e90                __sfputs_r
 .text._vfprintf_r
                0x0000000008002eb4      0x234 C:/ST/STM32CubeCLT/GNU-tools-for-STM32/bin/../lib/gcc/arm-none-eabi/11.3.1/../../../../arm-none-eabi/lib/thumb/v7-m/nofp\libc_nano.a(libc_a-nano-vfprintf.o)
                0x0000000008002eb4                _vfprintf_r
                0x0000000008002eb4                _vfiprintf_r
 .text.__swbuf_r
                0x00000000080030e8       0x7a C:/ST/STM32CubeCLT/GNU-tools-for-STM32/bin/../lib/gcc/arm-none-eabi/11.3.1/../../../../arm-none-eabi/lib/thumb/v7-m/nofp\libc_nano.a(libc_a-wbuf.o)
                0x00000000080030e8                __swbuf_r
 *fill*         0x0000000008003162        0x2 
 .text.__swsetup_r
                0x0000000008003164       0xb0 C:/ST/STM32CubeCLT/GNU-tools-for-STM32/bin/../lib/gcc/arm-none-eabi/11.3.1/../../../../arm-none-eabi/lib/thumb/v7-m/nofp\libc_nano.a(libc_a-wsetup.o)
                0x0000000008003164                __swsetup_r
 .text._raise_r
                0x0000000008003214       0x50 C:/ST/STM32CubeCLT/GNU-tools-for-STM32/bin/../lib/gcc/arm-none-eabi/11.3.1/../../../../arm-none-eabi/lib/thumb/v7-m/nofp\libc_nano.a(libc_a-signal.o)
                0x0000000008003214                _raise_r
 .text.raise    0x0000000008003264       0x10 C:/ST/STM32CubeCLT/GNU-tools-for-STM32/bin/../lib/gcc/arm-none-eabi/11.3.1/../../../../arm-none-eabi/lib/thumb/v7-m/nofp\libc_nano.a(libc_a-signal.o)
                0x0000000008003264                raise
 .text._kill_r  0x0000000008003274       0x24 C:/ST/STM32CubeCLT/GNU-tools-for-STM32/bin/../lib/gcc/arm-none-eabi/11.3.1/../../../../arm-none-eabi/lib/thumb/v7-m/nofp\libc_nano.a(libc_a-signalr.o)
                0x0000000008003274                _kill_r
 .text._getpid_r
                0x0000000008003298        0x4 C:/ST/STM32CubeCLT/GNU-tools-for-STM32/bin/../lib/gcc/arm-none-eabi/11.3.1/../../../../arm-none-eabi/lib/thumb/v7-m/nofp\libc_nano.a(libc_a-signalr.o)
                0x0000000008003298                _getpid_r
 .text.__swhatbuf_r
                0x000000000800329c       0x4a C:/ST/STM32CubeCLT/GNU-tools-for-STM32/bin/../lib/gcc/arm-none-eabi/11.3.1/../../../../arm-none-eabi/lib/thumb/v7-m/nofp\libc_nano.a(libc_a-makebuf.o)
                0x000000000800329c                __swhatbuf_r
 .text.__smakebuf_r
                0x00000000080032e6       0x78 C:/ST/STM32CubeCLT/GNU-tools-for-STM32/bin/../lib/gcc/arm-none-eabi/11.3.1/../../../../arm-none-eabi/lib/thumb/v7-m/nofp\libc_nano.a(libc_a-makebuf.o)
                0x00000000080032e6                __smakebuf_r
 *fill*         0x000000000800335e        0x2 
 .text._fstat_r
                0x0000000008003360       0x24 C:/ST/STM32CubeCLT/GNU-tools-for-STM32/bin/../lib/gcc/arm-none-eabi/11.3.1/../../../../arm-none-eabi/lib/thumb/v7-m/nofp\libc_nano.a(libc_a-fstatr.o)
                0x0000000008003360                _fstat_r
 .text._isatty_r
                0x0000000008003384       0x20 C:/ST/STM32CubeCLT/GNU-tools-for-STM32/bin/../lib/gcc/arm-none-eabi/11.3.1/../../../../arm-none-eabi/lib/thumb/v7-m/nofp\libc_nano.a(libc_a-isattyr.o)
                0x0000000008003384                _isatty_r
 .text.sl_enter_critical
                0x00000000080033a4       0x10 CMakeFiles/FW_PID_HEAT.dir/Middleware/SuperLoop/sl.c.obj
                0x00000000080033a4                sl_enter_critical
 .text.sl_leave_critical
                0x00000000080033b4       0x14 CMakeFiles/FW_PID_HEAT.dir/Middleware/SuperLoop/sl.c.obj
                0x00000000080033b4                sl_leave_critical
 .text.sl_1ms_clock
                0x00000000080033c8       0x50 CMakeFiles/FW_PID_HEAT.dir/Middleware/SuperLoop/sl.c.obj
                0x00000000080033c8                sl_1ms_clock
 .text.sl_init  0x0000000008003418       0x4c CMakeFiles/FW_PID_HEAT.dir/Middleware/SuperLoop/sl.c.obj
                0x0000000008003418                sl_init
 .text.sl_deinit
                0x0000000008003464       0x30 CMakeFiles/FW_PID_HEAT.dir/Middleware/SuperLoop/sl.c.obj
                0x0000000008003464                sl_deinit
 .text.sl_update
                0x0000000008003494       0x6c CMakeFiles/FW_PID_HEAT.dir/Middleware/SuperLoop/sl.c.obj
                0x0000000008003494                sl_update
 .text.hmi_1ms_clock
                0x0000000008003500        0x2 CMakeFiles/FW_PID_HEAT.dir/HMI/Src/hmi.c.obj
                0x0000000008003500                hmi_1ms_clock
 *fill*         0x0000000008003502        0x2 
 .text.hmi_init
                0x0000000008003504       0x18 CMakeFiles/FW_PID_HEAT.dir/HMI/Src/hmi.c.obj
                0x0000000008003504                hmi_init
 .text.hmi_update
                0x000000000800351c        0x2 CMakeFiles/FW_PID_HEAT.dir/HMI/Src/hmi.c.obj
                0x000000000800351c                hmi_update
 .text.hmi_deinit
                0x000000000800351e        0x2 CMakeFiles/FW_PID_HEAT.dir/HMI/Src/hmi.c.obj
                0x000000000800351e                hmi_deinit
 .text.vLCD_HD44780_Delay_ms
                0x0000000008003520        0x8 CMakeFiles/FW_PID_HEAT.dir/HD44780/LCD_HD44780.c.obj
 .text.vLCD_HD44780_Delay_us
                0x0000000008003528       0x84 CMakeFiles/FW_PID_HEAT.dir/HD44780/LCD_HD44780.c.obj
 .text.vLCD_HD44780_Cmd4bit
                0x00000000080035ac       0x74 CMakeFiles/FW_PID_HEAT.dir/HD44780/LCD_HD44780.c.obj
 .text.vLCD_HD44780_Cmd
                0x0000000008003620       0x2c CMakeFiles/FW_PID_HEAT.dir/HD44780/LCD_HD44780.c.obj
 .text.vLCD_HD44780_Data
                0x000000000800364c       0x2c CMakeFiles/FW_PID_HEAT.dir/HD44780/LCD_HD44780.c.obj
 .text.vLCD_HD44780_Clear
                0x0000000008003678       0x10 CMakeFiles/FW_PID_HEAT.dir/HD44780/LCD_HD44780.c.obj
                0x0000000008003678                vLCD_HD44780_Clear
 .text.vLCD_HD44780_DisplayOn
                0x0000000008003688       0x1c CMakeFiles/FW_PID_HEAT.dir/HD44780/LCD_HD44780.c.obj
                0x0000000008003688                vLCD_HD44780_DisplayOn
 .text.vLCD_HD44780_Init
                0x00000000080036a4       0x74 CMakeFiles/FW_PID_HEAT.dir/HD44780/LCD_HD44780.c.obj
                0x00000000080036a4                vLCD_HD44780_Init
 .text.vLCD_HD44780_CursorSet
                0x0000000008003718       0x3c CMakeFiles/FW_PID_HEAT.dir/HD44780/LCD_HD44780.c.obj
                0x0000000008003718                vLCD_HD44780_CursorSet
 .text.vLCD_HD44780_Puts
                0x0000000008003754       0x68 CMakeFiles/FW_PID_HEAT.dir/HD44780/LCD_HD44780.c.obj
                0x0000000008003754                vLCD_HD44780_Puts
 .text._sbrk    0x00000000080037bc       0x48 CMakeFiles/FW_PID_HEAT.dir/Core/Src/sysmem.c.obj
                0x00000000080037bc                _sbrk
 .text.SystemInit
                0x0000000008003804        0x2 CMakeFiles/FW_PID_HEAT.dir/Core/Src/system_stm32f1xx.c.obj
                0x0000000008003804                SystemInit
 .text._getpid  0x0000000008003806        0x4 CMakeFiles/FW_PID_HEAT.dir/Core/Src/syscalls.c.obj
                0x0000000008003806                _getpid
 .text._kill    0x000000000800380a       0x10 CMakeFiles/FW_PID_HEAT.dir/Core/Src/syscalls.c.obj
                0x000000000800380a                _kill
 .text._exit    0x000000000800381a        0xc CMakeFiles/FW_PID_HEAT.dir/Core/Src/syscalls.c.obj
                0x000000000800381a                _exit
 .text._read    0x0000000008003826       0x20 CMakeFiles/FW_PID_HEAT.dir/Core/Src/syscalls.c.obj
                0x0000000008003826                _read
 .text._write   0x0000000008003846       0x1c CMakeFiles/FW_PID_HEAT.dir/Core/Src/syscalls.c.obj
                0x0000000008003846                _write
 .text._close   0x0000000008003862        0x6 CMakeFiles/FW_PID_HEAT.dir/Core/Src/syscalls.c.obj
                0x0000000008003862                _close
 .text._fstat   0x0000000008003868        0xa CMakeFiles/FW_PID_HEAT.dir/Core/Src/syscalls.c.obj
                0x0000000008003868                _fstat
 .text._isatty  0x0000000008003872        0x4 CMakeFiles/FW_PID_HEAT.dir/Core/Src/syscalls.c.obj
                0x0000000008003872                _isatty
 .text._lseek   0x0000000008003876        0x4 CMakeFiles/FW_PID_HEAT.dir/Core/Src/syscalls.c.obj
                0x0000000008003876                _lseek
 .text.NMI_Handler
                0x000000000800387a        0x2 CMakeFiles/FW_PID_HEAT.dir/Core/Src/stm32f1xx_it.c.obj
                0x000000000800387a                NMI_Handler
 .text.HardFault_Handler
                0x000000000800387c        0x2 CMakeFiles/FW_PID_HEAT.dir/Core/Src/stm32f1xx_it.c.obj
                0x000000000800387c                HardFault_Handler
 .text.MemManage_Handler
                0x000000000800387e        0x2 CMakeFiles/FW_PID_HEAT.dir/Core/Src/stm32f1xx_it.c.obj
                0x000000000800387e                MemManage_Handler
 .text.BusFault_Handler
                0x0000000008003880        0x2 CMakeFiles/FW_PID_HEAT.dir/Core/Src/stm32f1xx_it.c.obj
                0x0000000008003880                BusFault_Handler
 .text.UsageFault_Handler
                0x0000000008003882        0x2 CMakeFiles/FW_PID_HEAT.dir/Core/Src/stm32f1xx_it.c.obj
                0x0000000008003882                UsageFault_Handler
 .text.SVC_Handler
                0x0000000008003884        0x2 CMakeFiles/FW_PID_HEAT.dir/Core/Src/stm32f1xx_it.c.obj
                0x0000000008003884                SVC_Handler
 .text.DebugMon_Handler
                0x0000000008003886        0x2 CMakeFiles/FW_PID_HEAT.dir/Core/Src/stm32f1xx_it.c.obj
                0x0000000008003886                DebugMon_Handler
 .text.PendSV_Handler
                0x0000000008003888        0x2 CMakeFiles/FW_PID_HEAT.dir/Core/Src/stm32f1xx_it.c.obj
                0x0000000008003888                PendSV_Handler
 .text.SysTick_Handler
                0x000000000800388a        0xc CMakeFiles/FW_PID_HEAT.dir/Core/Src/stm32f1xx_it.c.obj
                0x000000000800388a                SysTick_Handler
 *fill*         0x0000000008003896        0x2 
 .text.HAL_MspInit
                0x0000000008003898       0x44 CMakeFiles/FW_PID_HEAT.dir/Core/Src/stm32f1xx_hal_msp.c.obj
                0x0000000008003898                HAL_MspInit
 .text.MX_GPIO_Init
                0x00000000080038dc       0xdc CMakeFiles/FW_PID_HEAT.dir/Core/Src/main.c.obj
 .text.Error_Handler
                0x00000000080039b8        0x4 CMakeFiles/FW_PID_HEAT.dir/Core/Src/main.c.obj
                0x00000000080039b8                Error_Handler
 .text.SystemClock_Config
                0x00000000080039bc       0x64 CMakeFiles/FW_PID_HEAT.dir/Core/Src/main.c.obj
                0x00000000080039bc                SystemClock_Config
 .text.main     0x0000000008003a20       0x2c CMakeFiles/FW_PID_HEAT.dir/Core/Src/main.c.obj
                0x0000000008003a20                main
 .text.HAL_NVIC_SetPriorityGrouping
                0x0000000008003a4c       0x24 CMakeFiles/FW_PID_HEAT.dir/Drivers/STM32F1xx_HAL_Driver/Src/stm32f1xx_hal_cortex.c.obj
                0x0000000008003a4c                HAL_NVIC_SetPriorityGrouping
 .text.HAL_NVIC_SetPriority
                0x0000000008003a70       0x70 CMakeFiles/FW_PID_HEAT.dir/Drivers/STM32F1xx_HAL_Driver/Src/stm32f1xx_hal_cortex.c.obj
                0x0000000008003a70                HAL_NVIC_SetPriority
 .text.HAL_SYSTICK_Config
                0x0000000008003ae0       0x28 CMakeFiles/FW_PID_HEAT.dir/Drivers/STM32F1xx_HAL_Driver/Src/stm32f1xx_hal_cortex.c.obj
                0x0000000008003ae0                HAL_SYSTICK_Config
 .text.HAL_GPIO_Init
                0x0000000008003b08      0x224 CMakeFiles/FW_PID_HEAT.dir/Drivers/STM32F1xx_HAL_Driver/Src/stm32f1xx_hal_gpio.c.obj
                0x0000000008003b08                HAL_GPIO_Init
 .text.HAL_GPIO_WritePin
                0x0000000008003d2c        0xc CMakeFiles/FW_PID_HEAT.dir/Drivers/STM32F1xx_HAL_Driver/Src/stm32f1xx_hal_gpio.c.obj
                0x0000000008003d2c                HAL_GPIO_WritePin
 .text.HAL_GPIO_TogglePin
                0x0000000008003d38       0x12 CMakeFiles/FW_PID_HEAT.dir/Drivers/STM32F1xx_HAL_Driver/Src/stm32f1xx_hal_gpio.c.obj
                0x0000000008003d38                HAL_GPIO_TogglePin
 *fill*         0x0000000008003d4a        0x2 
 .text.RCC_Delay
                0x0000000008003d4c       0x2c CMakeFiles/FW_PID_HEAT.dir/Drivers/STM32F1xx_HAL_Driver/Src/stm32f1xx_hal_rcc.c.obj
 .text.HAL_RCC_OscConfig
                0x0000000008003d78      0x410 CMakeFiles/FW_PID_HEAT.dir/Drivers/STM32F1xx_HAL_Driver/Src/stm32f1xx_hal_rcc.c.obj
                0x0000000008003d78                HAL_RCC_OscConfig
 .text.HAL_RCC_GetSysClockFreq
                0x0000000008004188       0x54 CMakeFiles/FW_PID_HEAT.dir/Drivers/STM32F1xx_HAL_Driver/Src/stm32f1xx_hal_rcc.c.obj
                0x0000000008004188                HAL_RCC_GetSysClockFreq
 .text.HAL_RCC_ClockConfig
                0x00000000080041dc      0x16c CMakeFiles/FW_PID_HEAT.dir/Drivers/STM32F1xx_HAL_Driver/Src/stm32f1xx_hal_rcc.c.obj
                0x00000000080041dc                HAL_RCC_ClockConfig
 .text.HAL_InitTick
                0x0000000008004348       0x4c CMakeFiles/FW_PID_HEAT.dir/Drivers/STM32F1xx_HAL_Driver/Src/stm32f1xx_hal.c.obj
                0x0000000008004348                HAL_InitTick
 .text.HAL_Init
                0x0000000008004394       0x24 CMakeFiles/FW_PID_HEAT.dir/Drivers/STM32F1xx_HAL_Driver/Src/stm32f1xx_hal.c.obj
                0x0000000008004394                HAL_Init
 .text.HAL_IncTick
                0x00000000080043b8       0x18 CMakeFiles/FW_PID_HEAT.dir/Drivers/STM32F1xx_HAL_Driver/Src/stm32f1xx_hal.c.obj
                0x00000000080043b8                HAL_IncTick
 .text.HAL_GetTick
                0x00000000080043d0        0xc CMakeFiles/FW_PID_HEAT.dir/Drivers/STM32F1xx_HAL_Driver/Src/stm32f1xx_hal.c.obj
                0x00000000080043d0                HAL_GetTick
 .text.HAL_Delay
                0x00000000080043dc       0x28 CMakeFiles/FW_PID_HEAT.dir/Drivers/STM32F1xx_HAL_Driver/Src/stm32f1xx_hal.c.obj
                0x00000000080043dc                HAL_Delay
 .text.Reset_Handler
                0x0000000008004404       0x48 CMakeFiles/FW_PID_HEAT.dir/Core/Startup/startup_stm32f103c8tx.s.obj
                0x0000000008004404                Reset_Handler
 .text.Default_Handler
                0x000000000800444c        0x2 CMakeFiles/FW_PID_HEAT.dir/Core/Startup/startup_stm32f103c8tx.s.obj
                0x000000000800444c                RTC_Alarm_IRQHandler
                0x000000000800444c                EXTI2_IRQHandler
                0x000000000800444c                TIM1_CC_IRQHandler
                0x000000000800444c                PVD_IRQHandler
                0x000000000800444c                EXTI3_IRQHandler
                0x000000000800444c                EXTI0_IRQHandler
                0x000000000800444c                I2C2_EV_IRQHandler
                0x000000000800444c                ADC1_2_IRQHandler
                0x000000000800444c                SPI1_IRQHandler
                0x000000000800444c                TAMPER_IRQHandler
                0x000000000800444c                DMA1_Channel4_IRQHandler
                0x000000000800444c                USART3_IRQHandler
                0x000000000800444c                RTC_IRQHandler
                0x000000000800444c                DMA1_Channel7_IRQHandler
                0x000000000800444c                CAN1_RX1_IRQHandler
                0x000000000800444c                TIM4_IRQHandler
                0x000000000800444c                I2C1_EV_IRQHandler
                0x000000000800444c                DMA1_Channel6_IRQHandler
                0x000000000800444c                TIM3_IRQHandler
                0x000000000800444c                RCC_IRQHandler
                0x000000000800444c                TIM1_TRG_COM_IRQHandler
                0x000000000800444c                DMA1_Channel1_IRQHandler
                0x000000000800444c                Default_Handler
                0x000000000800444c                EXTI15_10_IRQHandler
                0x000000000800444c                EXTI9_5_IRQHandler
                0x000000000800444c                SPI2_IRQHandler
                0x000000000800444c                DMA1_Channel5_IRQHandler
                0x000000000800444c                EXTI4_IRQHandler
                0x000000000800444c                USB_LP_CAN1_RX0_IRQHandler
                0x000000000800444c                USB_HP_CAN1_TX_IRQHandler
                0x000000000800444c                DMA1_Channel3_IRQHandler
                0x000000000800444c                TIM1_UP_IRQHandler
                0x000000000800444c                WWDG_IRQHandler
                0x000000000800444c                TIM2_IRQHandler
                0x000000000800444c                TIM1_BRK_IRQHandler
                0x000000000800444c                EXTI1_IRQHandler
                0x000000000800444c                USART2_IRQHandler
                0x000000000800444c                I2C2_ER_IRQHandler
                0x000000000800444c                DMA1_Channel2_IRQHandler
                0x000000000800444c                CAN1_SCE_IRQHandler
                0x000000000800444c                FLASH_IRQHandler
                0x000000000800444c                USART1_IRQHandler
                0x000000000800444c                I2C1_ER_IRQHandler
                0x000000000800444c                USBWakeUp_IRQHandler
 *fill*         0x000000000800444e        0x2 
 .text.__errno  0x0000000008004450        0xc C:/ST/STM32CubeCLT/GNU-tools-for-STM32/bin/../lib/gcc/arm-none-eabi/11.3.1/../../../../arm-none-eabi/lib/thumb/v7-m/nofp\libg_nano.a(libc_a-errno.o)
                0x0000000008004450                __errno
 *(.glue_7)
 .glue_7        0x000000000800445c        0x0 linker stubs
 *(.glue_7t)
 .glue_7t       0x000000000800445c        0x0 linker stubs
 *(.eh_frame)
 .eh_frame      0x000000000800445c        0x0 C:/ST/STM32CubeCLT/GNU-tools-for-STM32/bin/../lib/gcc/arm-none-eabi/11.3.1/thumb/v7-m/nofp/crtbegin.o
 *(.init)
 .init          0x000000000800445c        0x4 C:/ST/STM32CubeCLT/GNU-tools-for-STM32/bin/../lib/gcc/arm-none-eabi/11.3.1/thumb/v7-m/nofp/crti.o
                0x000000000800445c                _init
 .init          0x0000000008004460        0x8 C:/ST/STM32CubeCLT/GNU-tools-for-STM32/bin/../lib/gcc/arm-none-eabi/11.3.1/thumb/v7-m/nofp/crtn.o
 *(.fini)
 .fini          0x0000000008004468        0x4 C:/ST/STM32CubeCLT/GNU-tools-for-STM32/bin/../lib/gcc/arm-none-eabi/11.3.1/thumb/v7-m/nofp/crti.o
                0x0000000008004468                _fini
 .fini          0x000000000800446c        0x8 C:/ST/STM32CubeCLT/GNU-tools-for-STM32/bin/../lib/gcc/arm-none-eabi/11.3.1/thumb/v7-m/nofp/crtn.o
                0x0000000008004474                . = ALIGN (0x4)
                0x0000000008004474                _etext = .

.vfp11_veneer   0x0000000008004474        0x0
 .vfp11_veneer  0x0000000008004474        0x0 linker stubs

.v4_bx          0x0000000008004474        0x0
 .v4_bx         0x0000000008004474        0x0 linker stubs

.iplt           0x0000000008004474        0x0
 .iplt          0x0000000008004474        0x0 C:/ST/STM32CubeCLT/GNU-tools-for-STM32/bin/../lib/gcc/arm-none-eabi/11.3.1/thumb/v7-m/nofp/crtbegin.o

.rodata         0x0000000008004478      0x3c8
                0x0000000008004478                . = ALIGN (0x4)
 *(.rodata)
 *(.rodata*)
 .rodata._printf_float.str1.1
                0x0000000008004478       0x12 C:/ST/STM32CubeCLT/GNU-tools-for-STM32/bin/../lib/gcc/arm-none-eabi/11.3.1/../../../../arm-none-eabi/lib/thumb/v7-m/nofp\libc_nano.a(libc_a-nano-vfprintf_float.o)
 .rodata._printf_i.str1.1
                0x000000000800448a       0x22 C:/ST/STM32CubeCLT/GNU-tools-for-STM32/bin/../lib/gcc/arm-none-eabi/11.3.1/../../../../arm-none-eabi/lib/thumb/v7-m/nofp\libc_nano.a(libc_a-nano-vfprintf_i.o)
 .rodata._dtoa_r.str1.1
                0x00000000080044ac       0x8d C:/ST/STM32CubeCLT/GNU-tools-for-STM32/bin/../lib/gcc/arm-none-eabi/11.3.1/../../../../arm-none-eabi/lib/thumb/v7-m/nofp\libc_nano.a(libc_a-dtoa.o)
                                         0x8f (size before relaxing)
 .rodata._Balloc.str1.1
                0x0000000008004539       0x59 C:/ST/STM32CubeCLT/GNU-tools-for-STM32/bin/../lib/gcc/arm-none-eabi/11.3.1/../../../../arm-none-eabi/lib/thumb/v7-m/nofp\libc_nano.a(libc_a-mprec.o)
                                         0x70 (size before relaxing)
 .rodata.__multadd.str1.1
                0x0000000008004592       0x11 C:/ST/STM32CubeCLT/GNU-tools-for-STM32/bin/../lib/gcc/arm-none-eabi/11.3.1/../../../../arm-none-eabi/lib/thumb/v7-m/nofp\libc_nano.a(libc_a-mprec.o)
 *fill*         0x0000000008004592        0x6 
 .rodata.__mprec_bigtens
                0x0000000008004598       0x28 C:/ST/STM32CubeCLT/GNU-tools-for-STM32/bin/../lib/gcc/arm-none-eabi/11.3.1/../../../../arm-none-eabi/lib/thumb/v7-m/nofp\libc_nano.a(libc_a-mprec.o)
                0x0000000008004598                __mprec_bigtens
 .rodata.__mprec_tens
                0x00000000080045c0       0xc8 C:/ST/STM32CubeCLT/GNU-tools-for-STM32/bin/../lib/gcc/arm-none-eabi/11.3.1/../../../../arm-none-eabi/lib/thumb/v7-m/nofp\libc_nano.a(libc_a-mprec.o)
                0x00000000080045c0                __mprec_tens
 .rodata.p05.0  0x0000000008004688        0xc C:/ST/STM32CubeCLT/GNU-tools-for-STM32/bin/../lib/gcc/arm-none-eabi/11.3.1/../../../../arm-none-eabi/lib/thumb/v7-m/nofp\libc_nano.a(libc_a-mprec.o)
 .rodata._setlocale_r.str1.1
                0x0000000008004694        0x8 C:/ST/STM32CubeCLT/GNU-tools-for-STM32/bin/../lib/gcc/arm-none-eabi/11.3.1/../../../../arm-none-eabi/lib/thumb/v7-m/nofp\libc_nano.a(libc_a-locale.o)
                                          0x9 (size before relaxing)
 .rodata.str1.1
                0x000000000800469c        0x2 C:/ST/STM32CubeCLT/GNU-tools-for-STM32/bin/../lib/gcc/arm-none-eabi/11.3.1/../../../../arm-none-eabi/lib/thumb/v7-m/nofp\libc_nano.a(libc_a-locale.o)
 .rodata.__assert_func.str1.1
                0x000000000800469e       0x3c C:/ST/STM32CubeCLT/GNU-tools-for-STM32/bin/../lib/gcc/arm-none-eabi/11.3.1/../../../../arm-none-eabi/lib/thumb/v7-m/nofp\libc_nano.a(libc_a-assert.o)
                                         0x3d (size before relaxing)
 .rodata._ctype_
                0x00000000080046da      0x101 C:/ST/STM32CubeCLT/GNU-tools-for-STM32/bin/../lib/gcc/arm-none-eabi/11.3.1/../../../../arm-none-eabi/lib/thumb/v7-m/nofp\libc_nano.a(libc_a-ctype_.o)
                0x00000000080046da                _ctype_
 .rodata._vfprintf_r.str1.1
                0x00000000080047db       0x11 C:/ST/STM32CubeCLT/GNU-tools-for-STM32/bin/../lib/gcc/arm-none-eabi/11.3.1/../../../../arm-none-eabi/lib/thumb/v7-m/nofp\libc_nano.a(libc_a-nano-vfprintf.o)
 .rodata.sl_tasks_data_vector
                0x00000000080047ec       0x2c CMakeFiles/FW_PID_HEAT.dir/Middleware/SuperLoop/sl.c.obj
                0x00000000080047ec                sl_tasks_data_vector
 .rodata.hmi_init.str1.4
                0x0000000008004818        0x4 CMakeFiles/FW_PID_HEAT.dir/HMI/Src/hmi.c.obj
 .rodata.AHBPrescTable
                0x000000000800481c       0x10 CMakeFiles/FW_PID_HEAT.dir/Core/Src/system_stm32f1xx.c.obj
                0x000000000800481c                AHBPrescTable
 .rodata.aPLLMULFactorTable.1
                0x000000000800482c       0x10 CMakeFiles/FW_PID_HEAT.dir/Drivers/STM32F1xx_HAL_Driver/Src/stm32f1xx_hal_rcc.c.obj
 .rodata.aPredivFactorTable.0
                0x000000000800483c        0x2 CMakeFiles/FW_PID_HEAT.dir/Drivers/STM32F1xx_HAL_Driver/Src/stm32f1xx_hal_rcc.c.obj
                0x0000000008004840                . = ALIGN (0x4)
 *fill*         0x000000000800483e        0x2 

.ARM.extab      0x0000000008004840        0x0
                0x0000000008004840                . = ALIGN (0x4)
 *(.ARM.extab* .gnu.linkonce.armextab.*)
                0x0000000008004840                . = ALIGN (0x4)

.ARM            0x0000000008004840        0x0
                0x0000000008004840                . = ALIGN (0x4)
                0x0000000008004840                __exidx_start = .
 *(.ARM.exidx*)
                0x0000000008004840                __exidx_end = .
                0x0000000008004840                . = ALIGN (0x4)

.preinit_array  0x0000000008004840        0x0
                0x0000000008004840                . = ALIGN (0x4)
                0x0000000008004840                PROVIDE (__preinit_array_start = .)
 *(.preinit_array*)
                0x0000000008004840                PROVIDE (__preinit_array_end = .)
                0x0000000008004840                . = ALIGN (0x4)

.init_array     0x0000000008004840        0x4
                0x0000000008004840                . = ALIGN (0x4)
                0x0000000008004840                PROVIDE (__init_array_start = .)
 *(SORT_BY_NAME(.init_array.*))
 *(.init_array*)
 .init_array    0x0000000008004840        0x4 C:/ST/STM32CubeCLT/GNU-tools-for-STM32/bin/../lib/gcc/arm-none-eabi/11.3.1/thumb/v7-m/nofp/crtbegin.o
                0x0000000008004844                PROVIDE (__init_array_end = .)
                0x0000000008004844                . = ALIGN (0x4)

.fini_array     0x0000000008004844        0x4
                0x0000000008004844                . = ALIGN (0x4)
                [!provide]                        PROVIDE (__fini_array_start = .)
 *(SORT_BY_NAME(.fini_array.*))
 *(.fini_array*)
 .fini_array    0x0000000008004844        0x4 C:/ST/STM32CubeCLT/GNU-tools-for-STM32/bin/../lib/gcc/arm-none-eabi/11.3.1/thumb/v7-m/nofp/crtbegin.o
                [!provide]                        PROVIDE (__fini_array_end = .)
                0x0000000008004848                . = ALIGN (0x4)
                0x0000000008004848                _sidata = LOADADDR (.data)

.rel.dyn        0x0000000008004848        0x0
 .rel.iplt      0x0000000008004848        0x0 C:/ST/STM32CubeCLT/GNU-tools-for-STM32/bin/../lib/gcc/arm-none-eabi/11.3.1/thumb/v7-m/nofp/crtbegin.o

.data           0x0000000020000000      0x1d4 load address 0x0000000008004848
                0x0000000020000000                . = ALIGN (0x4)
                0x0000000020000000                _sdata = .
 *(.data)
 *(.data*)
 .data.__sglue  0x0000000020000000        0xc C:/ST/STM32CubeCLT/GNU-tools-for-STM32/bin/../lib/gcc/arm-none-eabi/11.3.1/../../../../arm-none-eabi/lib/thumb/v7-m/nofp\libc_nano.a(libc_a-findfp.o)
                0x0000000020000000                __sglue
 .data._impure_data
                0x000000002000000c       0x4c C:/ST/STM32CubeCLT/GNU-tools-for-STM32/bin/../lib/gcc/arm-none-eabi/11.3.1/../../../../arm-none-eabi/lib/thumb/v7-m/nofp\libc_nano.a(libc_a-impure.o)
                0x000000002000000c                _impure_data
 .data._impure_ptr
                0x0000000020000058        0x4 C:/ST/STM32CubeCLT/GNU-tools-for-STM32/bin/../lib/gcc/arm-none-eabi/11.3.1/../../../../arm-none-eabi/lib/thumb/v7-m/nofp\libc_nano.a(libc_a-impure.o)
                0x0000000020000058                _impure_ptr
 .data.__global_locale
                0x000000002000005c      0x16c C:/ST/STM32CubeCLT/GNU-tools-for-STM32/bin/../lib/gcc/arm-none-eabi/11.3.1/../../../../arm-none-eabi/lib/thumb/v7-m/nofp\libc_nano.a(libc_a-locale.o)
                0x000000002000005c                __global_locale
 .data.SystemCoreClock
                0x00000000200001c8        0x4 CMakeFiles/FW_PID_HEAT.dir/Core/Src/system_stm32f1xx.c.obj
                0x00000000200001c8                SystemCoreClock
 .data.uwTickFreq
                0x00000000200001cc        0x1 CMakeFiles/FW_PID_HEAT.dir/Drivers/STM32F1xx_HAL_Driver/Src/stm32f1xx_hal.c.obj
                0x00000000200001cc                uwTickFreq
 *fill*         0x00000000200001cd        0x3 
 .data.uwTickPrio
                0x00000000200001d0        0x4 CMakeFiles/FW_PID_HEAT.dir/Drivers/STM32F1xx_HAL_Driver/Src/stm32f1xx_hal.c.obj
                0x00000000200001d0                uwTickPrio
 *(.RamFunc)
 *(.RamFunc*)
                0x00000000200001d4                . = ALIGN (0x4)
                0x00000000200001d4                _edata = .

.igot.plt       0x00000000200001d4        0x0 load address 0x0000000008004a1c
 .igot.plt      0x00000000200001d4        0x0 C:/ST/STM32CubeCLT/GNU-tools-for-STM32/bin/../lib/gcc/arm-none-eabi/11.3.1/thumb/v7-m/nofp/crtbegin.o
                0x00000000200001d4                . = ALIGN (0x4)

.bss            0x00000000200001d4      0x188 load address 0x0000000008004a1c
                0x00000000200001d4                _sbss = .
                0x00000000200001d4                __bss_start__ = _sbss
 *(.bss)
 .bss           0x00000000200001d4       0x1c C:/ST/STM32CubeCLT/GNU-tools-for-STM32/bin/../lib/gcc/arm-none-eabi/11.3.1/thumb/v7-m/nofp/crtbegin.o
 *(.bss*)
 .bss.__sf      0x00000000200001f0      0x138 C:/ST/STM32CubeCLT/GNU-tools-for-STM32/bin/../lib/gcc/arm-none-eabi/11.3.1/../../../../arm-none-eabi/lib/thumb/v7-m/nofp\libc_nano.a(libc_a-findfp.o)
                0x00000000200001f0                __sf
 .bss.__stdio_exit_handler
                0x0000000020000328        0x4 C:/ST/STM32CubeCLT/GNU-tools-for-STM32/bin/../lib/gcc/arm-none-eabi/11.3.1/../../../../arm-none-eabi/lib/thumb/v7-m/nofp\libc_nano.a(libc_a-findfp.o)
                0x0000000020000328                __stdio_exit_handler
 .bss.errno     0x000000002000032c        0x4 C:/ST/STM32CubeCLT/GNU-tools-for-STM32/bin/../lib/gcc/arm-none-eabi/11.3.1/../../../../arm-none-eabi/lib/thumb/v7-m/nofp\libc_nano.a(libc_a-reent.o)
                0x000000002000032c                errno
 .bss.__lock___malloc_recursive_mutex
                0x0000000020000330        0x1 C:/ST/STM32CubeCLT/GNU-tools-for-STM32/bin/../lib/gcc/arm-none-eabi/11.3.1/../../../../arm-none-eabi/lib/thumb/v7-m/nofp\libc_nano.a(libc_a-lock.o)
                0x0000000020000330                __lock___malloc_recursive_mutex
 .bss.__lock___sfp_recursive_mutex
                0x0000000020000331        0x1 C:/ST/STM32CubeCLT/GNU-tools-for-STM32/bin/../lib/gcc/arm-none-eabi/11.3.1/../../../../arm-none-eabi/lib/thumb/v7-m/nofp\libc_nano.a(libc_a-lock.o)
                0x0000000020000331                __lock___sfp_recursive_mutex
 *fill*         0x0000000020000332        0x2 
 .bss.__malloc_free_list
                0x0000000020000334        0x4 C:/ST/STM32CubeCLT/GNU-tools-for-STM32/bin/../lib/gcc/arm-none-eabi/11.3.1/../../../../arm-none-eabi/lib/thumb/v7-m/nofp\libc_nano.a(libc_a-mallocr.o)
                0x0000000020000334                __malloc_free_list
 .bss.__malloc_sbrk_start
                0x0000000020000338        0x4 C:/ST/STM32CubeCLT/GNU-tools-for-STM32/bin/../lib/gcc/arm-none-eabi/11.3.1/../../../../arm-none-eabi/lib/thumb/v7-m/nofp\libc_nano.a(libc_a-mallocr.o)
                0x0000000020000338                __malloc_sbrk_start
 .bss.sl_data   0x000000002000033c        0xc CMakeFiles/FW_PID_HEAT.dir/Middleware/SuperLoop/sl.c.obj
 .bss.hmi_execution_rate_1ms_timer
                0x0000000020000348        0x4 CMakeFiles/FW_PID_HEAT.dir/HMI/Src/hmi.c.obj
                0x0000000020000348                hmi_execution_rate_1ms_timer
 .bss.LCD_HD44780_Opts
                0x000000002000034c        0x5 CMakeFiles/FW_PID_HEAT.dir/HD44780/LCD_HD44780.c.obj
 *fill*         0x0000000020000351        0x3 
 .bss.__sbrk_heap_end
                0x0000000020000354        0x4 CMakeFiles/FW_PID_HEAT.dir/Core/Src/sysmem.c.obj
 .bss.uwTick    0x0000000020000358        0x4 CMakeFiles/FW_PID_HEAT.dir/Drivers/STM32F1xx_HAL_Driver/Src/stm32f1xx_hal.c.obj
                0x0000000020000358                uwTick
 *(COMMON)
                0x000000002000035c                . = ALIGN (0x4)
                0x000000002000035c                _ebss = .
                0x000000002000035c                __bss_end__ = _ebss

._user_heap_stack
                0x000000002000035c      0x604 load address 0x0000000008004a1c
                0x0000000020000360                . = ALIGN (0x8)
 *fill*         0x000000002000035c        0x4 
                [!provide]                        PROVIDE (end = .)
                0x0000000020000360                PROVIDE (_end = .)
                0x0000000020000560                . = (. + _Min_Heap_Size)
 *fill*         0x0000000020000360      0x200 
                0x0000000020000960                . = (. + _Min_Stack_Size)
 *fill*         0x0000000020000560      0x400 
                0x0000000020000960                . = ALIGN (0x8)

/DISCARD/
 libc.a(*)
 libm.a(*)
 libgcc.a(*)

.ARM.attributes
                0x0000000000000000       0x29
 *(.ARM.attributes)
 .ARM.attributes
                0x0000000000000000       0x1d C:/ST/STM32CubeCLT/GNU-tools-for-STM32/bin/../lib/gcc/arm-none-eabi/11.3.1/thumb/v7-m/nofp/crti.o
 .ARM.attributes
                0x000000000000001d       0x2d C:/ST/STM32CubeCLT/GNU-tools-for-STM32/bin/../lib/gcc/arm-none-eabi/11.3.1/thumb/v7-m/nofp/crtbegin.o
 .ARM.attributes
                0x000000000000004a       0x2d C:/ST/STM32CubeCLT/GNU-tools-for-STM32/bin/../lib/gcc/arm-none-eabi/11.3.1/../../../../arm-none-eabi/lib/thumb/v7-m/nofp\libc_nano.a(libc_a-nano-vfprintf_float.o)
 .ARM.attributes
                0x0000000000000077       0x2d C:/ST/STM32CubeCLT/GNU-tools-for-STM32/bin/../lib/gcc/arm-none-eabi/11.3.1/../../../../arm-none-eabi/lib/thumb/v7-m/nofp\libc_nano.a(libc_a-nano-vfprintf_i.o)
 .ARM.attributes
                0x00000000000000a4       0x2d C:/ST/STM32CubeCLT/GNU-tools-for-STM32/bin/../lib/gcc/arm-none-eabi/11.3.1/../../../../arm-none-eabi/lib/thumb/v7-m/nofp\libc_nano.a(libc_a-findfp.o)
 .ARM.attributes
                0x00000000000000d1       0x2d C:/ST/STM32CubeCLT/GNU-tools-for-STM32/bin/../lib/gcc/arm-none-eabi/11.3.1/../../../../arm-none-eabi/lib/thumb/v7-m/nofp\libc_nano.a(libc_a-fwalk.o)
 .ARM.attributes
                0x00000000000000fe       0x2d C:/ST/STM32CubeCLT/GNU-tools-for-STM32/bin/../lib/gcc/arm-none-eabi/11.3.1/../../../../arm-none-eabi/lib/thumb/v7-m/nofp\libc_nano.a(libc_a-stdio.o)
 .ARM.attributes
                0x000000000000012b       0x2d C:/ST/STM32CubeCLT/GNU-tools-for-STM32/bin/../lib/gcc/arm-none-eabi/11.3.1/../../../../arm-none-eabi/lib/thumb/v7-m/nofp\libc_nano.a(libc_a-memset.o)
 .ARM.attributes
                0x0000000000000158       0x2d C:/ST/STM32CubeCLT/GNU-tools-for-STM32/bin/../lib/gcc/arm-none-eabi/11.3.1/../../../../arm-none-eabi/lib/thumb/v7-m/nofp\libc_nano.a(libc_a-localeconv.o)
 .ARM.attributes
                0x0000000000000185       0x2d C:/ST/STM32CubeCLT/GNU-tools-for-STM32/bin/../lib/gcc/arm-none-eabi/11.3.1/../../../../arm-none-eabi/lib/thumb/v7-m/nofp\libc_nano.a(libc_a-closer.o)
 .ARM.attributes
                0x00000000000001b2       0x2d C:/ST/STM32CubeCLT/GNU-tools-for-STM32/bin/../lib/gcc/arm-none-eabi/11.3.1/../../../../arm-none-eabi/lib/thumb/v7-m/nofp\libc_nano.a(libc_a-reent.o)
 .ARM.attributes
                0x00000000000001df       0x2d C:/ST/STM32CubeCLT/GNU-tools-for-STM32/bin/../lib/gcc/arm-none-eabi/11.3.1/../../../../arm-none-eabi/lib/thumb/v7-m/nofp\libc_nano.a(libc_a-impure.o)
 .ARM.attributes
                0x000000000000020c       0x2d C:/ST/STM32CubeCLT/GNU-tools-for-STM32/bin/../lib/gcc/arm-none-eabi/11.3.1/../../../../arm-none-eabi/lib/thumb/v7-m/nofp\libc_nano.a(libc_a-lseekr.o)
 .ARM.attributes
                0x0000000000000239       0x2d C:/ST/STM32CubeCLT/GNU-tools-for-STM32/bin/../lib/gcc/arm-none-eabi/11.3.1/../../../../arm-none-eabi/lib/thumb/v7-m/nofp\libc_nano.a(libc_a-readr.o)
 .ARM.attributes
                0x0000000000000266       0x2d C:/ST/STM32CubeCLT/GNU-tools-for-STM32/bin/../lib/gcc/arm-none-eabi/11.3.1/../../../../arm-none-eabi/lib/thumb/v7-m/nofp\libc_nano.a(libc_a-writer.o)
 .ARM.attributes
                0x0000000000000293       0x2d C:/ST/STM32CubeCLT/GNU-tools-for-STM32/bin/../lib/gcc/arm-none-eabi/11.3.1/../../../../arm-none-eabi/lib/thumb/v7-m/nofp\libc_nano.a(libc_a-init.o)
 .ARM.attributes
                0x00000000000002c0       0x2d C:/ST/STM32CubeCLT/GNU-tools-for-STM32/bin/../lib/gcc/arm-none-eabi/11.3.1/../../../../arm-none-eabi/lib/thumb/v7-m/nofp\libc_nano.a(libc_a-lock.o)
 .ARM.attributes
                0x00000000000002ed       0x2d C:/ST/STM32CubeCLT/GNU-tools-for-STM32/bin/../lib/gcc/arm-none-eabi/11.3.1/../../../../arm-none-eabi/lib/thumb/v7-m/nofp\libc_nano.a(libc_a-memchr-stub.o)
 .ARM.attributes
                0x000000000000031a       0x17 C:/ST/STM32CubeCLT/GNU-tools-for-STM32/bin/../lib/gcc/arm-none-eabi/11.3.1/../../../../arm-none-eabi/lib/thumb/v7-m/nofp\libc_nano.a(libc_a-strlen.o)
 .ARM.attributes
                0x0000000000000331       0x2d C:/ST/STM32CubeCLT/GNU-tools-for-STM32/bin/../lib/gcc/arm-none-eabi/11.3.1/../../../../arm-none-eabi/lib/thumb/v7-m/nofp\libc_nano.a(libc_a-dtoa.o)
 .ARM.attributes
                0x000000000000035e       0x2d C:/ST/STM32CubeCLT/GNU-tools-for-STM32/bin/../lib/gcc/arm-none-eabi/11.3.1/../../../../arm-none-eabi/lib/thumb/v7-m/nofp\libc_nano.a(libc_a-freer.o)
 .ARM.attributes
                0x000000000000038b       0x2d C:/ST/STM32CubeCLT/GNU-tools-for-STM32/bin/../lib/gcc/arm-none-eabi/11.3.1/../../../../arm-none-eabi/lib/thumb/v7-m/nofp\libc_nano.a(libc_a-malloc.o)
 .ARM.attributes
                0x00000000000003b8       0x2d C:/ST/STM32CubeCLT/GNU-tools-for-STM32/bin/../lib/gcc/arm-none-eabi/11.3.1/../../../../arm-none-eabi/lib/thumb/v7-m/nofp\libc_nano.a(libc_a-mallocr.o)
 .ARM.attributes
                0x00000000000003e5       0x2d C:/ST/STM32CubeCLT/GNU-tools-for-STM32/bin/../lib/gcc/arm-none-eabi/11.3.1/../../../../arm-none-eabi/lib/thumb/v7-m/nofp\libc_nano.a(libc_a-mlock.o)
 .ARM.attributes
                0x0000000000000412       0x2d C:/ST/STM32CubeCLT/GNU-tools-for-STM32/bin/../lib/gcc/arm-none-eabi/11.3.1/../../../../arm-none-eabi/lib/thumb/v7-m/nofp\libc_nano.a(libc_a-mprec.o)
 .ARM.attributes
                0x000000000000043f       0x2d C:/ST/STM32CubeCLT/GNU-tools-for-STM32/bin/../lib/gcc/arm-none-eabi/11.3.1/../../../../arm-none-eabi/lib/thumb/v7-m/nofp\libc_nano.a(libc_a-fflush.o)
 .ARM.attributes
                0x000000000000046c       0x2d C:/ST/STM32CubeCLT/GNU-tools-for-STM32/bin/../lib/gcc/arm-none-eabi/11.3.1/../../../../arm-none-eabi/lib/thumb/v7-m/nofp\libc_nano.a(libc_a-locale.o)
 .ARM.attributes
                0x0000000000000499       0x2d C:/ST/STM32CubeCLT/GNU-tools-for-STM32/bin/../lib/gcc/arm-none-eabi/11.3.1/../../../../arm-none-eabi/lib/thumb/v7-m/nofp\libc_nano.a(libc_a-sbrkr.o)
 .ARM.attributes
                0x00000000000004c6       0x2d C:/ST/STM32CubeCLT/GNU-tools-for-STM32/bin/../lib/gcc/arm-none-eabi/11.3.1/../../../../arm-none-eabi/lib/thumb/v7-m/nofp\libc_nano.a(libc_a-memcpy-stub.o)
 .ARM.attributes
                0x00000000000004f3       0x2d C:/ST/STM32CubeCLT/GNU-tools-for-STM32/bin/../lib/gcc/arm-none-eabi/11.3.1/../../../../arm-none-eabi/lib/thumb/v7-m/nofp\libc_nano.a(libc_a-assert.o)
 .ARM.attributes
                0x0000000000000520       0x2d C:/ST/STM32CubeCLT/GNU-tools-for-STM32/bin/../lib/gcc/arm-none-eabi/11.3.1/../../../../arm-none-eabi/lib/thumb/v7-m/nofp\libc_nano.a(libc_a-callocr.o)
 .ARM.attributes
                0x000000000000054d       0x2d C:/ST/STM32CubeCLT/GNU-tools-for-STM32/bin/../lib/gcc/arm-none-eabi/11.3.1/../../../../arm-none-eabi/lib/thumb/v7-m/nofp\libc_nano.a(libc_a-mbtowc_r.o)
 .ARM.attributes
                0x000000000000057a       0x2d C:/ST/STM32CubeCLT/GNU-tools-for-STM32/bin/../lib/gcc/arm-none-eabi/11.3.1/../../../../arm-none-eabi/lib/thumb/v7-m/nofp\libc_nano.a(libc_a-wctomb_r.o)
 .ARM.attributes
                0x00000000000005a7       0x2d C:/ST/STM32CubeCLT/GNU-tools-for-STM32/bin/../lib/gcc/arm-none-eabi/11.3.1/../../../../arm-none-eabi/lib/thumb/v7-m/nofp\libc_nano.a(libc_a-ctype_.o)
 .ARM.attributes
                0x00000000000005d4       0x2d C:/ST/STM32CubeCLT/GNU-tools-for-STM32/bin/../lib/gcc/arm-none-eabi/11.3.1/../../../../arm-none-eabi/lib/thumb/v7-m/nofp\libc_nano.a(libc_a-fprintf.o)
 .ARM.attributes
                0x0000000000000601       0x2d C:/ST/STM32CubeCLT/GNU-tools-for-STM32/bin/../lib/gcc/arm-none-eabi/11.3.1/../../../../arm-none-eabi/lib/thumb/v7-m/nofp\libc_nano.a(libc_a-abort.o)
 .ARM.attributes
                0x000000000000062e       0x2d C:/ST/STM32CubeCLT/GNU-tools-for-STM32/bin/../lib/gcc/arm-none-eabi/11.3.1/../../../../arm-none-eabi/lib/thumb/v7-m/nofp\libc_nano.a(libc_a-nano-vfprintf.o)
 .ARM.attributes
                0x000000000000065b       0x2d C:/ST/STM32CubeCLT/GNU-tools-for-STM32/bin/../lib/gcc/arm-none-eabi/11.3.1/../../../../arm-none-eabi/lib/thumb/v7-m/nofp\libc_nano.a(libc_a-wbuf.o)
 .ARM.attributes
                0x0000000000000688       0x2d C:/ST/STM32CubeCLT/GNU-tools-for-STM32/bin/../lib/gcc/arm-none-eabi/11.3.1/../../../../arm-none-eabi/lib/thumb/v7-m/nofp\libc_nano.a(libc_a-wsetup.o)
 .ARM.attributes
                0x00000000000006b5       0x2d C:/ST/STM32CubeCLT/GNU-tools-for-STM32/bin/../lib/gcc/arm-none-eabi/11.3.1/../../../../arm-none-eabi/lib/thumb/v7-m/nofp\libc_nano.a(libc_a-signal.o)
 .ARM.attributes
                0x00000000000006e2       0x2d C:/ST/STM32CubeCLT/GNU-tools-for-STM32/bin/../lib/gcc/arm-none-eabi/11.3.1/../../../../arm-none-eabi/lib/thumb/v7-m/nofp\libc_nano.a(libc_a-signalr.o)
 .ARM.attributes
                0x000000000000070f       0x2d C:/ST/STM32CubeCLT/GNU-tools-for-STM32/bin/../lib/gcc/arm-none-eabi/11.3.1/../../../../arm-none-eabi/lib/thumb/v7-m/nofp\libc_nano.a(libc_a-makebuf.o)
 .ARM.attributes
                0x000000000000073c       0x2d C:/ST/STM32CubeCLT/GNU-tools-for-STM32/bin/../lib/gcc/arm-none-eabi/11.3.1/../../../../arm-none-eabi/lib/thumb/v7-m/nofp\libc_nano.a(libc_a-fstatr.o)
 .ARM.attributes
                0x0000000000000769       0x2d C:/ST/STM32CubeCLT/GNU-tools-for-STM32/bin/../lib/gcc/arm-none-eabi/11.3.1/../../../../arm-none-eabi/lib/thumb/v7-m/nofp\libc_nano.a(libc_a-isattyr.o)
 .ARM.attributes
                0x0000000000000796       0x2d CMakeFiles/FW_PID_HEAT.dir/Middleware/SuperLoop/sl.c.obj
 .ARM.attributes
                0x00000000000007c3       0x2d CMakeFiles/FW_PID_HEAT.dir/HMI/Src/hmi.c.obj
 .ARM.attributes
                0x00000000000007f0       0x2d CMakeFiles/FW_PID_HEAT.dir/HD44780/LCD_HD44780.c.obj
 .ARM.attributes
                0x000000000000081d       0x2d CMakeFiles/FW_PID_HEAT.dir/Core/Src/sysmem.c.obj
 .ARM.attributes
                0x000000000000084a       0x2d CMakeFiles/FW_PID_HEAT.dir/Core/Src/system_stm32f1xx.c.obj
 .ARM.attributes
                0x0000000000000877       0x2d CMakeFiles/FW_PID_HEAT.dir/Core/Src/syscalls.c.obj
 .ARM.attributes
                0x00000000000008a4       0x2d CMakeFiles/FW_PID_HEAT.dir/Core/Src/stm32f1xx_it.c.obj
 .ARM.attributes
                0x00000000000008d1       0x2d CMakeFiles/FW_PID_HEAT.dir/Core/Src/stm32f1xx_hal_msp.c.obj
 .ARM.attributes
                0x00000000000008fe       0x2d CMakeFiles/FW_PID_HEAT.dir/Core/Src/main.c.obj
 .ARM.attributes
                0x000000000000092b       0x2d CMakeFiles/FW_PID_HEAT.dir/Drivers/STM32F1xx_HAL_Driver/Src/stm32f1xx_hal_cortex.c.obj
 .ARM.attributes
                0x0000000000000958       0x2d CMakeFiles/FW_PID_HEAT.dir/Drivers/STM32F1xx_HAL_Driver/Src/stm32f1xx_hal_gpio.c.obj
 .ARM.attributes
                0x0000000000000985       0x2d CMakeFiles/FW_PID_HEAT.dir/Drivers/STM32F1xx_HAL_Driver/Src/stm32f1xx_hal_rcc.c.obj
 .ARM.attributes
                0x00000000000009b2       0x2d CMakeFiles/FW_PID_HEAT.dir/Drivers/STM32F1xx_HAL_Driver/Src/stm32f1xx_hal.c.obj
 .ARM.attributes
                0x00000000000009df       0x21 CMakeFiles/FW_PID_HEAT.dir/Core/Startup/startup_stm32f103c8tx.s.obj
 .ARM.attributes
                0x0000000000000a00       0x1d C:/ST/STM32CubeCLT/GNU-tools-for-STM32/bin/../lib/gcc/arm-none-eabi/11.3.1/thumb/v7-m/nofp\libgcc.a(_arm_addsubdf3.o)
 .ARM.attributes
                0x0000000000000a1d       0x1d C:/ST/STM32CubeCLT/GNU-tools-for-STM32/bin/../lib/gcc/arm-none-eabi/11.3.1/thumb/v7-m/nofp\libgcc.a(_arm_muldivdf3.o)
 .ARM.attributes
                0x0000000000000a3a       0x1d C:/ST/STM32CubeCLT/GNU-tools-for-STM32/bin/../lib/gcc/arm-none-eabi/11.3.1/thumb/v7-m/nofp\libgcc.a(_arm_cmpdf2.o)
 .ARM.attributes
                0x0000000000000a57       0x1d C:/ST/STM32CubeCLT/GNU-tools-for-STM32/bin/../lib/gcc/arm-none-eabi/11.3.1/thumb/v7-m/nofp\libgcc.a(_arm_unorddf2.o)
 .ARM.attributes
                0x0000000000000a74       0x1d C:/ST/STM32CubeCLT/GNU-tools-for-STM32/bin/../lib/gcc/arm-none-eabi/11.3.1/thumb/v7-m/nofp\libgcc.a(_arm_fixdfsi.o)
 .ARM.attributes
                0x0000000000000a91       0x2d C:/ST/STM32CubeCLT/GNU-tools-for-STM32/bin/../lib/gcc/arm-none-eabi/11.3.1/../../../../arm-none-eabi/lib/thumb/v7-m/nofp\libg_nano.a(libc_a-errno.o)
 .ARM.attributes
                0x0000000000000abe       0x1d C:/ST/STM32CubeCLT/GNU-tools-for-STM32/bin/../lib/gcc/arm-none-eabi/11.3.1/thumb/v7-m/nofp/crtn.o
OUTPUT(FW_PID_HEAT.elf elf32-littlearm)
LOAD linker stubs
LOAD C:/ST/STM32CubeCLT/GNU-tools-for-STM32/bin/../lib/gcc/arm-none-eabi/11.3.1/../../../../arm-none-eabi/lib/thumb/v7-m/nofp\libc.a
LOAD C:/ST/STM32CubeCLT/GNU-tools-for-STM32/bin/../lib/gcc/arm-none-eabi/11.3.1/../../../../arm-none-eabi/lib/thumb/v7-m/nofp\libm.a
LOAD C:/ST/STM32CubeCLT/GNU-tools-for-STM32/bin/../lib/gcc/arm-none-eabi/11.3.1/thumb/v7-m/nofp\libgcc.a

.comment        0x0000000000000000       0x43
 .comment       0x0000000000000000       0x43 C:/ST/STM32CubeCLT/GNU-tools-for-STM32/bin/../lib/gcc/arm-none-eabi/11.3.1/thumb/v7-m/nofp/crtbegin.o
                                         0x44 (size before relaxing)
 .comment       0x0000000000000043       0x44 CMakeFiles/FW_PID_HEAT.dir/Middleware/SuperLoop/sl.c.obj
 .comment       0x0000000000000043       0x44 CMakeFiles/FW_PID_HEAT.dir/HMI/Src/hmi.c.obj
 .comment       0x0000000000000043       0x44 CMakeFiles/FW_PID_HEAT.dir/HD44780/LCD_HD44780.c.obj
 .comment       0x0000000000000043       0x44 CMakeFiles/FW_PID_HEAT.dir/Core/Src/sysmem.c.obj
 .comment       0x0000000000000043       0x44 CMakeFiles/FW_PID_HEAT.dir/Core/Src/system_stm32f1xx.c.obj
 .comment       0x0000000000000043       0x44 CMakeFiles/FW_PID_HEAT.dir/Core/Src/syscalls.c.obj
 .comment       0x0000000000000043       0x44 CMakeFiles/FW_PID_HEAT.dir/Core/Src/stm32f1xx_it.c.obj
 .comment       0x0000000000000043       0x44 CMakeFiles/FW_PID_HEAT.dir/Core/Src/stm32f1xx_hal_msp.c.obj
 .comment       0x0000000000000043       0x44 CMakeFiles/FW_PID_HEAT.dir/Core/Src/main.c.obj
 .comment       0x0000000000000043       0x44 CMakeFiles/FW_PID_HEAT.dir/Drivers/STM32F1xx_HAL_Driver/Src/stm32f1xx_hal_cortex.c.obj
 .comment       0x0000000000000043       0x44 CMakeFiles/FW_PID_HEAT.dir/Drivers/STM32F1xx_HAL_Driver/Src/stm32f1xx_hal_gpio.c.obj
 .comment       0x0000000000000043       0x44 CMakeFiles/FW_PID_HEAT.dir/Drivers/STM32F1xx_HAL_Driver/Src/stm32f1xx_hal_rcc.c.obj
 .comment       0x0000000000000043       0x44 CMakeFiles/FW_PID_HEAT.dir/Drivers/STM32F1xx_HAL_Driver/Src/stm32f1xx_hal.c.obj
 .comment       0x0000000000000043       0x44 C:/ST/STM32CubeCLT/GNU-tools-for-STM32/bin/../lib/gcc/arm-none-eabi/11.3.1/../../../../arm-none-eabi/lib/thumb/v7-m/nofp\libg_nano.a(libc_a-errno.o)

.debug_frame    0x0000000000000000     0x1be8
 .debug_frame   0x0000000000000000       0x94 C:/ST/STM32CubeCLT/GNU-tools-for-STM32/bin/../lib/gcc/arm-none-eabi/11.3.1/../../../../arm-none-eabi/lib/thumb/v7-m/nofp\libc_nano.a(libc_a-nano-vfprintf_float.o)
 .debug_frame   0x0000000000000094       0x60 C:/ST/STM32CubeCLT/GNU-tools-for-STM32/bin/../lib/gcc/arm-none-eabi/11.3.1/../../../../arm-none-eabi/lib/thumb/v7-m/nofp\libc_nano.a(libc_a-nano-vfprintf_i.o)
 .debug_frame   0x00000000000000f4      0x13c C:/ST/STM32CubeCLT/GNU-tools-for-STM32/bin/../lib/gcc/arm-none-eabi/11.3.1/../../../../arm-none-eabi/lib/thumb/v7-m/nofp\libc_nano.a(libc_a-findfp.o)
 .debug_frame   0x0000000000000230       0x34 C:/ST/STM32CubeCLT/GNU-tools-for-STM32/bin/../lib/gcc/arm-none-eabi/11.3.1/../../../../arm-none-eabi/lib/thumb/v7-m/nofp\libc_nano.a(libc_a-fwalk.o)
 .debug_frame   0x0000000000000264       0x88 C:/ST/STM32CubeCLT/GNU-tools-for-STM32/bin/../lib/gcc/arm-none-eabi/11.3.1/../../../../arm-none-eabi/lib/thumb/v7-m/nofp\libc_nano.a(libc_a-stdio.o)
 .debug_frame   0x00000000000002ec       0x20 C:/ST/STM32CubeCLT/GNU-tools-for-STM32/bin/../lib/gcc/arm-none-eabi/11.3.1/../../../../arm-none-eabi/lib/thumb/v7-m/nofp\libc_nano.a(libc_a-memset.o)
 .debug_frame   0x000000000000030c       0x40 C:/ST/STM32CubeCLT/GNU-tools-for-STM32/bin/../lib/gcc/arm-none-eabi/11.3.1/../../../../arm-none-eabi/lib/thumb/v7-m/nofp\libc_nano.a(libc_a-localeconv.o)
 .debug_frame   0x000000000000034c       0x2c C:/ST/STM32CubeCLT/GNU-tools-for-STM32/bin/../lib/gcc/arm-none-eabi/11.3.1/../../../../arm-none-eabi/lib/thumb/v7-m/nofp\libc_nano.a(libc_a-closer.o)
 .debug_frame   0x0000000000000378       0x38 C:/ST/STM32CubeCLT/GNU-tools-for-STM32/bin/../lib/gcc/arm-none-eabi/11.3.1/../../../../arm-none-eabi/lib/thumb/v7-m/nofp\libc_nano.a(libc_a-reent.o)
 .debug_frame   0x00000000000003b0       0x2c C:/ST/STM32CubeCLT/GNU-tools-for-STM32/bin/../lib/gcc/arm-none-eabi/11.3.1/../../../../arm-none-eabi/lib/thumb/v7-m/nofp\libc_nano.a(libc_a-lseekr.o)
 .debug_frame   0x00000000000003dc       0x2c C:/ST/STM32CubeCLT/GNU-tools-for-STM32/bin/../lib/gcc/arm-none-eabi/11.3.1/../../../../arm-none-eabi/lib/thumb/v7-m/nofp\libc_nano.a(libc_a-readr.o)
 .debug_frame   0x0000000000000408       0x2c C:/ST/STM32CubeCLT/GNU-tools-for-STM32/bin/../lib/gcc/arm-none-eabi/11.3.1/../../../../arm-none-eabi/lib/thumb/v7-m/nofp\libc_nano.a(libc_a-writer.o)
 .debug_frame   0x0000000000000434       0x2c C:/ST/STM32CubeCLT/GNU-tools-for-STM32/bin/../lib/gcc/arm-none-eabi/11.3.1/../../../../arm-none-eabi/lib/thumb/v7-m/nofp\libc_nano.a(libc_a-init.o)
 .debug_frame   0x0000000000000460       0xb0 C:/ST/STM32CubeCLT/GNU-tools-for-STM32/bin/../lib/gcc/arm-none-eabi/11.3.1/../../../../arm-none-eabi/lib/thumb/v7-m/nofp\libc_nano.a(libc_a-lock.o)
 .debug_frame   0x0000000000000510       0x28 C:/ST/STM32CubeCLT/GNU-tools-for-STM32/bin/../lib/gcc/arm-none-eabi/11.3.1/../../../../arm-none-eabi/lib/thumb/v7-m/nofp\libc_nano.a(libc_a-memchr-stub.o)
 .debug_frame   0x0000000000000538       0x6c C:/ST/STM32CubeCLT/GNU-tools-for-STM32/bin/../lib/gcc/arm-none-eabi/11.3.1/../../../../arm-none-eabi/lib/thumb/v7-m/nofp\libc_nano.a(libc_a-dtoa.o)
 .debug_frame   0x00000000000005a4       0x38 C:/ST/STM32CubeCLT/GNU-tools-for-STM32/bin/../lib/gcc/arm-none-eabi/11.3.1/../../../../arm-none-eabi/lib/thumb/v7-m/nofp\libc_nano.a(libc_a-freer.o)
 .debug_frame   0x00000000000005dc       0x30 C:/ST/STM32CubeCLT/GNU-tools-for-STM32/bin/../lib/gcc/arm-none-eabi/11.3.1/../../../../arm-none-eabi/lib/thumb/v7-m/nofp\libc_nano.a(libc_a-malloc.o)
 .debug_frame   0x000000000000060c       0x50 C:/ST/STM32CubeCLT/GNU-tools-for-STM32/bin/../lib/gcc/arm-none-eabi/11.3.1/../../../../arm-none-eabi/lib/thumb/v7-m/nofp\libc_nano.a(libc_a-mallocr.o)
 .debug_frame   0x000000000000065c       0x30 C:/ST/STM32CubeCLT/GNU-tools-for-STM32/bin/../lib/gcc/arm-none-eabi/11.3.1/../../../../arm-none-eabi/lib/thumb/v7-m/nofp\libc_nano.a(libc_a-mlock.o)
 .debug_frame   0x000000000000068c      0x24c C:/ST/STM32CubeCLT/GNU-tools-for-STM32/bin/../lib/gcc/arm-none-eabi/11.3.1/../../../../arm-none-eabi/lib/thumb/v7-m/nofp\libc_nano.a(libc_a-mprec.o)
 .debug_frame   0x00000000000008d8       0x5c C:/ST/STM32CubeCLT/GNU-tools-for-STM32/bin/../lib/gcc/arm-none-eabi/11.3.1/../../../../arm-none-eabi/lib/thumb/v7-m/nofp\libc_nano.a(libc_a-fflush.o)
 .debug_frame   0x0000000000000934       0x48 C:/ST/STM32CubeCLT/GNU-tools-for-STM32/bin/../lib/gcc/arm-none-eabi/11.3.1/../../../../arm-none-eabi/lib/thumb/v7-m/nofp\libc_nano.a(libc_a-locale.o)
 .debug_frame   0x000000000000097c       0x2c C:/ST/STM32CubeCLT/GNU-tools-for-STM32/bin/../lib/gcc/arm-none-eabi/11.3.1/../../../../arm-none-eabi/lib/thumb/v7-m/nofp\libc_nano.a(libc_a-sbrkr.o)
 .debug_frame   0x00000000000009a8       0x28 C:/ST/STM32CubeCLT/GNU-tools-for-STM32/bin/../lib/gcc/arm-none-eabi/11.3.1/../../../../arm-none-eabi/lib/thumb/v7-m/nofp\libc_nano.a(libc_a-memcpy-stub.o)
 .debug_frame   0x00000000000009d0       0x40 C:/ST/STM32CubeCLT/GNU-tools-for-STM32/bin/../lib/gcc/arm-none-eabi/11.3.1/../../../../arm-none-eabi/lib/thumb/v7-m/nofp\libc_nano.a(libc_a-assert.o)
 .debug_frame   0x0000000000000a10       0x2c C:/ST/STM32CubeCLT/GNU-tools-for-STM32/bin/../lib/gcc/arm-none-eabi/11.3.1/../../../../arm-none-eabi/lib/thumb/v7-m/nofp\libc_nano.a(libc_a-callocr.o)
 .debug_frame   0x0000000000000a3c       0x48 C:/ST/STM32CubeCLT/GNU-tools-for-STM32/bin/../lib/gcc/arm-none-eabi/11.3.1/../../../../arm-none-eabi/lib/thumb/v7-m/nofp\libc_nano.a(libc_a-mbtowc_r.o)
 .debug_frame   0x0000000000000a84       0x3c C:/ST/STM32CubeCLT/GNU-tools-for-STM32/bin/../lib/gcc/arm-none-eabi/11.3.1/../../../../arm-none-eabi/lib/thumb/v7-m/nofp\libc_nano.a(libc_a-wctomb_r.o)
 .debug_frame   0x0000000000000ac0       0x64 C:/ST/STM32CubeCLT/GNU-tools-for-STM32/bin/../lib/gcc/arm-none-eabi/11.3.1/../../../../arm-none-eabi/lib/thumb/v7-m/nofp\libc_nano.a(libc_a-fprintf.o)
 .debug_frame   0x0000000000000b24       0x28 C:/ST/STM32CubeCLT/GNU-tools-for-STM32/bin/../lib/gcc/arm-none-eabi/11.3.1/../../../../arm-none-eabi/lib/thumb/v7-m/nofp\libc_nano.a(libc_a-abort.o)
 .debug_frame   0x0000000000000b4c       0xa8 C:/ST/STM32CubeCLT/GNU-tools-for-STM32/bin/../lib/gcc/arm-none-eabi/11.3.1/../../../../arm-none-eabi/lib/thumb/v7-m/nofp\libc_nano.a(libc_a-nano-vfprintf.o)
 .debug_frame   0x0000000000000bf4       0x40 C:/ST/STM32CubeCLT/GNU-tools-for-STM32/bin/../lib/gcc/arm-none-eabi/11.3.1/../../../../arm-none-eabi/lib/thumb/v7-m/nofp\libc_nano.a(libc_a-wbuf.o)
 .debug_frame   0x0000000000000c34       0x2c C:/ST/STM32CubeCLT/GNU-tools-for-STM32/bin/../lib/gcc/arm-none-eabi/11.3.1/../../../../arm-none-eabi/lib/thumb/v7-m/nofp\libc_nano.a(libc_a-wsetup.o)
 .debug_frame   0x0000000000000c60       0xcc C:/ST/STM32CubeCLT/GNU-tools-for-STM32/bin/../lib/gcc/arm-none-eabi/11.3.1/../../../../arm-none-eabi/lib/thumb/v7-m/nofp\libc_nano.a(libc_a-signal.o)
 .debug_frame   0x0000000000000d2c       0x3c C:/ST/STM32CubeCLT/GNU-tools-for-STM32/bin/../lib/gcc/arm-none-eabi/11.3.1/../../../../arm-none-eabi/lib/thumb/v7-m/nofp\libc_nano.a(libc_a-signalr.o)
 .debug_frame   0x0000000000000d68       0x58 C:/ST/STM32CubeCLT/GNU-tools-for-STM32/bin/../lib/gcc/arm-none-eabi/11.3.1/../../../../arm-none-eabi/lib/thumb/v7-m/nofp\libc_nano.a(libc_a-makebuf.o)
 .debug_frame   0x0000000000000dc0       0x2c C:/ST/STM32CubeCLT/GNU-tools-for-STM32/bin/../lib/gcc/arm-none-eabi/11.3.1/../../../../arm-none-eabi/lib/thumb/v7-m/nofp\libc_nano.a(libc_a-fstatr.o)
 .debug_frame   0x0000000000000dec       0x2c C:/ST/STM32CubeCLT/GNU-tools-for-STM32/bin/../lib/gcc/arm-none-eabi/11.3.1/../../../../arm-none-eabi/lib/thumb/v7-m/nofp\libc_nano.a(libc_a-isattyr.o)
 .debug_frame   0x0000000000000e18       0xd0 CMakeFiles/FW_PID_HEAT.dir/Middleware/SuperLoop/sl.c.obj
 .debug_frame   0x0000000000000ee8       0x58 CMakeFiles/FW_PID_HEAT.dir/HMI/Src/hmi.c.obj
 .debug_frame   0x0000000000000f40      0x200 CMakeFiles/FW_PID_HEAT.dir/HD44780/LCD_HD44780.c.obj
 .debug_frame   0x0000000000001140       0x28 CMakeFiles/FW_PID_HEAT.dir/Core/Src/sysmem.c.obj
 .debug_frame   0x0000000000001168       0x30 CMakeFiles/FW_PID_HEAT.dir/Core/Src/system_stm32f1xx.c.obj
 .debug_frame   0x0000000000001198      0x190 CMakeFiles/FW_PID_HEAT.dir/Core/Src/syscalls.c.obj
 .debug_frame   0x0000000000001328       0xa8 CMakeFiles/FW_PID_HEAT.dir/Core/Src/stm32f1xx_it.c.obj
 .debug_frame   0x00000000000013d0       0x28 CMakeFiles/FW_PID_HEAT.dir/Core/Src/stm32f1xx_hal_msp.c.obj
 .debug_frame   0x00000000000013f8       0x80 CMakeFiles/FW_PID_HEAT.dir/Core/Src/main.c.obj
 .debug_frame   0x0000000000001478      0x118 CMakeFiles/FW_PID_HEAT.dir/Drivers/STM32F1xx_HAL_Driver/Src/stm32f1xx_hal_cortex.c.obj
 .debug_frame   0x0000000000001590       0xe4 CMakeFiles/FW_PID_HEAT.dir/Drivers/STM32F1xx_HAL_Driver/Src/stm32f1xx_hal_gpio.c.obj
 .debug_frame   0x0000000000001674      0x184 CMakeFiles/FW_PID_HEAT.dir/Drivers/STM32F1xx_HAL_Driver/Src/stm32f1xx_hal_rcc.c.obj
 .debug_frame   0x00000000000017f8      0x1cc CMakeFiles/FW_PID_HEAT.dir/Drivers/STM32F1xx_HAL_Driver/Src/stm32f1xx_hal.c.obj
 .debug_frame   0x00000000000019c4       0xac C:/ST/STM32CubeCLT/GNU-tools-for-STM32/bin/../lib/gcc/arm-none-eabi/11.3.1/thumb/v7-m/nofp\libgcc.a(_arm_addsubdf3.o)
 .debug_frame   0x0000000000001a70       0x50 C:/ST/STM32CubeCLT/GNU-tools-for-STM32/bin/../lib/gcc/arm-none-eabi/11.3.1/thumb/v7-m/nofp\libgcc.a(_arm_muldivdf3.o)
 .debug_frame   0x0000000000001ac0       0xc4 C:/ST/STM32CubeCLT/GNU-tools-for-STM32/bin/../lib/gcc/arm-none-eabi/11.3.1/thumb/v7-m/nofp\libgcc.a(_arm_cmpdf2.o)
 .debug_frame   0x0000000000001b84       0x20 C:/ST/STM32CubeCLT/GNU-tools-for-STM32/bin/../lib/gcc/arm-none-eabi/11.3.1/thumb/v7-m/nofp\libgcc.a(_arm_unorddf2.o)
 .debug_frame   0x0000000000001ba4       0x24 C:/ST/STM32CubeCLT/GNU-tools-for-STM32/bin/../lib/gcc/arm-none-eabi/11.3.1/thumb/v7-m/nofp\libgcc.a(_arm_fixdfsi.o)
 .debug_frame   0x0000000000001bc8       0x20 C:/ST/STM32CubeCLT/GNU-tools-for-STM32/bin/../lib/gcc/arm-none-eabi/11.3.1/../../../../arm-none-eabi/lib/thumb/v7-m/nofp\libg_nano.a(libc_a-errno.o)

.debug_info     0x0000000000000000     0x502b
 .debug_info    0x0000000000000000      0x4a0 CMakeFiles/FW_PID_HEAT.dir/Middleware/SuperLoop/sl.c.obj
 .debug_info    0x00000000000004a0      0x164 CMakeFiles/FW_PID_HEAT.dir/HMI/Src/hmi.c.obj
 .debug_info    0x0000000000000604      0x997 CMakeFiles/FW_PID_HEAT.dir/HD44780/LCD_HD44780.c.obj
 .debug_info    0x0000000000000f9b      0x175 CMakeFiles/FW_PID_HEAT.dir/Core/Src/sysmem.c.obj
 .debug_info    0x0000000000001110      0x231 CMakeFiles/FW_PID_HEAT.dir/Core/Src/system_stm32f1xx.c.obj
 .debug_info    0x0000000000001341      0x787 CMakeFiles/FW_PID_HEAT.dir/Core/Src/syscalls.c.obj
 .debug_info    0x0000000000001ac8      0x14a CMakeFiles/FW_PID_HEAT.dir/Core/Src/stm32f1xx_it.c.obj
 .debug_info    0x0000000000001c12      0x1f8 CMakeFiles/FW_PID_HEAT.dir/Core/Src/stm32f1xx_hal_msp.c.obj
 .debug_info    0x0000000000001e0a      0x6c2 CMakeFiles/FW_PID_HEAT.dir/Core/Src/main.c.obj
 .debug_info    0x00000000000024cc      0xcc9 CMakeFiles/FW_PID_HEAT.dir/Drivers/STM32F1xx_HAL_Driver/Src/stm32f1xx_hal_cortex.c.obj
 .debug_info    0x0000000000003195      0x608 CMakeFiles/FW_PID_HEAT.dir/Drivers/STM32F1xx_HAL_Driver/Src/stm32f1xx_hal_gpio.c.obj
 .debug_info    0x000000000000379d      0x9cb CMakeFiles/FW_PID_HEAT.dir/Drivers/STM32F1xx_HAL_Driver/Src/stm32f1xx_hal_rcc.c.obj
 .debug_info    0x0000000000004168      0x7a6 CMakeFiles/FW_PID_HEAT.dir/Drivers/STM32F1xx_HAL_Driver/Src/stm32f1xx_hal.c.obj
 .debug_info    0x000000000000490e       0x23 CMakeFiles/FW_PID_HEAT.dir/Core/Startup/startup_stm32f103c8tx.s.obj
 .debug_info    0x0000000000004931      0x6fa C:/ST/STM32CubeCLT/GNU-tools-for-STM32/bin/../lib/gcc/arm-none-eabi/11.3.1/../../../../arm-none-eabi/lib/thumb/v7-m/nofp\libg_nano.a(libc_a-errno.o)

.debug_abbrev   0x0000000000000000     0x1859
 .debug_abbrev  0x0000000000000000      0x1ca CMakeFiles/FW_PID_HEAT.dir/Middleware/SuperLoop/sl.c.obj
 .debug_abbrev  0x00000000000001ca       0xeb CMakeFiles/FW_PID_HEAT.dir/HMI/Src/hmi.c.obj
 .debug_abbrev  0x00000000000002b5      0x275 CMakeFiles/FW_PID_HEAT.dir/HD44780/LCD_HD44780.c.obj
 .debug_abbrev  0x000000000000052a       0xec CMakeFiles/FW_PID_HEAT.dir/Core/Src/sysmem.c.obj
 .debug_abbrev  0x0000000000000616      0x145 CMakeFiles/FW_PID_HEAT.dir/Core/Src/system_stm32f1xx.c.obj
 .debug_abbrev  0x000000000000075b      0x1c3 CMakeFiles/FW_PID_HEAT.dir/Core/Src/syscalls.c.obj
 .debug_abbrev  0x000000000000091e       0x9a CMakeFiles/FW_PID_HEAT.dir/Core/Src/stm32f1xx_it.c.obj
 .debug_abbrev  0x00000000000009b8       0xef CMakeFiles/FW_PID_HEAT.dir/Core/Src/stm32f1xx_hal_msp.c.obj
 .debug_abbrev  0x0000000000000aa7      0x22e CMakeFiles/FW_PID_HEAT.dir/Core/Src/main.c.obj
 .debug_abbrev  0x0000000000000cd5      0x34a CMakeFiles/FW_PID_HEAT.dir/Drivers/STM32F1xx_HAL_Driver/Src/stm32f1xx_hal_cortex.c.obj
 .debug_abbrev  0x000000000000101f      0x1f9 CMakeFiles/FW_PID_HEAT.dir/Drivers/STM32F1xx_HAL_Driver/Src/stm32f1xx_hal_gpio.c.obj
 .debug_abbrev  0x0000000000001218      0x2a2 CMakeFiles/FW_PID_HEAT.dir/Drivers/STM32F1xx_HAL_Driver/Src/stm32f1xx_hal_rcc.c.obj
 .debug_abbrev  0x00000000000014ba      0x22f CMakeFiles/FW_PID_HEAT.dir/Drivers/STM32F1xx_HAL_Driver/Src/stm32f1xx_hal.c.obj
 .debug_abbrev  0x00000000000016e9       0x12 CMakeFiles/FW_PID_HEAT.dir/Core/Startup/startup_stm32f103c8tx.s.obj
 .debug_abbrev  0x00000000000016fb      0x15e C:/ST/STM32CubeCLT/GNU-tools-for-STM32/bin/../lib/gcc/arm-none-eabi/11.3.1/../../../../arm-none-eabi/lib/thumb/v7-m/nofp\libg_nano.a(libc_a-errno.o)

.debug_loclists
                0x0000000000000000     0x12f9
 .debug_loclists
                0x0000000000000000       0xeb CMakeFiles/FW_PID_HEAT.dir/Middleware/SuperLoop/sl.c.obj
 .debug_loclists
                0x00000000000000eb      0x242 CMakeFiles/FW_PID_HEAT.dir/HD44780/LCD_HD44780.c.obj
 .debug_loclists
                0x000000000000032d       0x46 CMakeFiles/FW_PID_HEAT.dir/Core/Src/sysmem.c.obj
 .debug_loclists
                0x0000000000000373       0xa5 CMakeFiles/FW_PID_HEAT.dir/Core/Src/system_stm32f1xx.c.obj
 .debug_loclists
                0x0000000000000418      0x25b CMakeFiles/FW_PID_HEAT.dir/Core/Src/syscalls.c.obj
 .debug_loclists
                0x0000000000000673       0x17 CMakeFiles/FW_PID_HEAT.dir/Core/Src/stm32f1xx_hal_msp.c.obj
 .debug_loclists
                0x000000000000068a      0x4c4 CMakeFiles/FW_PID_HEAT.dir/Drivers/STM32F1xx_HAL_Driver/Src/stm32f1xx_hal_cortex.c.obj
 .debug_loclists
                0x0000000000000b4e      0x2ea CMakeFiles/FW_PID_HEAT.dir/Drivers/STM32F1xx_HAL_Driver/Src/stm32f1xx_hal_gpio.c.obj
 .debug_loclists
                0x0000000000000e38      0x3f8 CMakeFiles/FW_PID_HEAT.dir/Drivers/STM32F1xx_HAL_Driver/Src/stm32f1xx_hal_rcc.c.obj
 .debug_loclists
                0x0000000000001230       0xc9 CMakeFiles/FW_PID_HEAT.dir/Drivers/STM32F1xx_HAL_Driver/Src/stm32f1xx_hal.c.obj

.debug_aranges  0x0000000000000000      0x598
 .debug_aranges
                0x0000000000000000       0x60 CMakeFiles/FW_PID_HEAT.dir/Middleware/SuperLoop/sl.c.obj
 .debug_aranges
                0x0000000000000060       0x38 CMakeFiles/FW_PID_HEAT.dir/HMI/Src/hmi.c.obj
 .debug_aranges
                0x0000000000000098       0xb8 CMakeFiles/FW_PID_HEAT.dir/HD44780/LCD_HD44780.c.obj
 .debug_aranges
                0x0000000000000150       0x20 CMakeFiles/FW_PID_HEAT.dir/Core/Src/sysmem.c.obj
 .debug_aranges
                0x0000000000000170       0x28 CMakeFiles/FW_PID_HEAT.dir/Core/Src/system_stm32f1xx.c.obj
 .debug_aranges
                0x0000000000000198       0xa8 CMakeFiles/FW_PID_HEAT.dir/Core/Src/syscalls.c.obj
 .debug_aranges
                0x0000000000000240       0x60 CMakeFiles/FW_PID_HEAT.dir/Core/Src/stm32f1xx_it.c.obj
 .debug_aranges
                0x00000000000002a0       0x20 CMakeFiles/FW_PID_HEAT.dir/Core/Src/stm32f1xx_hal_msp.c.obj
 .debug_aranges
                0x00000000000002c0       0x38 CMakeFiles/FW_PID_HEAT.dir/Core/Src/main.c.obj
 .debug_aranges
                0x00000000000002f8       0x90 CMakeFiles/FW_PID_HEAT.dir/Drivers/STM32F1xx_HAL_Driver/Src/stm32f1xx_hal_cortex.c.obj
 .debug_aranges
                0x0000000000000388       0x58 CMakeFiles/FW_PID_HEAT.dir/Drivers/STM32F1xx_HAL_Driver/Src/stm32f1xx_hal_gpio.c.obj
 .debug_aranges
                0x00000000000003e0       0x90 CMakeFiles/FW_PID_HEAT.dir/Drivers/STM32F1xx_HAL_Driver/Src/stm32f1xx_hal_rcc.c.obj
 .debug_aranges
                0x0000000000000470       0xe0 CMakeFiles/FW_PID_HEAT.dir/Drivers/STM32F1xx_HAL_Driver/Src/stm32f1xx_hal.c.obj
 .debug_aranges
                0x0000000000000550       0x28 CMakeFiles/FW_PID_HEAT.dir/Core/Startup/startup_stm32f103c8tx.s.obj
 .debug_aranges
                0x0000000000000578       0x20 C:/ST/STM32CubeCLT/GNU-tools-for-STM32/bin/../lib/gcc/arm-none-eabi/11.3.1/../../../../arm-none-eabi/lib/thumb/v7-m/nofp\libg_nano.a(libc_a-errno.o)

.debug_rnglists
                0x0000000000000000      0x441
 .debug_rnglists
                0x0000000000000000       0x52 CMakeFiles/FW_PID_HEAT.dir/Middleware/SuperLoop/sl.c.obj
 .debug_rnglists
                0x0000000000000052       0x25 CMakeFiles/FW_PID_HEAT.dir/HMI/Src/hmi.c.obj
 .debug_rnglists
                0x0000000000000077       0x86 CMakeFiles/FW_PID_HEAT.dir/HD44780/LCD_HD44780.c.obj
 .debug_rnglists
                0x00000000000000fd       0x13 CMakeFiles/FW_PID_HEAT.dir/Core/Src/sysmem.c.obj
 .debug_rnglists
                0x0000000000000110       0x1a CMakeFiles/FW_PID_HEAT.dir/Core/Src/system_stm32f1xx.c.obj
 .debug_rnglists
                0x000000000000012a       0x79 CMakeFiles/FW_PID_HEAT.dir/Core/Src/syscalls.c.obj
 .debug_rnglists
                0x00000000000001a3       0x43 CMakeFiles/FW_PID_HEAT.dir/Core/Src/stm32f1xx_it.c.obj
 .debug_rnglists
                0x00000000000001e6       0x13 CMakeFiles/FW_PID_HEAT.dir/Core/Src/stm32f1xx_hal_msp.c.obj
 .debug_rnglists
                0x00000000000001f9       0x26 CMakeFiles/FW_PID_HEAT.dir/Core/Src/main.c.obj
 .debug_rnglists
                0x000000000000021f       0x97 CMakeFiles/FW_PID_HEAT.dir/Drivers/STM32F1xx_HAL_Driver/Src/stm32f1xx_hal_cortex.c.obj
 .debug_rnglists
                0x00000000000002b6       0x3f CMakeFiles/FW_PID_HEAT.dir/Drivers/STM32F1xx_HAL_Driver/Src/stm32f1xx_hal_gpio.c.obj
 .debug_rnglists
                0x00000000000002f5       0x7d CMakeFiles/FW_PID_HEAT.dir/Drivers/STM32F1xx_HAL_Driver/Src/stm32f1xx_hal_rcc.c.obj
 .debug_rnglists
                0x0000000000000372       0xa3 CMakeFiles/FW_PID_HEAT.dir/Drivers/STM32F1xx_HAL_Driver/Src/stm32f1xx_hal.c.obj
 .debug_rnglists
                0x0000000000000415       0x19 CMakeFiles/FW_PID_HEAT.dir/Core/Startup/startup_stm32f103c8tx.s.obj
 .debug_rnglists
                0x000000000000042e       0x13 C:/ST/STM32CubeCLT/GNU-tools-for-STM32/bin/../lib/gcc/arm-none-eabi/11.3.1/../../../../arm-none-eabi/lib/thumb/v7-m/nofp\libg_nano.a(libc_a-errno.o)

.debug_macro    0x0000000000000000    0x16c90
 .debug_macro   0x0000000000000000      0x284 CMakeFiles/FW_PID_HEAT.dir/Middleware/SuperLoop/sl.c.obj
 .debug_macro   0x0000000000000284       0x2e CMakeFiles/FW_PID_HEAT.dir/Middleware/SuperLoop/sl.c.obj
 .debug_macro   0x00000000000002b2       0x22 CMakeFiles/FW_PID_HEAT.dir/Middleware/SuperLoop/sl.c.obj
 .debug_macro   0x00000000000002d4       0x1c CMakeFiles/FW_PID_HEAT.dir/Middleware/SuperLoop/sl.c.obj
 .debug_macro   0x00000000000002f0       0x22 CMakeFiles/FW_PID_HEAT.dir/Middleware/SuperLoop/sl.c.obj
 .debug_macro   0x0000000000000312       0xbd CMakeFiles/FW_PID_HEAT.dir/Middleware/SuperLoop/sl.c.obj
 .debug_macro   0x00000000000003cf      0xd23 CMakeFiles/FW_PID_HEAT.dir/Middleware/SuperLoop/sl.c.obj
 .debug_macro   0x00000000000010f2     0xe09e CMakeFiles/FW_PID_HEAT.dir/Middleware/SuperLoop/sl.c.obj
 .debug_macro   0x000000000000f190       0x6d CMakeFiles/FW_PID_HEAT.dir/Middleware/SuperLoop/sl.c.obj
 .debug_macro   0x000000000000f1fd      0x20f CMakeFiles/FW_PID_HEAT.dir/Middleware/SuperLoop/sl.c.obj
 .debug_macro   0x000000000000f40c     0x34a2 CMakeFiles/FW_PID_HEAT.dir/Middleware/SuperLoop/sl.c.obj
 .debug_macro   0x00000000000128ae      0x174 CMakeFiles/FW_PID_HEAT.dir/Middleware/SuperLoop/sl.c.obj
 .debug_macro   0x0000000000012a22       0x5c CMakeFiles/FW_PID_HEAT.dir/Middleware/SuperLoop/sl.c.obj
 .debug_macro   0x0000000000012a7e      0x5bc CMakeFiles/FW_PID_HEAT.dir/Middleware/SuperLoop/sl.c.obj
 .debug_macro   0x000000000001303a      0x289 CMakeFiles/FW_PID_HEAT.dir/Middleware/SuperLoop/sl.c.obj
 .debug_macro   0x00000000000132c3      0x1cb CMakeFiles/FW_PID_HEAT.dir/Middleware/SuperLoop/sl.c.obj
 .debug_macro   0x000000000001348e      0x114 CMakeFiles/FW_PID_HEAT.dir/Middleware/SuperLoop/sl.c.obj
 .debug_macro   0x00000000000135a2      0x1b2 CMakeFiles/FW_PID_HEAT.dir/Middleware/SuperLoop/sl.c.obj
 .debug_macro   0x0000000000013754       0x27 CMakeFiles/FW_PID_HEAT.dir/Middleware/SuperLoop/sl.c.obj
 .debug_macro   0x000000000001377b      0x136 CMakeFiles/FW_PID_HEAT.dir/Middleware/SuperLoop/sl.c.obj
 .debug_macro   0x00000000000138b1      0x1bc CMakeFiles/FW_PID_HEAT.dir/Middleware/SuperLoop/sl.c.obj
 .debug_macro   0x0000000000013a6d       0x34 CMakeFiles/FW_PID_HEAT.dir/Middleware/SuperLoop/sl.c.obj
 .debug_macro   0x0000000000013aa1       0x3c CMakeFiles/FW_PID_HEAT.dir/Middleware/SuperLoop/sl.c.obj
 .debug_macro   0x0000000000013add       0x57 CMakeFiles/FW_PID_HEAT.dir/Middleware/SuperLoop/sl.c.obj
 .debug_macro   0x0000000000013b34       0x87 CMakeFiles/FW_PID_HEAT.dir/Middleware/SuperLoop/sl.c.obj
 .debug_macro   0x0000000000013bbb      0x240 CMakeFiles/FW_PID_HEAT.dir/Middleware/SuperLoop/sl.c.obj
 .debug_macro   0x0000000000013dfb      0x140 CMakeFiles/FW_PID_HEAT.dir/Middleware/SuperLoop/sl.c.obj
 .debug_macro   0x0000000000013f3b       0x83 CMakeFiles/FW_PID_HEAT.dir/Middleware/SuperLoop/sl.c.obj
 .debug_macro   0x0000000000013fbe       0x58 CMakeFiles/FW_PID_HEAT.dir/Middleware/SuperLoop/sl.c.obj
 .debug_macro   0x0000000000014016       0x76 CMakeFiles/FW_PID_HEAT.dir/Middleware/SuperLoop/sl.c.obj
 .debug_macro   0x000000000001408c       0x16 CMakeFiles/FW_PID_HEAT.dir/Middleware/SuperLoop/sl.c.obj
 .debug_macro   0x00000000000140a2       0x24 CMakeFiles/FW_PID_HEAT.dir/Middleware/SuperLoop/sl.c.obj
 .debug_macro   0x00000000000140c6       0x61 CMakeFiles/FW_PID_HEAT.dir/Middleware/SuperLoop/sl.c.obj
 .debug_macro   0x0000000000014127       0x43 CMakeFiles/FW_PID_HEAT.dir/Middleware/SuperLoop/sl.c.obj
 .debug_macro   0x000000000001416a       0x34 CMakeFiles/FW_PID_HEAT.dir/Middleware/SuperLoop/sl.c.obj
 .debug_macro   0x000000000001419e       0x16 CMakeFiles/FW_PID_HEAT.dir/Middleware/SuperLoop/sl.c.obj
 .debug_macro   0x00000000000141b4       0x35 CMakeFiles/FW_PID_HEAT.dir/Middleware/SuperLoop/sl.c.obj
 .debug_macro   0x00000000000141e9       0x16 CMakeFiles/FW_PID_HEAT.dir/Middleware/SuperLoop/sl.c.obj
 .debug_macro   0x00000000000141ff       0x43 CMakeFiles/FW_PID_HEAT.dir/Middleware/SuperLoop/sl.c.obj