Archive member included to satisfy reference by file (symbol)

C:/ST/STM32CubeCLT/GNU-tools-for-STM32/bin/../lib/gcc/arm-none-eabi/11.3.1/../../../../arm-none-eabi/lib/thumb/v7-m/nofp\libc_nano.a(libc_a-exit.o)
                              C:/ST/STM32CubeCLT/GNU-tools-for-STM32/bin/../lib/gcc/arm-none-eabi/11.3.1/../../../../arm-none-eabi/lib/thumb/v7-m/nofp/crt0.o (exit)
C:/ST/STM32CubeCLT/GNU-tools-for-STM32/bin/../lib/gcc/arm-none-eabi/11.3.1/../../../../arm-none-eabi/lib/thumb/v7-m/nofp\libc_nano.a(libc_a-nano-vfprintf_float.o)
                              (_printf_float)
C:/ST/STM32CubeCLT/GNU-tools-for-STM32/bin/../lib/gcc/arm-none-eabi/11.3.1/../../../../arm-none-eabi/lib/thumb/v7-m/nofp\libc_nano.a(libc_a-nano-vfprintf_i.o)
                              C:/ST/STM32CubeCLT/GNU-tools-for-STM32/bin/../lib/gcc/arm-none-eabi/11.3.1/../../../../arm-none-eabi/lib/thumb/v7-m/nofp\libc_nano.a(libc_a-nano-vfprintf_float.o) (_printf_common)
C:/ST/STM32CubeCLT/GNU-tools-for-STM32/bin/../lib/gcc/arm-none-eabi/11.3.1/../../../../arm-none-eabi/lib/thumb/v7-m/nofp\libc_nano.a(libc_a-findfp.o)
                              C:/ST/STM32CubeCLT/GNU-tools-for-STM32/bin/../lib/gcc/arm-none-eabi/11.3.1/../../../../arm-none-eabi/lib/thumb/v7-m/nofp\libc_nano.a(libc_a-exit.o) (__stdio_exit_handler)
C:/ST/STM32CubeCLT/GNU-tools-for-STM32/bin/../lib/gcc/arm-none-eabi/11.3.1/../../../../arm-none-eabi/lib/thumb/v7-m/nofp\libc_nano.a(libc_a-fwalk.o)
                              C:/ST/STM32CubeCLT/GNU-tools-for-STM32/bin/../lib/gcc/arm-none-eabi/11.3.1/../../../../arm-none-eabi/lib/thumb/v7-m/nofp\libc_nano.a(libc_a-findfp.o) (_fwalk_sglue)
C:/ST/STM32CubeCLT/GNU-tools-for-STM32/bin/../lib/gcc/arm-none-eabi/11.3.1/../../../../arm-none-eabi/lib/thumb/v7-m/nofp\libc_nano.a(libc_a-stdio.o)
                              C:/ST/STM32CubeCLT/GNU-tools-for-STM32/bin/../lib/gcc/arm-none-eabi/11.3.1/../../../../arm-none-eabi/lib/thumb/v7-m/nofp\libc_nano.a(libc_a-findfp.o) (__sread)
C:/ST/STM32CubeCLT/GNU-tools-for-STM32/bin/../lib/gcc/arm-none-eabi/11.3.1/../../../../arm-none-eabi/lib/thumb/v7-m/nofp\libc_nano.a(libc_a-memset.o)
                              C:/ST/STM32CubeCLT/GNU-tools-for-STM32/bin/../lib/gcc/arm-none-eabi/11.3.1/../../../../arm-none-eabi/lib/thumb/v7-m/nofp/crt0.o (memset)
C:/ST/STM32CubeCLT/GNU-tools-for-STM32/bin/../lib/gcc/arm-none-eabi/11.3.1/../../../../arm-none-eabi/lib/thumb/v7-m/nofp\libc_nano.a(libc_a-localeconv.o)
                              C:/ST/STM32CubeCLT/GNU-tools-for-STM32/bin/../lib/gcc/arm-none-eabi/11.3.1/../../../../arm-none-eabi/lib/thumb/v7-m/nofp\libc_nano.a(libc_a-nano-vfprintf_float.o) (_localeconv_r)
C:/ST/STM32CubeCLT/GNU-tools-for-STM32/bin/../lib/gcc/arm-none-eabi/11.3.1/../../../../arm-none-eabi/lib/thumb/v7-m/nofp\libc_nano.a(libc_a-closer.o)
                              C:/ST/STM32CubeCLT/GNU-tools-for-STM32/bin/../lib/gcc/arm-none-eabi/11.3.1/../../../../arm-none-eabi/lib/thumb/v7-m/nofp\libc_nano.a(libc_a-stdio.o) (_close_r)
C:/ST/STM32CubeCLT/GNU-tools-for-STM32/bin/../lib/gcc/arm-none-eabi/11.3.1/../../../../arm-none-eabi/lib/thumb/v7-m/nofp\libc_nano.a(libc_a-reent.o)
                              C:/ST/STM32CubeCLT/GNU-tools-for-STM32/bin/../lib/gcc/arm-none-eabi/11.3.1/../../../../arm-none-eabi/lib/thumb/v7-m/nofp\libc_nano.a(libc_a-closer.o) (errno)
C:/ST/STM32CubeCLT/GNU-tools-for-STM32/bin/../lib/gcc/arm-none-eabi/11.3.1/../../../../arm-none-eabi/lib/thumb/v7-m/nofp\libc_nano.a(libc_a-impure.o)
                              C:/ST/STM32CubeCLT/GNU-tools-for-STM32/bin/../lib/gcc/arm-none-eabi/11.3.1/../../../../arm-none-eabi/lib/thumb/v7-m/nofp\libc_nano.a(libc_a-reent.o) (_impure_ptr)
C:/ST/STM32CubeCLT/GNU-tools-for-STM32/bin/../lib/gcc/arm-none-eabi/11.3.1/../../../../arm-none-eabi/lib/thumb/v7-m/nofp\libc_nano.a(libc_a-lseekr.o)
                              C:/ST/STM32CubeCLT/GNU-tools-for-STM32/bin/../lib/gcc/arm-none-eabi/11.3.1/../../../../arm-none-eabi/lib/thumb/v7-m/nofp\libc_nano.a(libc_a-stdio.o) (_lseek_r)
C:/ST/STM32CubeCLT/GNU-tools-for-STM32/bin/../lib/gcc/arm-none-eabi/11.3.1/../../../../arm-none-eabi/lib/thumb/v7-m/nofp\libc_nano.a(libc_a-readr.o)
                              C:/ST/STM32CubeCLT/GNU-tools-for-STM32/bin/../lib/gcc/arm-none-eabi/11.3.1/../../../../arm-none-eabi/lib/thumb/v7-m/nofp\libc_nano.a(libc_a-stdio.o) (_read_r)
C:/ST/STM32CubeCLT/GNU-tools-for-STM32/bin/../lib/gcc/arm-none-eabi/11.3.1/../../../../arm-none-eabi/lib/thumb/v7-m/nofp\libc_nano.a(libc_a-writer.o)
                              C:/ST/STM32CubeCLT/GNU-tools-for-STM32/bin/../lib/gcc/arm-none-eabi/11.3.1/../../../../arm-none-eabi/lib/thumb/v7-m/nofp\libc_nano.a(libc_a-stdio.o) (_write_r)
C:/ST/STM32CubeCLT/GNU-tools-for-STM32/bin/../lib/gcc/arm-none-eabi/11.3.1/../../../../arm-none-eabi/lib/thumb/v7-m/nofp\libc_nano.a(libc_a-init.o)
[...]
Memory Configuration

Name             Origin             Length             Attributes
RAM              0x0000000020000000 0x0000000000005000 xrw
FLASH            0x0000000008000000 0x0000000000010000 xr
*default*        0x0000000000000000 0xffffffffffffffff

Linker script and memory map

LOAD C:/ST/STM32CubeCLT/GNU-tools-for-STM32/bin/../lib/gcc/arm-none-eabi/11.3.1/thumb/v7-m/nofp/crti.o
LOAD C:/ST/STM32CubeCLT/GNU-tools-for-STM32/bin/../lib/gcc/arm-none-eabi/11.3.1/thumb/v7-m/nofp/crtbegin.o
LOAD C:/ST/STM32CubeCLT/GNU-tools-for-STM32/bin/../lib/gcc/arm-none-eabi/11.3.1/../../../../arm-none-eabi/lib/thumb/v7-m/nofp/crt0.o
START GROUP
LOAD C:/ST/STM32CubeCLT/GNU-tools-for-STM32/bin/../lib/gcc/arm-none-eabi/11.3.1/../../../../arm-none-eabi/lib/thumb/v7-m/nofp\libc_nano.a
LOAD C:/ST/STM32CubeCLT/GNU-tools-for-STM32/bin/../lib/gcc/arm-none-eabi/11.3.1/../../../../arm-none-eabi/lib/thumb/v7-m/nofp\libm.a
LOAD C:/ST/STM32CubeCLT/GNU-tools-for-STM32/bin/../lib/gcc/arm-none-eabi/11.3.1/../../../../arm-none-eabi/lib/thumb/v7-m/nofp\libstdc++_nano.a
LOAD C:/ST/STM32CubeCLT/GNU-tools-for-STM32/bin/../lib/gcc/arm-none-eabi/11.3.1/../../../../arm-none-eabi/lib/thumb/v7-m/nofp\libsupc++_nano.a
END GROUP
LOAD CMakeFiles/FW_PID_HEAT.dir/HMI/Src/hmi.c.obj
LOAD CMakeFiles/FW_PID_HEAT.dir/HMI/Src/hmi_dashboard.c.obj
LOAD CMakeFiles/FW_PID_HEAT.dir/HMI/Src/hmi_menu.c.obj
LOAD CMakeFiles/FW_PID_HEAT.dir/HMI/Src/hmi_intro.c.obj
LOAD CMakeFiles/FW_PID_HEAT.dir/HMI/Src/hmi_pid.c.obj
LOAD CMakeFiles/FW_PID_HEAT.dir/HD44780/LCD_HD44780.c.obj
LOAD CMakeFiles/FW_PID_HEAT.dir/App/Src/buttons.c.obj
LOAD CMakeFiles/FW_PID_HEAT.dir/App/Src/adc.c.obj
LOAD CMakeFiles/FW_PID_HEAT.dir/App/Src/app.c.obj
LOAD CMakeFiles/FW_PID_HEAT.dir/App/Src/pid.c.obj
LOAD CMakeFiles/FW_PID_HEAT.dir/Core/Src/sysmem.c.obj
LOAD CMakeFiles/FW_PID_HEAT.dir/Core/Src/system_stm32f1xx.c.obj
LOAD CMakeFiles/FW_PID_HEAT.dir/Core/Src/syscalls.c.obj
LOAD CMakeFiles/FW_PID_HEAT.dir/Core/Src/stm32f1xx_it.c.obj
LOAD CMakeFiles/FW_PID_HEAT.dir/Core/Src/stm32f1xx_hal_msp.c.obj
LOAD CMakeFiles/FW_PID_HEAT.dir/Core/Src/main.c.obj
LOAD CMakeFiles/FW_PID_HEAT.dir/Middleware/SuperLoop/sl_lib.c.obj
LOAD CMakeFiles/FW_PID_HEAT.dir/Middleware/SuperLoop/sl.c.obj
LOAD CMakeFiles/FW_PID_HEAT.dir/Drivers/STM32F1xx_HAL_Driver/Src/stm32f1xx_hal_adc_ex.c.obj
LOAD CMakeFiles/FW_PID_HEAT.dir/Drivers/STM32F1xx_HAL_Driver/Src/stm32f1xx_hal_adc.c.obj
LOAD CMakeFiles/FW_PID_HEAT.dir/Drivers/STM32F1xx_HAL_Driver/Src/stm32f1xx_hal_cortex.c.obj
LOAD CMakeFiles/FW_PID_HEAT.dir/Drivers/STM32F1xx_HAL_Driver/Src/stm32f1xx_hal_dma.c.obj
LOAD CMakeFiles/FW_PID_HEAT.dir/Drivers/STM32F1xx_HAL_Driver/Src/stm32f1xx_hal_exti.c.obj
LOAD CMakeFiles/FW_PID_HEAT.dir/Drivers/STM32F1xx_HAL_Driver/Src/stm32f1xx_hal_flash_ex.c.obj
LOAD CMakeFiles/FW_PID_HEAT.dir/Drivers/STM32F1xx_HAL_Driver/Src/stm32f1xx_hal_flash.c.obj
LOAD CMakeFiles/FW_PID_HEAT.dir/Drivers/STM32F1xx_HAL_Driver/Src/stm32f1xx_hal_gpio_ex.c.obj
LOAD CMakeFiles/FW_PID_HEAT.dir/Drivers/STM32F1xx_HAL_Driver/Src/stm32f1xx_hal_gpio.c.obj
LOAD CMakeFiles/FW_PID_HEAT.dir/Drivers/STM32F1xx_HAL_Driver/Src/stm32f1xx_hal_pwr.c.obj
LOAD CMakeFiles/FW_PID_HEAT.dir/Drivers/STM32F1xx_HAL_Driver/Src/stm32f1xx_hal_rcc_ex.c.obj
LOAD CMakeFiles/FW_PID_HEAT.dir/Drivers/STM32F1xx_HAL_Driver/Src/stm32f1xx_hal_rcc.c.obj
LOAD CMakeFiles/FW_PID_HEAT.dir/Drivers/STM32F1xx_HAL_Driver/Src/stm32f1xx_hal.c.obj
LOAD CMakeFiles/FW_PID_HEAT.dir/Drivers/STM32F1xx_HAL_Driver/Src/stm32f1xx_hal_tim.c.obj
LOAD CMakeFiles/FW_PID_HEAT.dir/Drivers/STM32F1xx_HAL_Driver/Src/stm32f1xx_hal_tim_ex.c.obj
LOAD CMakeFiles/FW_PID_HEAT.dir/Core/Startup/startup_stm32f103c8tx.s.obj
START GROUP
LOAD C:/ST/STM32CubeCLT/GNU-tools-for-STM32/bin/../lib/gcc/arm-none-eabi/11.3.1/thumb/v7-m/nofp\libgcc.a
LOAD C:/ST/STM32CubeCLT/GNU-tools-for-STM32/bin/../lib/gcc/arm-none-eabi/11.3.1/../../../../arm-none-eabi/lib/thumb/v7-m/nofp\libg_nano.a
LOAD C:/ST/STM32CubeCLT/GNU-tools-for-STM32/bin/../lib/gcc/arm-none-eabi/11.3.1/../../../../arm-none-eabi/lib/thumb/v7-m/nofp\libc_nano.a
END GROUP
START GROUP
LOAD C:/ST/STM32CubeCLT/GNU-tools-for-STM32/bin/../lib/gcc/arm-none-eabi/11.3.1/thumb/v7-m/nofp\libgcc.a
LOAD C:/ST/STM32CubeCLT/GNU-tools-for-STM32/bin/../lib/gcc/arm-none-eabi/11.3.1/../../../../arm-none-eabi/lib/thumb/v7-m/nofp\libc_nano.a
LOAD C:/ST/STM32CubeCLT/GNU-tools-for-STM32/bin/../lib/gcc/arm-none-eabi/11.3.1/../../../../arm-none-eabi/lib/thumb/v7-m/nofp\libnosys.a
END GROUP
START GROUP
LOAD C:/ST/STM32CubeCLT/GNU-tools-for-STM32/bin/../lib/gcc/arm-none-eabi/11.3.1/thumb/v7-m/nofp\libgcc.a
LOAD C:/ST/STM32CubeCLT/GNU-tools-for-STM32/bin/../lib/gcc/arm-none-eabi/11.3.1/../../../../arm-none-eabi/lib/thumb/v7-m/nofp\libc_nano.a
LOAD C:/ST/STM32CubeCLT/GNU-tools-for-STM32/bin/../lib/gcc/arm-none-eabi/11.3.1/../../../../arm-none-eabi/lib/thumb/v7-m/nofp\libnosys.a
END GROUP
LOAD C:/ST/STM32CubeCLT/GNU-tools-for-STM32/bin/../lib/gcc/arm-none-eabi/11.3.1/thumb/v7-m/nofp/crtend.o
LOAD C:/ST/STM32CubeCLT/GNU-tools-for-STM32/bin/../lib/gcc/arm-none-eabi/11.3.1/thumb/v7-m/nofp/crtn.o
                0x0000000020005000                _estack = (ORIGIN (RAM) + LENGTH (RAM))
                0x0000000000000200                _Min_Heap_Size = 0x200
                0x0000000000000400                _Min_Stack_Size = 0x400

.isr_vector     0x0000000008000000      0x10c
                0x0000000008000000                . = ALIGN (0x4)
 *(.isr_vector)
 .isr_vector    0x0000000008000000      0x10c CMakeFiles/FW_PID_HEAT.dir/Core/Startup/startup_stm32f103c8tx.s.obj
                0x0000000008000000                g_pfnVectors
                0x000000000800010c                . = ALIGN (0x4)

.text           0x0000000008000110     0x6a9c
                0x0000000008000110                . = ALIGN (0x4)
 *(.text)
 .text          0x0000000008000110       0x40 C:/ST/STM32CubeCLT/GNU-tools-for-STM32/bin/../lib/gcc/arm-none-eabi/11.3.1/thumb/v7-m/nofp/crtbegin.o
 .text          0x0000000008000150       0x10 C:/ST/STM32CubeCLT/GNU-tools-for-STM32/bin/../lib/gcc/arm-none-eabi/11.3.1/../../../../arm-none-eabi/lib/thumb/v7-m/nofp\libc_nano.a(libc_a-strlen.o)
                0x0000000008000150                strlen
 .text          0x0000000008000160      0x378 C:/ST/STM32CubeCLT/GNU-tools-for-STM32/bin/../lib/gcc/arm-none-eabi/11.3.1/thumb/v7-m/nofp\libgcc.a(_arm_addsubdf3.o)
                0x0000000008000160                __aeabi_drsub
                0x0000000008000168                __aeabi_dsub
                0x0000000008000168                __subdf3
                0x000000000800016c                __aeabi_dadd
                0x000000000800016c                __adddf3
                0x00000000080003e4                __floatunsidf
                0x00000000080003e4                __aeabi_ui2d
                0x0000000008000404                __floatsidf
                0x0000000008000404                __aeabi_i2d
                0x0000000008000428                __aeabi_f2d
                0x0000000008000428                __extendsfdf2
                0x000000000800046c                __floatundidf
                0x000000000800046c                __aeabi_ul2d
                0x000000000800047c                __floatdidf
                0x000000000800047c                __aeabi_l2d
 .text          0x00000000080004d8      0x424 C:/ST/STM32CubeCLT/GNU-tools-for-STM32/bin/../lib/gcc/arm-none-eabi/11.3.1/thumb/v7-m/nofp\libgcc.a(_arm_muldivdf3.o)
                0x00000000080004d8                __aeabi_dmul
                0x00000000080004d8                __muldf3
                0x000000000800072c                __divdf3
                0x000000000800072c                __aeabi_ddiv
 .text          0x00000000080008fc      0x110 C:/ST/STM32CubeCLT/GNU-tools-for-STM32/bin/../lib/gcc/arm-none-eabi/11.3.1/thumb/v7-m/nofp\libgcc.a(_arm_cmpdf2.o)
                0x00000000080008fc                __gtdf2
                0x00000000080008fc                __gedf2
                0x0000000008000904                __ltdf2
                0x0000000008000904                __ledf2
                0x000000000800090c                __nedf2
                0x000000000800090c                __eqdf2
                0x000000000800090c                __cmpdf2
                0x0000000008000988                __aeabi_cdrcmple
                0x0000000008000998                __aeabi_cdcmpeq
                0x0000000008000998                __aeabi_cdcmple
                0x00000000080009a8                __aeabi_dcmpeq
                0x00000000080009bc                __aeabi_dcmplt
                0x00000000080009d0                __aeabi_dcmple
                0x00000000080009e4                __aeabi_dcmpge
                0x00000000080009f8                __aeabi_dcmpgt
 .text          0x0000000008000a0c       0x2c C:/ST/STM32CubeCLT/GNU-tools-for-STM32/bin/../lib/gcc/arm-none-eabi/11.3.1/thumb/v7-m/nofp\libgcc.a(_arm_unorddf2.o)
                0x0000000008000a0c                __unorddf2
                0x0000000008000a0c                __aeabi_dcmpun
 .text          0x0000000008000a38       0x50 C:/ST/STM32CubeCLT/GNU-tools-for-STM32/bin/../lib/gcc/arm-none-eabi/11.3.1/thumb/v7-m/nofp\libgcc.a(_arm_fixdfsi.o)
                0x0000000008000a38                __aeabi_d2iz
                0x0000000008000a38                __fixdfsi
 .text          0x0000000008000a88       0xa0 C:/ST/STM32CubeCLT/GNU-tools-for-STM32/bin/../lib/gcc/arm-none-eabi/11.3.1/thumb/v7-m/nofp\libgcc.a(_arm_truncdfsf2.o)
                0x0000000008000a88                __truncdfsf2
                0x0000000008000a88                __aeabi_d2f
 .text          0x0000000008000b28      0x21c C:/ST/STM32CubeCLT/GNU-tools-for-STM32/bin/../lib/gcc/arm-none-eabi/11.3.1/thumb/v7-m/nofp\libgcc.a(_arm_addsubsf3.o)
                0x0000000008000b28                __aeabi_frsub
                0x0000000008000b30                __subsf3
                0x0000000008000b30                __aeabi_fsub
                0x0000000008000b34                __aeabi_fadd
                0x0000000008000b34                __addsf3
                0x0000000008000c94                __aeabi_ui2f
                0x0000000008000c94                __floatunsisf
                0x0000000008000c9c                __aeabi_i2f
                0x0000000008000c9c                __floatsisf
                0x0000000008000cb8                __aeabi_ul2f
                0x0000000008000cb8                __floatundisf
                0x0000000008000cc8                __aeabi_l2f
                0x0000000008000cc8                __floatdisf
 .text          0x0000000008000d44      0x2a0 C:/ST/STM32CubeCLT/GNU-tools-for-STM32/bin/../lib/gcc/arm-none-eabi/11.3.1/thumb/v7-m/nofp\libgcc.a(_arm_muldivsf3.o)
                0x0000000008000d44                __mulsf3
                0x0000000008000d44                __aeabi_fmul
                0x0000000008000eac                __aeabi_fdiv
                0x0000000008000eac                __divsf3
 .text          0x0000000008000fe4       0xec C:/ST/STM32CubeCLT/GNU-tools-for-STM32/bin/../lib/gcc/arm-none-eabi/11.3.1/thumb/v7-m/nofp\libgcc.a(_arm_cmpsf2.o)
                0x0000000008000fe4                __gesf2
                0x0000000008000fe4                __gtsf2
                0x0000000008000fec                __lesf2
                0x0000000008000fec                __ltsf2
                0x0000000008000ff4                __nesf2
                0x0000000008000ff4                __eqsf2
                0x0000000008000ff4                __cmpsf2
                0x0000000008001054                __aeabi_cfrcmple
                0x000000000800105c                __aeabi_cfcmpeq
                0x000000000800105c                __aeabi_cfcmple
                0x000000000800106c                __aeabi_fcmpeq
                0x0000000008001080                __aeabi_fcmplt
                0x0000000008001094                __aeabi_fcmple
                0x00000000080010a8                __aeabi_fcmpge
                0x00000000080010bc                __aeabi_fcmpgt
 .text          0x00000000080010d0       0x40 C:/ST/STM32CubeCLT/GNU-tools-for-STM32/bin/../lib/gcc/arm-none-eabi/11.3.1/thumb/v7-m/nofp\libgcc.a(_arm_fixunssfsi.o)
                0x00000000080010d0                __fixunssfsi
                0x00000000080010d0                __aeabi_f2uiz
 .text          0x0000000008001110       0x2c C:/ST/STM32CubeCLT/GNU-tools-for-STM32/bin/../lib/gcc/arm-none-eabi/11.3.1/thumb/v7-m/nofp\libgcc.a(_arm_unordsf2.o)
                0x0000000008001110                __unordsf2
                0x0000000008001110                __aeabi_fcmpun
 *(.text*)
 .text.__cvt    0x000000000800113c       0xbe C:/ST/STM32CubeCLT/GNU-tools-for-STM32/bin/../lib/gcc/arm-none-eabi/11.3.1/../../../../arm-none-eabi/lib/thumb/v7-m/nofp\libc_nano.a(libc_a-nano-vfprintf_float.o)
                0x000000000800113c                __cvt
 .text.__exponent
                0x00000000080011fa       0x7a C:/ST/STM32CubeCLT/GNU-tools-for-STM32/bin/../lib/gcc/arm-none-eabi/11.3.1/../../../../arm-none-eabi/lib/thumb/v7-m/nofp\libc_nano.a(libc_a-nano-vfprintf_float.o)
                0x00000000080011fa                __exponent
 .text._printf_float
                0x0000000008001274      0x45c C:/ST/STM32CubeCLT/GNU-tools-for-STM32/bin/../lib/gcc/arm-none-eabi/11.3.1/../../../../arm-none-eabi/lib/thumb/v7-m/nofp\libc_nano.a(libc_a-nano-vfprintf_float.o)
                0x0000000008001274                _printf_float
 .text._printf_common
                0x00000000080016d0       0xe4 C:/ST/STM32CubeCLT/GNU-tools-for-STM32/bin/../lib/gcc/arm-none-eabi/11.3.1/../../../../arm-none-eabi/lib/thumb/v7-m/nofp\libc_nano.a(libc_a-nano-vfprintf_i.o)
                0x00000000080016d0                _printf_common
 .text._printf_i
                0x00000000080017b4      0x244 C:/ST/STM32CubeCLT/GNU-tools-for-STM32/bin/../lib/gcc/arm-none-eabi/11.3.1/../../../../arm-none-eabi/lib/thumb/v7-m/nofp\libc_nano.a(libc_a-nano-vfprintf_i.o)
                0x00000000080017b4                _printf_i
 .text.std      0x00000000080019f8       0x48 C:/ST/STM32CubeCLT/GNU-tools-for-STM32/bin/../lib/gcc/arm-none-eabi/11.3.1/../../../../arm-none-eabi/lib/thumb/v7-m/nofp\libc_nano.a(libc_a-findfp.o)
 .text.stdio_exit_handler
                0x0000000008001a40       0x18 C:/ST/STM32CubeCLT/GNU-tools-for-STM32/bin/../lib/gcc/arm-none-eabi/11.3.1/../../../../arm-none-eabi/lib/thumb/v7-m/nofp\libc_nano.a(libc_a-findfp.o)
 .text.cleanup_stdio
                0x0000000008001a58       0x40 C:/ST/STM32CubeCLT/GNU-tools-for-STM32/bin/../lib/gcc/arm-none-eabi/11.3.1/../../../../arm-none-eabi/lib/thumb/v7-m/nofp\libc_nano.a(libc_a-findfp.o)
 .text.global_stdio_init.part.0
                0x0000000008001a98       0x3c C:/ST/STM32CubeCLT/GNU-tools-for-STM32/bin/../lib/gcc/arm-none-eabi/11.3.1/../../../../arm-none-eabi/lib/thumb/v7-m/nofp\libc_nano.a(libc_a-findfp.o)
 .text.__sfp_lock_acquire
                0x0000000008001ad4        0xc C:/ST/STM32CubeCLT/GNU-tools-for-STM32/bin/../lib/gcc/arm-none-eabi/11.3.1/../../../../arm-none-eabi/lib/thumb/v7-m/nofp\libc_nano.a(libc_a-findfp.o)
                0x0000000008001ad4                __sfp_lock_acquire
 .text.__sfp_lock_release
                0x0000000008001ae0        0xc C:/ST/STM32CubeCLT/GNU-tools-for-STM32/bin/../lib/gcc/arm-none-eabi/11.3.1/../../../../arm-none-eabi/lib/thumb/v7-m/nofp\libc_nano.a(libc_a-findfp.o)
                0x0000000008001ae0                __sfp_lock_release
 .text.__sinit  0x0000000008001aec       0x30 C:/ST/STM32CubeCLT/GNU-tools-for-STM32/bin/../lib/gcc/arm-none-eabi/11.3.1/../../../../arm-none-eabi/lib/thumb/v7-m/nofp\libc_nano.a(libc_a-findfp.o)
                0x0000000008001aec                __sinit
 .text._fwalk_sglue
                0x0000000008001b1c       0x3c C:/ST/STM32CubeCLT/GNU-tools-for-STM32/bin/../lib/gcc/arm-none-eabi/11.3.1/../../../../arm-none-eabi/lib/thumb/v7-m/nofp\libc_nano.a(libc_a-fwalk.o)
                0x0000000008001b1c                _fwalk_sglue
 .text.__sread  0x0000000008001b58       0x22 C:/ST/STM32CubeCLT/GNU-tools-for-STM32/bin/../lib/gcc/arm-none-eabi/11.3.1/../../../../arm-none-eabi/lib/thumb/v7-m/nofp\libc_nano.a(libc_a-stdio.o)
                0x0000000008001b58                __sread
 .text.__swrite
                0x0000000008001b7a       0x38 C:/ST/STM32CubeCLT/GNU-tools-for-STM32/bin/../lib/gcc/arm-none-eabi/11.3.1/../../../../arm-none-eabi/lib/thumb/v7-m/nofp\libc_nano.a(libc_a-stdio.o)
                0x0000000008001b7a                __swrite
 .text.__sseek  0x0000000008001bb2       0x24 C:/ST/STM32CubeCLT/GNU-tools-for-STM32/bin/../lib/gcc/arm-none-eabi/11.3.1/../../../../arm-none-eabi/lib/thumb/v7-m/nofp\libc_nano.a(libc_a-stdio.o)
                0x0000000008001bb2                __sseek
 .text.__sclose
                0x0000000008001bd6        0x8 C:/ST/STM32CubeCLT/GNU-tools-for-STM32/bin/../lib/gcc/arm-none-eabi/11.3.1/../../../../arm-none-eabi/lib/thumb/v7-m/nofp\libc_nano.a(libc_a-stdio.o)
                0x0000000008001bd6                __sclose
 .text.memset   0x0000000008001bde       0x10 C:/ST/STM32CubeCLT/GNU-tools-for-STM32/bin/../lib/gcc/arm-none-eabi/11.3.1/../../../../arm-none-eabi/lib/thumb/v7-m/nofp\libc_nano.a(libc_a-memset.o)
                0x0000000008001bde                memset
 *fill*         0x0000000008001bee        0x2 
 .text._localeconv_r
                0x0000000008001bf0        0x8 C:/ST/STM32CubeCLT/GNU-tools-for-STM32/bin/../lib/gcc/arm-none-eabi/11.3.1/../../../../arm-none-eabi/lib/thumb/v7-m/nofp\libc_nano.a(libc_a-localeconv.o)
                0x0000000008001bf0                _localeconv_r
 .text._close_r
                0x0000000008001bf8       0x20 C:/ST/STM32CubeCLT/GNU-tools-for-STM32/bin/../lib/gcc/arm-none-eabi/11.3.1/../../../../arm-none-eabi/lib/thumb/v7-m/nofp\libc_nano.a(libc_a-closer.o)
                0x0000000008001bf8                _close_r
 .text._lseek_r
                0x0000000008001c18       0x24 C:/ST/STM32CubeCLT/GNU-tools-for-STM32/bin/../lib/gcc/arm-none-eabi/11.3.1/../../../../arm-none-eabi/lib/thumb/v7-m/nofp\libc_nano.a(libc_a-lseekr.o)
                0x0000000008001c18                _lseek_r
 .text._read_r  0x0000000008001c3c       0x24 C:/ST/STM32CubeCLT/GNU-tools-for-STM32/bin/../lib/gcc/arm-none-eabi/11.3.1/../../../../arm-none-eabi/lib/thumb/v7-m/nofp\libc_nano.a(libc_a-readr.o)
                0x0000000008001c3c                _read_r
 .text._write_r
                0x0000000008001c60       0x24 C:/ST/STM32CubeCLT/GNU-tools-for-STM32/bin/../lib/gcc/arm-none-eabi/11.3.1/../../../../arm-none-eabi/lib/thumb/v7-m/nofp\libc_nano.a(libc_a-writer.o)
                0x0000000008001c60                _write_r
 .text.__libc_init_array
                0x0000000008001c84       0x48 C:/ST/STM32CubeCLT/GNU-tools-for-STM32/bin/../lib/gcc/arm-none-eabi/11.3.1/../../../../arm-none-eabi/lib/thumb/v7-m/nofp\libc_nano.a(libc_a-init.o)
                0x0000000008001c84                __libc_init_array
 .text.__retarget_lock_acquire_recursive
                0x0000000008001ccc        0x2 C:/ST/STM32CubeCLT/GNU-tools-for-STM32/bin/../lib/gcc/arm-none-eabi/11.3.1/../../../../arm-none-eabi/lib/thumb/v7-m/nofp\libc_nano.a(libc_a-lock.o)
                0x0000000008001ccc                __retarget_lock_acquire_recursive
 .text.__retarget_lock_release_recursive
                0x0000000008001cce        0x2 C:/ST/STM32CubeCLT/GNU-tools-for-STM32/bin/../lib/gcc/arm-none-eabi/11.3.1/../../../../arm-none-eabi/lib/thumb/v7-m/nofp\libc_nano.a(libc_a-lock.o)
                0x0000000008001cce                __retarget_lock_release_recursive
 .text.memchr   0x0000000008001cd0       0x1c C:/ST/STM32CubeCLT/GNU-tools-for-STM32/bin/../lib/gcc/arm-none-eabi/11.3.1/../../../../arm-none-eabi/lib/thumb/v7-m/nofp\libc_nano.a(libc_a-memchr-stub.o)
                0x0000000008001cd0                memchr
 .text.quorem   0x0000000008001cec      0x112 C:/ST/STM32CubeCLT/GNU-tools-for-STM32/bin/../lib/gcc/arm-none-eabi/11.3.1/../../../../arm-none-eabi/lib/thumb/v7-m/nofp\libc_nano.a(libc_a-dtoa.o)
 *fill*         0x0000000008001dfe        0x2 
 .text._dtoa_r  0x0000000008001e00      0xbc8 C:/ST/STM32CubeCLT/GNU-tools-for-STM32/bin/../lib/gcc/arm-none-eabi/11.3.1/../../../../arm-none-eabi/lib/thumb/v7-m/nofp\libc_nano.a(libc_a-dtoa.o)
                0x0000000008001e00                _dtoa_r
 .text._free_r  0x00000000080029c8       0x90 C:/ST/STM32CubeCLT/GNU-tools-for-STM32/bin/../lib/gcc/arm-none-eabi/11.3.1/../../../../arm-none-eabi/lib/thumb/v7-m/nofp\libc_nano.a(libc_a-freer.o)
                0x00000000080029c8                _free_r
 .text.malloc   0x0000000008002a58       0x10 C:/ST/STM32CubeCLT/GNU-tools-for-STM32/bin/../lib/gcc/arm-none-eabi/11.3.1/../../../../arm-none-eabi/lib/thumb/v7-m/nofp\libc_nano.a(libc_a-malloc.o)
                0x0000000008002a58                malloc
 .text.sbrk_aligned
                0x0000000008002a68       0x40 C:/ST/STM32CubeCLT/GNU-tools-for-STM32/bin/../lib/gcc/arm-none-eabi/11.3.1/../../../../arm-none-eabi/lib/thumb/v7-m/nofp\libc_nano.a(libc_a-mallocr.o)
 .text._malloc_r
                0x0000000008002aa8      0x100 C:/ST/STM32CubeCLT/GNU-tools-for-STM32/bin/../lib/gcc/arm-none-eabi/11.3.1/../../../../arm-none-eabi/lib/thumb/v7-m/nofp\libc_nano.a(libc_a-mallocr.o)
                0x0000000008002aa8                _malloc_r
 .text.__malloc_lock
                0x0000000008002ba8        0xc C:/ST/STM32CubeCLT/GNU-tools-for-STM32/bin/../lib/gcc/arm-none-eabi/11.3.1/../../../../arm-none-eabi/lib/thumb/v7-m/nofp\libc_nano.a(libc_a-mlock.o)
                0x0000000008002ba8                __malloc_lock
 .text.__malloc_unlock
                0x0000000008002bb4        0xc C:/ST/STM32CubeCLT/GNU-tools-for-STM32/bin/../lib/gcc/arm-none-eabi/11.3.1/../../../../arm-none-eabi/lib/thumb/v7-m/nofp\libc_nano.a(libc_a-mlock.o)
                0x0000000008002bb4                __malloc_unlock
 .text._Balloc  0x0000000008002bc0       0x80 C:/ST/STM32CubeCLT/GNU-tools-for-STM32/bin/../lib/gcc/arm-none-eabi/11.3.1/../../../../arm-none-eabi/lib/thumb/v7-m/nofp\libc_nano.a(libc_a-mprec.o)
                0x0000000008002bc0                _Balloc
 .text._Bfree   0x0000000008002c40       0x44 C:/ST/STM32CubeCLT/GNU-tools-for-STM32/bin/../lib/gcc/arm-none-eabi/11.3.1/../../../../arm-none-eabi/lib/thumb/v7-m/nofp\libc_nano.a(libc_a-mprec.o)
                0x0000000008002c40                _Bfree
 .text.__multadd
                0x0000000008002c84       0x8c C:/ST/STM32CubeCLT/GNU-tools-for-STM32/bin/../lib/gcc/arm-none-eabi/11.3.1/../../../../arm-none-eabi/lib/thumb/v7-m/nofp\libc_nano.a(libc_a-mprec.o)
                0x0000000008002c84                __multadd
 .text.__hi0bits
                0x0000000008002d10       0x40 C:/ST/STM32CubeCLT/GNU-tools-for-STM32/bin/../lib/gcc/arm-none-eabi/11.3.1/../../../../arm-none-eabi/lib/thumb/v7-m/nofp\libc_nano.a(libc_a-mprec.o)
                0x0000000008002d10                __hi0bits
 .text.__lo0bits
                0x0000000008002d50       0x5a C:/ST/STM32CubeCLT/GNU-tools-for-STM32/bin/../lib/gcc/arm-none-eabi/11.3.1/../../../../arm-none-eabi/lib/thumb/v7-m/nofp\libc_nano.a(libc_a-mprec.o)
                0x0000000008002d50                __lo0bits
 *fill*         0x0000000008002daa        0x2 
 .text.__i2b    0x0000000008002dac       0x2c C:/ST/STM32CubeCLT/GNU-tools-for-STM32/bin/../lib/gcc/arm-none-eabi/11.3.1/../../../../arm-none-eabi/lib/thumb/v7-m/nofp\libc_nano.a(libc_a-mprec.o)
                0x0000000008002dac                __i2b
 .text.__multiply
                0x0000000008002dd8      0x150 C:/ST/STM32CubeCLT/GNU-tools-for-STM32/bin/../lib/gcc/arm-none-eabi/11.3.1/../../../../arm-none-eabi/lib/thumb/v7-m/nofp\libc_nano.a(libc_a-mprec.o)
                0x0000000008002dd8                __multiply
 .text.__pow5mult
                0x0000000008002f28       0xb4 C:/ST/STM32CubeCLT/GNU-tools-for-STM32/bin/../lib/gcc/arm-none-eabi/11.3.1/../../../../arm-none-eabi/lib/thumb/v7-m/nofp\libc_nano.a(libc_a-mprec.o)
                0x0000000008002f28                __pow5mult
 .text.__lshift
                0x0000000008002fdc       0xd8 C:/ST/STM32CubeCLT/GNU-tools-for-STM32/bin/../lib/gcc/arm-none-eabi/11.3.1/../../../../arm-none-eabi/lib/thumb/v7-m/nofp\libc_nano.a(libc_a-mprec.o)
                0x0000000008002fdc                __lshift
 .text.__mcmp   0x00000000080030b4       0x36 C:/ST/STM32CubeCLT/GNU-tools-for-STM32/bin/../lib/gcc/arm-none-eabi/11.3.1/../../../../arm-none-eabi/lib/thumb/v7-m/nofp\libc_nano.a(libc_a-mprec.o)
                0x00000000080030b4                __mcmp
 *fill*         0x00000000080030ea        0x2 
 .text.__mdiff  0x00000000080030ec      0x118 C:/ST/STM32CubeCLT/GNU-tools-for-STM32/bin/../lib/gcc/arm-none-eabi/11.3.1/../../../../arm-none-eabi/lib/thumb/v7-m/nofp\libc_nano.a(libc_a-mprec.o)
                0x00000000080030ec                __mdiff
 .text.__d2b    0x0000000008003204       0xac C:/ST/STM32CubeCLT/GNU-tools-for-STM32/bin/../lib/gcc/arm-none-eabi/11.3.1/../../../../arm-none-eabi/lib/thumb/v7-m/nofp\libc_nano.a(libc_a-mprec.o)
                0x0000000008003204                __d2b
 .text.__sflush_r
                0x00000000080032b0      0x104 C:/ST/STM32CubeCLT/GNU-tools-for-STM32/bin/../lib/gcc/arm-none-eabi/11.3.1/../../../../arm-none-eabi/lib/thumb/v7-m/nofp\libc_nano.a(libc_a-fflush.o)
                0x00000000080032b0                __sflush_r
 .text._fflush_r
                0x00000000080033b4       0x50 C:/ST/STM32CubeCLT/GNU-tools-for-STM32/bin/../lib/gcc/arm-none-eabi/11.3.1/../../../../arm-none-eabi/lib/thumb/v7-m/nofp\libc_nano.a(libc_a-fflush.o)
                0x00000000080033b4                _fflush_r
 .text._sbrk_r  0x0000000008003404       0x20 C:/ST/STM32CubeCLT/GNU-tools-for-STM32/bin/../lib/gcc/arm-none-eabi/11.3.1/../../../../arm-none-eabi/lib/thumb/v7-m/nofp\libc_nano.a(libc_a-sbrkr.o)
                0x0000000008003404                _sbrk_r
 .text.memcpy   0x0000000008003424       0x1c C:/ST/STM32CubeCLT/GNU-tools-for-STM32/bin/../lib/gcc/arm-none-eabi/11.3.1/../../../../arm-none-eabi/lib/thumb/v7-m/nofp\libc_nano.a(libc_a-memcpy-stub.o)
                0x0000000008003424                memcpy
 .text.__assert_func
                0x0000000008003440       0x3c C:/ST/STM32CubeCLT/GNU-tools-for-STM32/bin/../lib/gcc/arm-none-eabi/11.3.1/../../../../arm-none-eabi/lib/thumb/v7-m/nofp\libc_nano.a(libc_a-assert.o)
                0x0000000008003440                __assert_func
 .text._calloc_r
                0x000000000800347c       0x28 C:/ST/STM32CubeCLT/GNU-tools-for-STM32/bin/../lib/gcc/arm-none-eabi/11.3.1/../../../../arm-none-eabi/lib/thumb/v7-m/nofp\libc_nano.a(libc_a-callocr.o)
                0x000000000800347c                _calloc_r
 .text.__ascii_mbtowc
                0x00000000080034a4       0x24 C:/ST/STM32CubeCLT/GNU-tools-for-STM32/bin/../lib/gcc/arm-none-eabi/11.3.1/../../../../arm-none-eabi/lib/thumb/v7-m/nofp\libc_nano.a(libc_a-mbtowc_r.o)
                0x00000000080034a4                __ascii_mbtowc
 .text.__ascii_wctomb
                0x00000000080034c8       0x1a C:/ST/STM32CubeCLT/GNU-tools-for-STM32/bin/../lib/gcc/arm-none-eabi/11.3.1/../../../../arm-none-eabi/lib/thumb/v7-m/nofp\libc_nano.a(libc_a-wctomb_r.o)
                0x00000000080034c8                __ascii_wctomb
 *fill*         0x00000000080034e2        0x2 
 .text.fprintf  0x00000000080034e4       0x24 C:/ST/STM32CubeCLT/GNU-tools-for-STM32/bin/../lib/gcc/arm-none-eabi/11.3.1/../../../../arm-none-eabi/lib/thumb/v7-m/nofp\libc_nano.a(libc_a-fprintf.o)
                0x00000000080034e4                fiprintf
                0x00000000080034e4                fprintf
 .text.abort    0x0000000008003508        0xe C:/ST/STM32CubeCLT/GNU-tools-for-STM32/bin/../lib/gcc/arm-none-eabi/11.3.1/../../../../arm-none-eabi/lib/thumb/v7-m/nofp\libc_nano.a(libc_a-abort.o)
                0x0000000008003508                abort
 .text.__sfputc_r
                0x0000000008003516       0x2a C:/ST/STM32CubeCLT/GNU-tools-for-STM32/bin/../lib/gcc/arm-none-eabi/11.3.1/../../../../arm-none-eabi/lib/thumb/v7-m/nofp\libc_nano.a(libc_a-nano-vfprintf.o)
 .text.__sfputs_r
                0x0000000008003540       0x24 C:/ST/STM32CubeCLT/GNU-tools-for-STM32/bin/../lib/gcc/arm-none-eabi/11.3.1/../../../../arm-none-eabi/lib/thumb/v7-m/nofp\libc_nano.a(libc_a-nano-vfprintf.o)
                0x0000000008003540                __sfputs_r
 .text._vfprintf_r
                0x0000000008003564      0x234 C:/ST/STM32CubeCLT/GNU-tools-for-STM32/bin/../lib/gcc/arm-none-eabi/11.3.1/../../../../arm-none-eabi/lib/thumb/v7-m/nofp\libc_nano.a(libc_a-nano-vfprintf.o)
                0x0000000008003564                _vfprintf_r
                0x0000000008003564                _vfiprintf_r
 .text.__swbuf_r
                0x0000000008003798       0x7a C:/ST/STM32CubeCLT/GNU-tools-for-STM32/bin/../lib/gcc/arm-none-eabi/11.3.1/../../../../arm-none-eabi/lib/thumb/v7-m/nofp\libc_nano.a(libc_a-wbuf.o)
                0x0000000008003798                __swbuf_r
 *fill*         0x0000000008003812        0x2 
 .text.__swsetup_r
                0x0000000008003814       0xb0 C:/ST/STM32CubeCLT/GNU-tools-for-STM32/bin/../lib/gcc/arm-none-eabi/11.3.1/../../../../arm-none-eabi/lib/thumb/v7-m/nofp\libc_nano.a(libc_a-wsetup.o)
                0x0000000008003814                __swsetup_r
 .text.memmove  0x00000000080038c4       0x34 C:/ST/STM32CubeCLT/GNU-tools-for-STM32/bin/../lib/gcc/arm-none-eabi/11.3.1/../../../../arm-none-eabi/lib/thumb/v7-m/nofp\libc_nano.a(libc_a-memmove.o)
                0x00000000080038c4                memmove
 .text._raise_r
                0x00000000080038f8       0x50 C:/ST/STM32CubeCLT/GNU-tools-for-STM32/bin/../lib/gcc/arm-none-eabi/11.3.1/../../../../arm-none-eabi/lib/thumb/v7-m/nofp\libc_nano.a(libc_a-signal.o)
                0x00000000080038f8                _raise_r
 .text.raise    0x0000000008003948       0x10 C:/ST/STM32CubeCLT/GNU-tools-for-STM32/bin/../lib/gcc/arm-none-eabi/11.3.1/../../../../arm-none-eabi/lib/thumb/v7-m/nofp\libc_nano.a(libc_a-signal.o)
                0x0000000008003948                raise
 .text._kill_r  0x0000000008003958       0x24 C:/ST/STM32CubeCLT/GNU-tools-for-STM32/bin/../lib/gcc/arm-none-eabi/11.3.1/../../../../arm-none-eabi/lib/thumb/v7-m/nofp\libc_nano.a(libc_a-signalr.o)
                0x0000000008003958                _kill_r
 .text._getpid_r
                0x000000000800397c        0x4 C:/ST/STM32CubeCLT/GNU-tools-for-STM32/bin/../lib/gcc/arm-none-eabi/11.3.1/../../../../arm-none-eabi/lib/thumb/v7-m/nofp\libc_nano.a(libc_a-signalr.o)
                0x000000000800397c                _getpid_r
 .text._realloc_r
                0x0000000008003980       0x5e C:/ST/STM32CubeCLT/GNU-tools-for-STM32/bin/../lib/gcc/arm-none-eabi/11.3.1/../../../../arm-none-eabi/lib/thumb/v7-m/nofp\libc_nano.a(libc_a-reallocr.o)
                0x0000000008003980                _realloc_r
 .text.__swhatbuf_r
                0x00000000080039de       0x4a C:/ST/STM32CubeCLT/GNU-tools-for-STM32/bin/../lib/gcc/arm-none-eabi/11.3.1/../../../../arm-none-eabi/lib/thumb/v7-m/nofp\libc_nano.a(libc_a-makebuf.o)
                0x00000000080039de                __swhatbuf_r
 .text.__smakebuf_r
                0x0000000008003a28       0x78 C:/ST/STM32CubeCLT/GNU-tools-for-STM32/bin/../lib/gcc/arm-none-eabi/11.3.1/../../../../arm-none-eabi/lib/thumb/v7-m/nofp\libc_nano.a(libc_a-makebuf.o)
                0x0000000008003a28                __smakebuf_r
 .text._fstat_r
                0x0000000008003aa0       0x24 C:/ST/STM32CubeCLT/GNU-tools-for-STM32/bin/../lib/gcc/arm-none-eabi/11.3.1/../../../../arm-none-eabi/lib/thumb/v7-m/nofp\libc_nano.a(libc_a-fstatr.o)
                0x0000000008003aa0                _fstat_r
 .text._isatty_r
                0x0000000008003ac4       0x20 C:/ST/STM32CubeCLT/GNU-tools-for-STM32/bin/../lib/gcc/arm-none-eabi/11.3.1/../../../../arm-none-eabi/lib/thumb/v7-m/nofp\libc_nano.a(libc_a-isattyr.o)
                0x0000000008003ac4                _isatty_r
 .text._malloc_usable_size_r
                0x0000000008003ae4       0x10 C:/ST/STM32CubeCLT/GNU-tools-for-STM32/bin/../lib/gcc/arm-none-eabi/11.3.1/../../../../arm-none-eabi/lib/thumb/v7-m/nofp\libc_nano.a(libc_a-msizer.o)
                0x0000000008003ae4                _malloc_usable_size_r
 .text.hmi_showing_screen
                0x0000000008003af4       0x20 CMakeFiles/FW_PID_HEAT.dir/HMI/Src/hmi.c.obj
 .text.hmi_showing_data
                0x0000000008003b14       0x20 CMakeFiles/FW_PID_HEAT.dir/HMI/Src/hmi.c.obj
 .text.hmi_showing_update_data
                0x0000000008003b34       0x20 CMakeFiles/FW_PID_HEAT.dir/HMI/Src/hmi.c.obj
                0x0000000008003b34                hmi_showing_update_data
 .text.hmi_buttons_update_state
                0x0000000008003b54       0x24 CMakeFiles/FW_PID_HEAT.dir/HMI/Src/hmi.c.obj
 .text.hmi_set_screen
                0x0000000008003b78        0xc CMakeFiles/FW_PID_HEAT.dir/HMI/Src/hmi.c.obj
                0x0000000008003b78                hmi_set_screen
 .text.hmi_1ms_clock
                0x0000000008003b84        0x2 CMakeFiles/FW_PID_HEAT.dir/HMI/Src/hmi.c.obj
                0x0000000008003b84                hmi_1ms_clock
 *fill*         0x0000000008003b86        0x2 
 .text.hmi_init
                0x0000000008003b88       0x3c CMakeFiles/FW_PID_HEAT.dir/HMI/Src/hmi.c.obj
                0x0000000008003b88                hmi_init
 .text.hmi_update
                0x0000000008003bc4       0x50 CMakeFiles/FW_PID_HEAT.dir/HMI/Src/hmi.c.obj
                0x0000000008003bc4                hmi_update
 .text.hmi_deinit
                0x0000000008003c14        0x2 CMakeFiles/FW_PID_HEAT.dir/HMI/Src/hmi.c.obj
                0x0000000008003c14                hmi_deinit
 *fill*         0x0000000008003c16        0x2 
 .text.hmi_dashboard_increment_setpoint
                0x0000000008003c18       0x44 CMakeFiles/FW_PID_HEAT.dir/HMI/Src/hmi_dashboard.c.obj
 .text.hmi_dashboard_decrement_setpoint
                0x0000000008003c5c       0x44 CMakeFiles/FW_PID_HEAT.dir/HMI/Src/hmi_dashboard.c.obj
 .text.hmi_dashboard_increment_index
                0x0000000008003ca0       0x1c CMakeFiles/FW_PID_HEAT.dir/HMI/Src/hmi_dashboard.c.obj
 .text.hmi_dashboard_decrement_index
                0x0000000008003cbc       0x1c CMakeFiles/FW_PID_HEAT.dir/HMI/Src/hmi_dashboard.c.obj
 .text.hmi_dashboard_show_datahour
                0x0000000008003cd8       0x20 CMakeFiles/FW_PID_HEAT.dir/HMI/Src/hmi_dashboard.c.obj
 .text.hmi_dashboard_hide_digit
                0x0000000008003cf8       0x40 CMakeFiles/FW_PID_HEAT.dir/HMI/Src/hmi_dashboard.c.obj
 .text.hmi_dashboard_show_setpoint
                0x0000000008003d38       0x48 CMakeFiles/FW_PID_HEAT.dir/HMI/Src/hmi_dashboard.c.obj
 .text.hmi_dashboard_blnk_cursor
                0x0000000008003d80       0x74 CMakeFiles/FW_PID_HEAT.dir/HMI/Src/hmi_dashboard.c.obj
 .text.hmi_dashboard_show_temperature
                0x0000000008003df4       0x60 CMakeFiles/FW_PID_HEAT.dir/HMI/Src/hmi_dashboard.c.obj
 .text.hmi_dashboard_show_heat_state
                0x0000000008003e54       0x30 CMakeFiles/FW_PID_HEAT.dir/HMI/Src/hmi_dashboard.c.obj
 .text.hmi_dashboard_init
                0x0000000008003e84       0x1c CMakeFiles/FW_PID_HEAT.dir/HMI/Src/hmi_dashboard.c.obj
                0x0000000008003e84                hmi_dashboard_init
 .text.hmi_dashboard_get_setpoint
                0x0000000008003ea0       0x28 CMakeFiles/FW_PID_HEAT.dir/HMI/Src/hmi_dashboard.c.obj
                0x0000000008003ea0                hmi_dashboard_get_setpoint
 .text.hmi_dashboard_show_screen
                0x0000000008003ec8       0x10 CMakeFiles/FW_PID_HEAT.dir/HMI/Src/hmi_dashboard.c.obj
                0x0000000008003ec8                hmi_dashboard_show_screen
 .text.hmi_dashboard_1ms
                0x0000000008003ed8        0x2 CMakeFiles/FW_PID_HEAT.dir/HMI/Src/hmi_dashboard.c.obj
                0x0000000008003ed8                hmi_dashboard_1ms
 *fill*         0x0000000008003eda        0x2 
 .text.hmi_dashboard_update_data
                0x0000000008003edc       0x78 CMakeFiles/FW_PID_HEAT.dir/HMI/Src/hmi_dashboard.c.obj
                0x0000000008003edc                hmi_dashboard_update_data
 .text.hmi_dashboard_update_button
                0x0000000008003f54       0x40 CMakeFiles/FW_PID_HEAT.dir/HMI/Src/hmi_dashboard.c.obj
                0x0000000008003f54                hmi_dashboard_update_button
 .text.hmi_menu_increment_item_index
                0x0000000008003f94       0x1c CMakeFiles/FW_PID_HEAT.dir/HMI/Src/hmi_menu.c.obj
 .text.hmi_menu_decrement_item_index
                0x0000000008003fb0       0x1c CMakeFiles/FW_PID_HEAT.dir/HMI/Src/hmi_menu.c.obj
 .text.hmi_menu_show_visible_string
                0x0000000008003fcc       0x24 CMakeFiles/FW_PID_HEAT.dir/HMI/Src/hmi_menu.c.obj
                0x0000000008003fcc                hmi_menu_show_visible_string
 .text.hmi_menu_show_cursor
                0x0000000008003ff0       0x18 CMakeFiles/FW_PID_HEAT.dir/HMI/Src/hmi_menu.c.obj
                0x0000000008003ff0                hmi_menu_show_cursor
 .text.hmi_menu_show_visible_itens
                0x0000000008004008       0x10 CMakeFiles/FW_PID_HEAT.dir/HMI/Src/hmi_menu.c.obj
                0x0000000008004008                hmi_menu_show_visible_itens
 .text.hmi_menu_init
                0x0000000008004018        0x2 CMakeFiles/FW_PID_HEAT.dir/HMI/Src/hmi_menu.c.obj
                0x0000000008004018                hmi_menu_init
 .text.hmi_menu_show_screen
                0x000000000800401a        0x8 CMakeFiles/FW_PID_HEAT.dir/HMI/Src/hmi_menu.c.obj
                0x000000000800401a                hmi_menu_show_screen
 .text.hmi_menu_update_data
                0x0000000008004022        0x2 CMakeFiles/FW_PID_HEAT.dir/HMI/Src/hmi_menu.c.obj
                0x0000000008004022                hmi_menu_update_data
 .text.hmi_menu_update_button
                0x0000000008004024       0x58 CMakeFiles/FW_PID_HEAT.dir/HMI/Src/hmi_menu.c.obj
                0x0000000008004024                hmi_menu_update_button
 .text.hmi_intro_init
                0x000000000800407c        0x2 CMakeFiles/FW_PID_HEAT.dir/HMI/Src/hmi_intro.c.obj
                0x000000000800407c                hmi_intro_init
 *fill*         0x000000000800407e        0x2 
 .text.hmi_intro_show_screen
                0x0000000008004080       0x24 CMakeFiles/FW_PID_HEAT.dir/HMI/Src/hmi_intro.c.obj
                0x0000000008004080                hmi_intro_show_screen
 .text.hmi_intro_update_data
                0x00000000080040a4        0x2 CMakeFiles/FW_PID_HEAT.dir/HMI/Src/hmi_intro.c.obj
                0x00000000080040a4                hmi_intro_update_data
 .text.hmi_intro_update_button
                0x00000000080040a6        0x2 CMakeFiles/FW_PID_HEAT.dir/HMI/Src/hmi_intro.c.obj
                0x00000000080040a6                hmi_intro_update_button
 .text.hmi_pid_init
                0x00000000080040a8        0x2 CMakeFiles/FW_PID_HEAT.dir/HMI/Src/hmi_pid.c.obj
                0x00000000080040a8                hmi_pid_init
 .text.hmi_pid_show_screen
                0x00000000080040aa        0x2 CMakeFiles/FW_PID_HEAT.dir/HMI/Src/hmi_pid.c.obj
                0x00000000080040aa                hmi_pid_show_screen
 .text.hmi_pid_update_data
                0x00000000080040ac        0x2 CMakeFiles/FW_PID_HEAT.dir/HMI/Src/hmi_pid.c.obj
                0x00000000080040ac                hmi_pid_update_data
 .text.hmi_pid_update_button
                0x00000000080040ae        0x2 CMakeFiles/FW_PID_HEAT.dir/HMI/Src/hmi_pid.c.obj
                0x00000000080040ae                hmi_pid_update_button
 .text.vLCD_HD44780_Delay_ms
                0x00000000080040b0        0x8 CMakeFiles/FW_PID_HEAT.dir/HD44780/LCD_HD44780.c.obj
 .text.vLCD_HD44780_Delay_us
                0x00000000080040b8       0x84 CMakeFiles/FW_PID_HEAT.dir/HD44780/LCD_HD44780.c.obj
 .text.vLCD_HD44780_Cmd4bit
                0x000000000800413c       0x7c CMakeFiles/FW_PID_HEAT.dir/HD44780/LCD_HD44780.c.obj
 .text.vLCD_HD44780_Cmd
                0x00000000080041b8       0x2c CMakeFiles/FW_PID_HEAT.dir/HD44780/LCD_HD44780.c.obj
 .text.vLCD_HD44780_Data
                0x00000000080041e4       0x2c CMakeFiles/FW_PID_HEAT.dir/HD44780/LCD_HD44780.c.obj
 .text.vLCD_HD44780_Clear
                0x0000000008004210       0x10 CMakeFiles/FW_PID_HEAT.dir/HD44780/LCD_HD44780.c.obj
                0x0000000008004210                vLCD_HD44780_Clear
 .text.vLCD_HD44780_DisplayOn
                0x0000000008004220       0x1c CMakeFiles/FW_PID_HEAT.dir/HD44780/LCD_HD44780.c.obj
                0x0000000008004220                vLCD_HD44780_DisplayOn
 .text.vLCD_HD44780_Init
                0x000000000800423c       0x74 CMakeFiles/FW_PID_HEAT.dir/HD44780/LCD_HD44780.c.obj
                0x000000000800423c                vLCD_HD44780_Init
 .text.vLCD_HD44780_CursorSet
                0x00000000080042b0       0x3c CMakeFiles/FW_PID_HEAT.dir/HD44780/LCD_HD44780.c.obj
                0x00000000080042b0                vLCD_HD44780_CursorSet
 .text.vLCD_HD44780_Puts
                0x00000000080042ec       0x68 CMakeFiles/FW_PID_HEAT.dir/HD44780/LCD_HD44780.c.obj
                0x00000000080042ec                vLCD_HD44780_Puts
 .text.read_buttons_state
                0x0000000008004354       0x60 CMakeFiles/FW_PID_HEAT.dir/App/Src/buttons.c.obj
                0x0000000008004354                read_buttons_state
 .text.adc_get_value
                0x00000000080043b4        0xc CMakeFiles/FW_PID_HEAT.dir/App/Src/adc.c.obj
                0x00000000080043b4                adc_get_value
 .text.filter_adc
                0x00000000080043c0       0x48 CMakeFiles/FW_PID_HEAT.dir/App/Src/adc.c.obj
                0x00000000080043c0                filter_adc
 .text.adc_1ms_clock
                0x0000000008004408        0x2 CMakeFiles/FW_PID_HEAT.dir/App/Src/adc.c.obj
                0x0000000008004408                adc_1ms_clock
 .text.adc_init
                0x000000000800440a        0x2 CMakeFiles/FW_PID_HEAT.dir/App/Src/adc.c.obj
                0x000000000800440a                adc_init
 .text.adc_update
                0x000000000800440c       0x20 CMakeFiles/FW_PID_HEAT.dir/App/Src/adc.c.obj
                0x000000000800440c                adc_update
 .text.adc_deinit
                0x000000000800442c        0x2 CMakeFiles/FW_PID_HEAT.dir/App/Src/adc.c.obj
                0x000000000800442c                adc_deinit
 *fill*         0x000000000800442e        0x2 
 .text.app_set_fan_porcentage
                0x0000000008004430       0x20 CMakeFiles/FW_PID_HEAT.dir/App/Src/app.c.obj
 .text.app_set_heat_state
                0x0000000008004450       0x48 CMakeFiles/FW_PID_HEAT.dir/App/Src/app.c.obj
 .text.app_set_time_pwm_lamp
                0x0000000008004498       0x78 CMakeFiles/FW_PID_HEAT.dir/App/Src/app.c.obj
 .text.app_read_button_heat_state
                0x0000000008004510       0x34 CMakeFiles/FW_PID_HEAT.dir/App/Src/app.c.obj
 .text.app_led_mcu_status
                0x0000000008004544       0x30 CMakeFiles/FW_PID_HEAT.dir/App/Src/app.c.obj
 .text.adc_to_resistance
                0x0000000008004574       0x8c CMakeFiles/FW_PID_HEAT.dir/App/Src/app.c.obj
                0x0000000008004574                adc_to_resistance
 .text.resistance_to_temperature
                0x0000000008004600       0x58 CMakeFiles/FW_PID_HEAT.dir/App/Src/app.c.obj
                0x0000000008004600                resistance_to_temperature
 .text.app_get_heat_state
                0x0000000008004658        0xc CMakeFiles/FW_PID_HEAT.dir/App/Src/app.c.obj
                0x0000000008004658                app_get_heat_state
 .text.app_1ms_clock
                0x0000000008004664       0x34 CMakeFiles/FW_PID_HEAT.dir/App/Src/app.c.obj
                0x0000000008004664                app_1ms_clock
 .text.float_to_int
                0x0000000008004698       0x14 CMakeFiles/FW_PID_HEAT.dir/App/Src/app.c.obj
                0x0000000008004698                float_to_int
 .text.app_calc_temperature
                0x00000000080046ac       0x64 CMakeFiles/FW_PID_HEAT.dir/App/Src/app.c.obj
 .text.app_init
                0x0000000008004710       0x10 CMakeFiles/FW_PID_HEAT.dir/App/Src/app.c.obj
                0x0000000008004710                app_init
 .text.app_get_temperature
                0x0000000008004720        0xc CMakeFiles/FW_PID_HEAT.dir/App/Src/app.c.obj
                0x0000000008004720                app_get_temperature
 .text.app_update
                0x000000000800472c       0x80 CMakeFiles/FW_PID_HEAT.dir/App/Src/app.c.obj
                0x000000000800472c                app_update
 .text.app_deinit
                0x00000000080047ac        0x2 CMakeFiles/FW_PID_HEAT.dir/App/Src/app.c.obj
                0x00000000080047ac                app_deinit
 .text.pid_1ms_clock
                0x00000000080047ae        0x2 CMakeFiles/FW_PID_HEAT.dir/App/Src/pid.c.obj
                0x00000000080047ae                pid_1ms_clock
 .text.get_pid_calc
                0x00000000080047b0        0xc CMakeFiles/FW_PID_HEAT.dir/App/Src/pid.c.obj
                0x00000000080047b0                get_pid_calc
 .text.pid_init
                0x00000000080047bc       0x28 CMakeFiles/FW_PID_HEAT.dir/App/Src/pid.c.obj
                0x00000000080047bc                pid_init
 .text.pid_update
                0x00000000080047e4       0x24 CMakeFiles/FW_PID_HEAT.dir/App/Src/pid.c.obj
                0x00000000080047e4                pid_update
 .text.pid_deinit
                0x0000000008004808        0x2 CMakeFiles/FW_PID_HEAT.dir/App/Src/pid.c.obj
                0x0000000008004808                pid_deinit
 *fill*         0x000000000800480a        0x2 
 .text._sbrk    0x000000000800480c       0x48 CMakeFiles/FW_PID_HEAT.dir/Core/Src/sysmem.c.obj
                0x000000000800480c                _sbrk
 .text.SystemInit
                0x0000000008004854        0x2 CMakeFiles/FW_PID_HEAT.dir/Core/Src/system_stm32f1xx.c.obj
                0x0000000008004854                SystemInit
 .text._getpid  0x0000000008004856        0x4 CMakeFiles/FW_PID_HEAT.dir/Core/Src/syscalls.c.obj
                0x0000000008004856                _getpid
 .text._kill    0x000000000800485a       0x10 CMakeFiles/FW_PID_HEAT.dir/Core/Src/syscalls.c.obj
                0x000000000800485a                _kill
 .text._exit    0x000000000800486a        0xc CMakeFiles/FW_PID_HEAT.dir/Core/Src/syscalls.c.obj
                0x000000000800486a                _exit
 .text._read    0x0000000008004876       0x20 CMakeFiles/FW_PID_HEAT.dir/Core/Src/syscalls.c.obj
                0x0000000008004876                _read
 .text._write   0x0000000008004896       0x1c CMakeFiles/FW_PID_HEAT.dir/Core/Src/syscalls.c.obj
                0x0000000008004896                _write
 .text._close   0x00000000080048b2        0x6 CMakeFiles/FW_PID_HEAT.dir/Core/Src/syscalls.c.obj
                0x00000000080048b2                _close
 .text._fstat   0x00000000080048b8        0xa CMakeFiles/FW_PID_HEAT.dir/Core/Src/syscalls.c.obj
                0x00000000080048b8                _fstat
 .text._isatty  0x00000000080048c2        0x4 CMakeFiles/FW_PID_HEAT.dir/Core/Src/syscalls.c.obj
                0x00000000080048c2                _isatty
 .text._lseek   0x00000000080048c6        0x4 CMakeFiles/FW_PID_HEAT.dir/Core/Src/syscalls.c.obj
                0x00000000080048c6                _lseek
 .text.NMI_Handler
                0x00000000080048ca        0x2 CMakeFiles/FW_PID_HEAT.dir/Core/Src/stm32f1xx_it.c.obj
                0x00000000080048ca                NMI_Handler
 .text.HardFault_Handler
                0x00000000080048cc        0x2 CMakeFiles/FW_PID_HEAT.dir/Core/Src/stm32f1xx_it.c.obj
                0x00000000080048cc                HardFault_Handler
 .text.MemManage_Handler
                0x00000000080048ce        0x2 CMakeFiles/FW_PID_HEAT.dir/Core/Src/stm32f1xx_it.c.obj
                0x00000000080048ce                MemManage_Handler
 .text.BusFault_Handler
                0x00000000080048d0        0x2 CMakeFiles/FW_PID_HEAT.dir/Core/Src/stm32f1xx_it.c.obj
                0x00000000080048d0                BusFault_Handler
 .text.UsageFault_Handler
                0x00000000080048d2        0x2 CMakeFiles/FW_PID_HEAT.dir/Core/Src/stm32f1xx_it.c.obj
                0x00000000080048d2                UsageFault_Handler
 .text.SVC_Handler
                0x00000000080048d4        0x2 CMakeFiles/FW_PID_HEAT.dir/Core/Src/stm32f1xx_it.c.obj
                0x00000000080048d4                SVC_Handler
 .text.DebugMon_Handler
                0x00000000080048d6        0x2 CMakeFiles/FW_PID_HEAT.dir/Core/Src/stm32f1xx_it.c.obj
                0x00000000080048d6                DebugMon_Handler
 .text.PendSV_Handler
                0x00000000080048d8        0x2 CMakeFiles/FW_PID_HEAT.dir/Core/Src/stm32f1xx_it.c.obj
                0x00000000080048d8                PendSV_Handler
 .text.SysTick_Handler
                0x00000000080048da       0x10 CMakeFiles/FW_PID_HEAT.dir/Core/Src/stm32f1xx_it.c.obj
                0x00000000080048da                SysTick_Handler
 *fill*         0x00000000080048ea        0x2 
 .text.DMA1_Channel1_IRQHandler
                0x00000000080048ec       0x10 CMakeFiles/FW_PID_HEAT.dir/Core/Src/stm32f1xx_it.c.obj
                0x00000000080048ec                DMA1_Channel1_IRQHandler
 .text.ADC1_2_IRQHandler
                0x00000000080048fc       0x10 CMakeFiles/FW_PID_HEAT.dir/Core/Src/stm32f1xx_it.c.obj
                0x00000000080048fc                ADC1_2_IRQHandler
 .text.HAL_MspInit
                0x000000000800490c       0x44 CMakeFiles/FW_PID_HEAT.dir/Core/Src/stm32f1xx_hal_msp.c.obj
                0x000000000800490c                HAL_MspInit
 .text.HAL_ADC_MspInit
                0x0000000008004950       0xa8 CMakeFiles/FW_PID_HEAT.dir/Core/Src/stm32f1xx_hal_msp.c.obj
                0x0000000008004950                HAL_ADC_MspInit
 .text.HAL_TIM_PWM_MspInit
                0x00000000080049f8       0x2c CMakeFiles/FW_PID_HEAT.dir/Core/Src/stm32f1xx_hal_msp.c.obj
                0x00000000080049f8                HAL_TIM_PWM_MspInit
 .text.HAL_TIM_MspPostInit
                0x0000000008004a24       0x50 CMakeFiles/FW_PID_HEAT.dir/Core/Src/stm32f1xx_hal_msp.c.obj
                0x0000000008004a24                HAL_TIM_MspPostInit
 .text.MX_GPIO_Init
                0x0000000008004a74      0x108 CMakeFiles/FW_PID_HEAT.dir/Core/Src/main.c.obj
 .text.MX_DMA_Init
                0x0000000008004b7c       0x34 CMakeFiles/FW_PID_HEAT.dir/Core/Src/main.c.obj
 .text.Error_Handler
                0x0000000008004bb0        0x4 CMakeFiles/FW_PID_HEAT.dir/Core/Src/main.c.obj
                0x0000000008004bb0                Error_Handler
 .text.MX_ADC1_Init
                0x0000000008004bb4       0x74 CMakeFiles/FW_PID_HEAT.dir/Core/Src/main.c.obj
 .text.MX_TIM3_Init
                0x0000000008004c28       0x80 CMakeFiles/FW_PID_HEAT.dir/Core/Src/main.c.obj
 .text.SystemClock_Config
                0x0000000008004ca8       0x84 CMakeFiles/FW_PID_HEAT.dir/Core/Src/main.c.obj
                0x0000000008004ca8                SystemClock_Config
 .text.main     0x0000000008004d2c       0x48 CMakeFiles/FW_PID_HEAT.dir/Core/Src/main.c.obj
                0x0000000008004d2c                main
 .text.sl_pid_reset
                0x0000000008004d74        0xc CMakeFiles/FW_PID_HEAT.dir/Middleware/SuperLoop/sl_lib.c.obj
                0x0000000008004d74                sl_pid_reset
 .text.sl_pid_init
                0x0000000008004d80       0x1a CMakeFiles/FW_PID_HEAT.dir/Middleware/SuperLoop/sl_lib.c.obj
                0x0000000008004d80                sl_pid_init
 .text.sl_pid_calc
                0x0000000008004d9a       0x6e CMakeFiles/FW_PID_HEAT.dir/Middleware/SuperLoop/sl_lib.c.obj
                0x0000000008004d9a                sl_pid_calc
 .text.sl_enter_critical
                0x0000000008004e08       0x10 CMakeFiles/FW_PID_HEAT.dir/Middleware/SuperLoop/sl.c.obj
                0x0000000008004e08                sl_enter_critical
 .text.sl_leave_critical
                0x0000000008004e18       0x14 CMakeFiles/FW_PID_HEAT.dir/Middleware/SuperLoop/sl.c.obj
                0x0000000008004e18                sl_leave_critical
 .text.sl_1ms_clock
                0x0000000008004e2c       0x50 CMakeFiles/FW_PID_HEAT.dir/Middleware/SuperLoop/sl.c.obj
                0x0000000008004e2c                sl_1ms_clock
 .text.sl_init  0x0000000008004e7c       0x4c CMakeFiles/FW_PID_HEAT.dir/Middleware/SuperLoop/sl.c.obj
                0x0000000008004e7c                sl_init
 .text.sl_deinit
                0x0000000008004ec8       0x2c CMakeFiles/FW_PID_HEAT.dir/Middleware/SuperLoop/sl.c.obj
                0x0000000008004ec8                sl_deinit
 .text.sl_update
                0x0000000008004ef4       0x68 CMakeFiles/FW_PID_HEAT.dir/Middleware/SuperLoop/sl.c.obj
                0x0000000008004ef4                sl_update
 .text.HAL_ADCEx_InjectedConvCpltCallback
                0x0000000008004f5c        0x2 CMakeFiles/FW_PID_HEAT.dir/Drivers/STM32F1xx_HAL_Driver/Src/stm32f1xx_hal_adc_ex.c.obj
                0x0000000008004f5c                HAL_ADCEx_InjectedConvCpltCallback
 .text.HAL_ADC_ConvCpltCallback
                0x0000000008004f5e        0x2 CMakeFiles/FW_PID_HEAT.dir/Drivers/STM32F1xx_HAL_Driver/Src/stm32f1xx_hal_adc.c.obj
                0x0000000008004f5e                HAL_ADC_ConvCpltCallback
 .text.ADC_DMAConvCplt
                0x0000000008004f60       0x52 CMakeFiles/FW_PID_HEAT.dir/Drivers/STM32F1xx_HAL_Driver/Src/stm32f1xx_hal_adc.c.obj
                0x0000000008004f60                ADC_DMAConvCplt
 .text.HAL_ADC_ConvHalfCpltCallback
                0x0000000008004fb2        0x2 CMakeFiles/FW_PID_HEAT.dir/Drivers/STM32F1xx_HAL_Driver/Src/stm32f1xx_hal_adc.c.obj
                0x0000000008004fb2                HAL_ADC_ConvHalfCpltCallback
 .text.ADC_DMAHalfConvCplt
                0x0000000008004fb4        0xa CMakeFiles/FW_PID_HEAT.dir/Drivers/STM32F1xx_HAL_Driver/Src/stm32f1xx_hal_adc.c.obj
                0x0000000008004fb4                ADC_DMAHalfConvCplt
 .text.HAL_ADC_LevelOutOfWindowCallback
                0x0000000008004fbe        0x2 CMakeFiles/FW_PID_HEAT.dir/Drivers/STM32F1xx_HAL_Driver/Src/stm32f1xx_hal_adc.c.obj
                0x0000000008004fbe                HAL_ADC_LevelOutOfWindowCallback
 .text.HAL_ADC_IRQHandler
                0x0000000008004fc0      0x102 CMakeFiles/FW_PID_HEAT.dir/Drivers/STM32F1xx_HAL_Driver/Src/stm32f1xx_hal_adc.c.obj
                0x0000000008004fc0                HAL_ADC_IRQHandler
 .text.HAL_ADC_ErrorCallback
                0x00000000080050c2        0x2 CMakeFiles/FW_PID_HEAT.dir/Drivers/STM32F1xx_HAL_Driver/Src/stm32f1xx_hal_adc.c.obj
                0x00000000080050c2                HAL_ADC_ErrorCallback
 .text.ADC_DMAError
                0x00000000080050c4       0x1a CMakeFiles/FW_PID_HEAT.dir/Drivers/STM32F1xx_HAL_Driver/Src/stm32f1xx_hal_adc.c.obj
                0x00000000080050c4                ADC_DMAError
 *fill*         0x00000000080050de        0x2 
 .text.HAL_ADC_ConfigChannel
                0x00000000080050e0      0x140 CMakeFiles/FW_PID_HEAT.dir/Drivers/STM32F1xx_HAL_Driver/Src/stm32f1xx_hal_adc.c.obj
                0x00000000080050e0                HAL_ADC_ConfigChannel
 .text.ADC_Enable
                0x0000000008005220       0x88 CMakeFiles/FW_PID_HEAT.dir/Drivers/STM32F1xx_HAL_Driver/Src/stm32f1xx_hal_adc.c.obj
                0x0000000008005220                ADC_Enable
 .text.HAL_ADC_Start_DMA
                0x00000000080052a8      0x130 CMakeFiles/FW_PID_HEAT.dir/Drivers/STM32F1xx_HAL_Driver/Src/stm32f1xx_hal_adc.c.obj
                0x00000000080052a8                HAL_ADC_Start_DMA
 .text.ADC_ConversionStop_Disable
                0x00000000080053d8       0x56 CMakeFiles/FW_PID_HEAT.dir/Drivers/STM32F1xx_HAL_Driver/Src/stm32f1xx_hal_adc.c.obj
                0x00000000080053d8                ADC_ConversionStop_Disable
 *fill*         0x000000000800542e        0x2 
 .text.HAL_ADC_Init
                0x0000000008005430      0x108 CMakeFiles/FW_PID_HEAT.dir/Drivers/STM32F1xx_HAL_Driver/Src/stm32f1xx_hal_adc.c.obj
                0x0000000008005430                HAL_ADC_Init
 .text.HAL_NVIC_SetPriorityGrouping
                0x0000000008005538       0x24 CMakeFiles/FW_PID_HEAT.dir/Drivers/STM32F1xx_HAL_Driver/Src/stm32f1xx_hal_cortex.c.obj
                0x0000000008005538                HAL_NVIC_SetPriorityGrouping
 .text.HAL_NVIC_SetPriority
                0x000000000800555c       0x70 CMakeFiles/FW_PID_HEAT.dir/Drivers/STM32F1xx_HAL_Driver/Src/stm32f1xx_hal_cortex.c.obj
                0x000000000800555c                HAL_NVIC_SetPriority
 .text.HAL_NVIC_EnableIRQ
                0x00000000080055cc       0x1c CMakeFiles/FW_PID_HEAT.dir/Drivers/STM32F1xx_HAL_Driver/Src/stm32f1xx_hal_cortex.c.obj
                0x00000000080055cc                HAL_NVIC_EnableIRQ
 .text.HAL_SYSTICK_Config
                0x00000000080055e8       0x28 CMakeFiles/FW_PID_HEAT.dir/Drivers/STM32F1xx_HAL_Driver/Src/stm32f1xx_hal_cortex.c.obj
                0x00000000080055e8                HAL_SYSTICK_Config
 .text.DMA_SetConfig
                0x0000000008005610       0x2c CMakeFiles/FW_PID_HEAT.dir/Drivers/STM32F1xx_HAL_Driver/Src/stm32f1xx_hal_dma.c.obj
 .text.HAL_DMA_Init
                0x000000000800563c       0x6c CMakeFiles/FW_PID_HEAT.dir/Drivers/STM32F1xx_HAL_Driver/Src/stm32f1xx_hal_dma.c.obj
                0x000000000800563c                HAL_DMA_Init
 .text.HAL_DMA_Start_IT
                0x00000000080056a8       0x76 CMakeFiles/FW_PID_HEAT.dir/Drivers/STM32F1xx_HAL_Driver/Src/stm32f1xx_hal_dma.c.obj
                0x00000000080056a8                HAL_DMA_Start_IT
 *fill*         0x000000000800571e        0x2 
 .text.HAL_DMA_IRQHandler
                0x0000000008005720      0x144 CMakeFiles/FW_PID_HEAT.dir/Drivers/STM32F1xx_HAL_Driver/Src/stm32f1xx_hal_dma.c.obj
                0x0000000008005720                HAL_DMA_IRQHandler
 .text.HAL_GPIO_Init
                0x0000000008005864      0x224 CMakeFiles/FW_PID_HEAT.dir/Drivers/STM32F1xx_HAL_Driver/Src/stm32f1xx_hal_gpio.c.obj
                0x0000000008005864                HAL_GPIO_Init
 .text.HAL_GPIO_ReadPin
                0x0000000008005a88        0xe CMakeFiles/FW_PID_HEAT.dir/Drivers/STM32F1xx_HAL_Driver/Src/stm32f1xx_hal_gpio.c.obj
                0x0000000008005a88                HAL_GPIO_ReadPin
 .text.HAL_GPIO_WritePin
                0x0000000008005a96        0xc CMakeFiles/FW_PID_HEAT.dir/Drivers/STM32F1xx_HAL_Driver/Src/stm32f1xx_hal_gpio.c.obj
                0x0000000008005a96                HAL_GPIO_WritePin
 .text.HAL_GPIO_TogglePin
                0x0000000008005aa2       0x12 CMakeFiles/FW_PID_HEAT.dir/Drivers/STM32F1xx_HAL_Driver/Src/stm32f1xx_hal_gpio.c.obj
                0x0000000008005aa2                HAL_GPIO_TogglePin
 .text.HAL_RCCEx_PeriphCLKConfig
                0x0000000008005ab4      0x118 CMakeFiles/FW_PID_HEAT.dir/Drivers/STM32F1xx_HAL_Driver/Src/stm32f1xx_hal_rcc_ex.c.obj
                0x0000000008005ab4                HAL_RCCEx_PeriphCLKConfig
 .text.RCC_Delay
                0x0000000008005bcc       0x2c CMakeFiles/FW_PID_HEAT.dir/Drivers/STM32F1xx_HAL_Driver/Src/stm32f1xx_hal_rcc.c.obj
 .text.HAL_RCC_OscConfig
                0x0000000008005bf8      0x410 CMakeFiles/FW_PID_HEAT.dir/Drivers/STM32F1xx_HAL_Driver/Src/stm32f1xx_hal_rcc.c.obj
                0x0000000008005bf8                HAL_RCC_OscConfig
 .text.HAL_RCC_GetSysClockFreq
                0x0000000008006008       0x54 CMakeFiles/FW_PID_HEAT.dir/Drivers/STM32F1xx_HAL_Driver/Src/stm32f1xx_hal_rcc.c.obj
                0x0000000008006008                HAL_RCC_GetSysClockFreq
 .text.HAL_RCC_ClockConfig
                0x000000000800605c      0x16c CMakeFiles/FW_PID_HEAT.dir/Drivers/STM32F1xx_HAL_Driver/Src/stm32f1xx_hal_rcc.c.obj
                0x000000000800605c                HAL_RCC_ClockConfig
 .text.HAL_InitTick
                0x00000000080061c8       0x4c CMakeFiles/FW_PID_HEAT.dir/Drivers/STM32F1xx_HAL_Driver/Src/stm32f1xx_hal.c.obj
                0x00000000080061c8                HAL_InitTick
 .text.HAL_Init
                0x0000000008006214       0x24 CMakeFiles/FW_PID_HEAT.dir/Drivers/STM32F1xx_HAL_Driver/Src/stm32f1xx_hal.c.obj
                0x0000000008006214                HAL_Init
 .text.HAL_IncTick
                0x0000000008006238       0x18 CMakeFiles/FW_PID_HEAT.dir/Drivers/STM32F1xx_HAL_Driver/Src/stm32f1xx_hal.c.obj
                0x0000000008006238                HAL_IncTick
 .text.HAL_GetTick
                0x0000000008006250        0xc CMakeFiles/FW_PID_HEAT.dir/Drivers/STM32F1xx_HAL_Driver/Src/stm32f1xx_hal.c.obj
                0x0000000008006250                HAL_GetTick
 .text.HAL_Delay
                0x000000000800625c       0x28 CMakeFiles/FW_PID_HEAT.dir/Drivers/STM32F1xx_HAL_Driver/Src/stm32f1xx_hal.c.obj
                0x000000000800625c                HAL_Delay
 .text.TIM_OC1_SetConfig
                0x0000000008006284       0x5c CMakeFiles/FW_PID_HEAT.dir/Drivers/STM32F1xx_HAL_Driver/Src/stm32f1xx_hal_tim.c.obj
 .text.TIM_OC3_SetConfig
                0x00000000080062e0       0x64 CMakeFiles/FW_PID_HEAT.dir/Drivers/STM32F1xx_HAL_Driver/Src/stm32f1xx_hal_tim.c.obj
 .text.TIM_OC4_SetConfig
                0x0000000008006344       0x48 CMakeFiles/FW_PID_HEAT.dir/Drivers/STM32F1xx_HAL_Driver/Src/stm32f1xx_hal_tim.c.obj
 .text.TIM_Base_SetConfig
                0x000000000800638c       0x84 CMakeFiles/FW_PID_HEAT.dir/Drivers/STM32F1xx_HAL_Driver/Src/stm32f1xx_hal_tim.c.obj
                0x000000000800638c                TIM_Base_SetConfig
 .text.HAL_TIM_PWM_Init
                0x0000000008006410       0x58 CMakeFiles/FW_PID_HEAT.dir/Drivers/STM32F1xx_HAL_Driver/Src/stm32f1xx_hal_tim.c.obj
                0x0000000008006410                HAL_TIM_PWM_Init
 .text.TIM_OC2_SetConfig
                0x0000000008006468       0x64 CMakeFiles/FW_PID_HEAT.dir/Drivers/STM32F1xx_HAL_Driver/Src/stm32f1xx_hal_tim.c.obj
                0x0000000008006468                TIM_OC2_SetConfig
 .text.HAL_TIM_PWM_ConfigChannel
                0x00000000080064cc       0xdc CMakeFiles/FW_PID_HEAT.dir/Drivers/STM32F1xx_HAL_Driver/Src/stm32f1xx_hal_tim.c.obj
                0x00000000080064cc                HAL_TIM_PWM_ConfigChannel
 .text.TIM_CCxChannelCmd
                0x00000000080065a8       0x1e CMakeFiles/FW_PID_HEAT.dir/Drivers/STM32F1xx_HAL_Driver/Src/stm32f1xx_hal_tim.c.obj
                0x00000000080065a8                TIM_CCxChannelCmd
 *fill*         0x00000000080065c6        0x2 
 .text.HAL_TIM_PWM_Start
                0x00000000080065c8       0xdc CMakeFiles/FW_PID_HEAT.dir/Drivers/STM32F1xx_HAL_Driver/Src/stm32f1xx_hal_tim.c.obj
                0x00000000080065c8                HAL_TIM_PWM_Start
 .text.HAL_TIMEx_MasterConfigSynchronization
                0x00000000080066a4       0x6c CMakeFiles/FW_PID_HEAT.dir/Drivers/STM32F1xx_HAL_Driver/Src/stm32f1xx_hal_tim_ex.c.obj
                0x00000000080066a4                HAL_TIMEx_MasterConfigSynchronization
 .text.Reset_Handler
                0x0000000008006710       0x48 CMakeFiles/FW_PID_HEAT.dir/Core/Startup/startup_stm32f103c8tx.s.obj
                0x0000000008006710                Reset_Handler
 .text.Default_Handler
                0x0000000008006758        0x2 CMakeFiles/FW_PID_HEAT.dir/Core/Startup/startup_stm32f103c8tx.s.obj
                0x0000000008006758                RTC_Alarm_IRQHandler
                0x0000000008006758                EXTI2_IRQHandler
                0x0000000008006758                TIM1_CC_IRQHandler
                0x0000000008006758                PVD_IRQHandler
                0x0000000008006758                EXTI3_IRQHandler
                0x0000000008006758                EXTI0_IRQHandler
                0x0000000008006758                I2C2_EV_IRQHandler
                0x0000000008006758                SPI1_IRQHandler
                0x0000000008006758                TAMPER_IRQHandler
                0x0000000008006758                DMA1_Channel4_IRQHandler
                0x0000000008006758                USART3_IRQHandler
                0x0000000008006758                RTC_IRQHandler
                0x0000000008006758                DMA1_Channel7_IRQHandler
                0x0000000008006758                CAN1_RX1_IRQHandler
                0x0000000008006758                TIM4_IRQHandler
                0x0000000008006758                I2C1_EV_IRQHandler
                0x0000000008006758                DMA1_Channel6_IRQHandler
                0x0000000008006758                TIM3_IRQHandler
                0x0000000008006758                RCC_IRQHandler
                0x0000000008006758                TIM1_TRG_COM_IRQHandler
                0x0000000008006758                Default_Handler
                0x0000000008006758                EXTI15_10_IRQHandler
                0x0000000008006758                EXTI9_5_IRQHandler
                0x0000000008006758                SPI2_IRQHandler
                0x0000000008006758                DMA1_Channel5_IRQHandler
                0x0000000008006758                EXTI4_IRQHandler
                0x0000000008006758                USB_LP_CAN1_RX0_IRQHandler
                0x0000000008006758                USB_HP_CAN1_TX_IRQHandler
                0x0000000008006758                DMA1_Channel3_IRQHandler
                0x0000000008006758                TIM1_UP_IRQHandler
                0x0000000008006758                WWDG_IRQHandler
                0x0000000008006758                TIM2_IRQHandler
                0x0000000008006758                TIM1_BRK_IRQHandler
                0x0000000008006758                EXTI1_IRQHandler
                0x0000000008006758                USART2_IRQHandler
                0x0000000008006758                I2C2_ER_IRQHandler
                0x0000000008006758                DMA1_Channel2_IRQHandler
                0x0000000008006758                CAN1_SCE_IRQHandler
                0x0000000008006758                FLASH_IRQHandler
                0x0000000008006758                USART1_IRQHandler
                0x0000000008006758                I2C1_ER_IRQHandler
                0x0000000008006758                USBWakeUp_IRQHandler
 *fill*         0x000000000800675a        0x2 
 .text.snprintf
                0x000000000800675c       0x68 C:/ST/STM32CubeCLT/GNU-tools-for-STM32/bin/../lib/gcc/arm-none-eabi/11.3.1/../../../../arm-none-eabi/lib/thumb/v7-m/nofp\libg_nano.a(libc_a-snprintf.o)
                0x000000000800675c                sniprintf
                0x000000000800675c                snprintf
 .text.__errno  0x00000000080067c4        0xc C:/ST/STM32CubeCLT/GNU-tools-for-STM32/bin/../lib/gcc/arm-none-eabi/11.3.1/../../../../arm-none-eabi/lib/thumb/v7-m/nofp\libg_nano.a(libc_a-errno.o)
                0x00000000080067c4                __errno
 .text.__ssputs_r
                0x00000000080067d0       0xb4 C:/ST/STM32CubeCLT/GNU-tools-for-STM32/bin/../lib/gcc/arm-none-eabi/11.3.1/../../../../arm-none-eabi/lib/thumb/v7-m/nofp\libg_nano.a(libc_a-nano-svfprintf.o)
                0x00000000080067d0                __ssputs_r
 .text._svfprintf_r
                0x0000000008006884      0x1fc C:/ST/STM32CubeCLT/GNU-tools-for-STM32/bin/../lib/gcc/arm-none-eabi/11.3.1/../../../../arm-none-eabi/lib/thumb/v7-m/nofp\libg_nano.a(libc_a-nano-svfprintf.o)
                0x0000000008006884                _svfiprintf_r
                0x0000000008006884                _svfprintf_r
 .text.sqrtf    0x0000000008006a80       0x34 C:/ST/STM32CubeCLT/GNU-tools-for-STM32/bin/../lib/gcc/arm-none-eabi/11.3.1/../../../../arm-none-eabi/lib/thumb/v7-m/nofp\libm.a(libm_a-wf_sqrt.o)
                0x0000000008006a80                sqrtf
 .text.__ieee754_sqrtf
                0x0000000008006ab4       0xe0 C:/ST/STM32CubeCLT/GNU-tools-for-STM32/bin/../lib/gcc/arm-none-eabi/11.3.1/../../../../arm-none-eabi/lib/thumb/v7-m/nofp\libm.a(libm_a-ef_sqrt.o)
                0x0000000008006ab4                __ieee754_sqrtf
 *(.glue_7)
 .glue_7        0x0000000008006b94        0x0 linker stubs
 *(.glue_7t)
 .glue_7t       0x0000000008006b94        0x0 linker stubs
 *(.eh_frame)
 .eh_frame      0x0000000008006b94        0x0 C:/ST/STM32CubeCLT/GNU-tools-for-STM32/bin/../lib/gcc/arm-none-eabi/11.3.1/thumb/v7-m/nofp/crtbegin.o
 *(.init)
 .init          0x0000000008006b94        0x4 C:/ST/STM32CubeCLT/GNU-tools-for-STM32/bin/../lib/gcc/arm-none-eabi/11.3.1/thumb/v7-m/nofp/crti.o
                0x0000000008006b94                _init
 .init          0x0000000008006b98        0x8 C:/ST/STM32CubeCLT/GNU-tools-for-STM32/bin/../lib/gcc/arm-none-eabi/11.3.1/thumb/v7-m/nofp/crtn.o
 *(.fini)
 .fini          0x0000000008006ba0        0x4 C:/ST/STM32CubeCLT/GNU-tools-for-STM32/bin/../lib/gcc/arm-none-eabi/11.3.1/thumb/v7-m/nofp/crti.o
                0x0000000008006ba0                _fini
 .fini          0x0000000008006ba4        0x8 C:/ST/STM32CubeCLT/GNU-tools-for-STM32/bin/../lib/gcc/arm-none-eabi/11.3.1/thumb/v7-m/nofp/crtn.o
                0x0000000008006bac                . = ALIGN (0x4)
                0x0000000008006bac                _etext = .

.vfp11_veneer   0x0000000008006bac        0x0
 .vfp11_veneer  0x0000000008006bac        0x0 linker stubs

.v4_bx          0x0000000008006bac        0x0
 .v4_bx         0x0000000008006bac        0x0 linker stubs

.iplt           0x0000000008006bac        0x0
 .iplt          0x0000000008006bac        0x0 C:/ST/STM32CubeCLT/GNU-tools-for-STM32/bin/../lib/gcc/arm-none-eabi/11.3.1/thumb/v7-m/nofp/crtbegin.o

.rodata         0x0000000008006bb0      0x4e8
                0x0000000008006bb0                . = ALIGN (0x4)
 *(.rodata)
 *(.rodata*)
 .rodata._printf_float.str1.1
                0x0000000008006bb0       0x12 C:/ST/STM32CubeCLT/GNU-tools-for-STM32/bin/../lib/gcc/arm-none-eabi/11.3.1/../../../../arm-none-eabi/lib/thumb/v7-m/nofp\libc_nano.a(libc_a-nano-vfprintf_float.o)
 .rodata._printf_i.str1.1
                0x0000000008006bc2       0x22 C:/ST/STM32CubeCLT/GNU-tools-for-STM32/bin/../lib/gcc/arm-none-eabi/11.3.1/../../../../arm-none-eabi/lib/thumb/v7-m/nofp\libc_nano.a(libc_a-nano-vfprintf_i.o)
 .rodata._dtoa_r.str1.1
                0x0000000008006be4       0x8d C:/ST/STM32CubeCLT/GNU-tools-for-STM32/bin/../lib/gcc/arm-none-eabi/11.3.1/../../../../arm-none-eabi/lib/thumb/v7-m/nofp\libc_nano.a(libc_a-dtoa.o)
                                         0x8f (size before relaxing)
 .rodata._Balloc.str1.1
                0x0000000008006c71       0x59 C:/ST/STM32CubeCLT/GNU-tools-for-STM32/bin/../lib/gcc/arm-none-eabi/11.3.1/../../../../arm-none-eabi/lib/thumb/v7-m/nofp\libc_nano.a(libc_a-mprec.o)
                                         0x70 (size before relaxing)
 .rodata.__multadd.str1.1
                0x0000000008006cca       0x11 C:/ST/STM32CubeCLT/GNU-tools-for-STM32/bin/../lib/gcc/arm-none-eabi/11.3.1/../../../../arm-none-eabi/lib/thumb/v7-m/nofp\libc_nano.a(libc_a-mprec.o)
 *fill*         0x0000000008006cca        0x6 
 .rodata.__mprec_bigtens
                0x0000000008006cd0       0x28 C:/ST/STM32CubeCLT/GNU-tools-for-STM32/bin/../lib/gcc/arm-none-eabi/11.3.1/../../../../arm-none-eabi/lib/thumb/v7-m/nofp\libc_nano.a(libc_a-mprec.o)
                0x0000000008006cd0                __mprec_bigtens
 .rodata.__mprec_tens
                0x0000000008006cf8       0xc8 C:/ST/STM32CubeCLT/GNU-tools-for-STM32/bin/../lib/gcc/arm-none-eabi/11.3.1/../../../../arm-none-eabi/lib/thumb/v7-m/nofp\libc_nano.a(libc_a-mprec.o)
                0x0000000008006cf8                __mprec_tens
 .rodata.p05.0  0x0000000008006dc0        0xc C:/ST/STM32CubeCLT/GNU-tools-for-STM32/bin/../lib/gcc/arm-none-eabi/11.3.1/../../../../arm-none-eabi/lib/thumb/v7-m/nofp\libc_nano.a(libc_a-mprec.o)
 .rodata._setlocale_r.str1.1
                0x0000000008006dcc        0x8 C:/ST/STM32CubeCLT/GNU-tools-for-STM32/bin/../lib/gcc/arm-none-eabi/11.3.1/../../../../arm-none-eabi/lib/thumb/v7-m/nofp\libc_nano.a(libc_a-locale.o)
                                          0x9 (size before relaxing)
 .rodata.str1.1
                0x0000000008006dd4        0x2 C:/ST/STM32CubeCLT/GNU-tools-for-STM32/bin/../lib/gcc/arm-none-eabi/11.3.1/../../../../arm-none-eabi/lib/thumb/v7-m/nofp\libc_nano.a(libc_a-locale.o)
 .rodata.__assert_func.str1.1
                0x0000000008006dd6       0x3c C:/ST/STM32CubeCLT/GNU-tools-for-STM32/bin/../lib/gcc/arm-none-eabi/11.3.1/../../../../arm-none-eabi/lib/thumb/v7-m/nofp\libc_nano.a(libc_a-assert.o)
                                         0x3d (size before relaxing)
 .rodata._ctype_
                0x0000000008006e12      0x101 C:/ST/STM32CubeCLT/GNU-tools-for-STM32/bin/../lib/gcc/arm-none-eabi/11.3.1/../../../../arm-none-eabi/lib/thumb/v7-m/nofp\libc_nano.a(libc_a-ctype_.o)
                0x0000000008006e12                _ctype_
 .rodata._vfprintf_r.str1.1
                0x0000000008006f13       0x11 C:/ST/STM32CubeCLT/GNU-tools-for-STM32/bin/../lib/gcc/arm-none-eabi/11.3.1/../../../../arm-none-eabi/lib/thumb/v7-m/nofp\libc_nano.a(libc_a-nano-vfprintf.o)
 .rodata.hmi_dashboard_show_datahour.str1.4
                0x0000000008006f24       0x12 CMakeFiles/FW_PID_HEAT.dir/HMI/Src/hmi_dashboard.c.obj
 *fill*         0x0000000008006f36        0x2 
 .rodata.hmi_dashboard_hide_digit.str1.4
                0x0000000008006f38        0x2 CMakeFiles/FW_PID_HEAT.dir/HMI/Src/hmi_dashboard.c.obj
 *fill*         0x0000000008006f3a        0x2 
 .rodata.hmi_dashboard_show_setpoint.str1.4
                0x0000000008006f3c       0x13 CMakeFiles/FW_PID_HEAT.dir/HMI/Src/hmi_dashboard.c.obj
 *fill*         0x0000000008006f4f        0x1 
 .rodata.hmi_dashboard_show_temperature.str1.4
                0x0000000008006f50        0xc CMakeFiles/FW_PID_HEAT.dir/HMI/Src/hmi_dashboard.c.obj
 .rodata.hmi_dashboard_show_heat_state.str1.4
                0x0000000008006f5c       0x15 CMakeFiles/FW_PID_HEAT.dir/HMI/Src/hmi_dashboard.c.obj
 *fill*         0x0000000008006f71        0x3 
 .rodata.hmi_dashboard_update_data.str1.4
                0x0000000008006f74        0x3 CMakeFiles/FW_PID_HEAT.dir/HMI/Src/hmi_dashboard.c.obj
 *fill*         0x0000000008006f77        0x1 
 .rodata.hmi_menu_show_cursor.str1.4
                0x0000000008006f78        0x2 CMakeFiles/FW_PID_HEAT.dir/HMI/Src/hmi_menu.c.obj
 *fill*         0x0000000008006f7a        0x2 
 .rodata.str1.4
                0x0000000008006f7c       0x1f CMakeFiles/FW_PID_HEAT.dir/HMI/Src/hmi_menu.c.obj
 *fill*         0x0000000008006f9b        0x1 
 .rodata.hmi_menu_data
                0x0000000008006f9c       0x18 CMakeFiles/FW_PID_HEAT.dir/HMI/Src/hmi_menu.c.obj
 .rodata.hmi_intro_show_screen.str1.4
                0x0000000008006fb4        0xe CMakeFiles/FW_PID_HEAT.dir/HMI/Src/hmi_intro.c.obj
 *fill*         0x0000000008006fc2        0x2 
 .rodata.AHBPrescTable
                0x0000000008006fc4       0x10 CMakeFiles/FW_PID_HEAT.dir/Core/Src/system_stm32f1xx.c.obj
                0x0000000008006fc4                AHBPrescTable
 .rodata.sl_tasks_data_vector
                0x0000000008006fd4       0xb0 CMakeFiles/FW_PID_HEAT.dir/Middleware/SuperLoop/sl.c.obj
                0x0000000008006fd4                sl_tasks_data_vector
 .rodata.aPLLMULFactorTable.1
                0x0000000008007084       0x10 CMakeFiles/FW_PID_HEAT.dir/Drivers/STM32F1xx_HAL_Driver/Src/stm32f1xx_hal_rcc.c.obj
 .rodata.aPredivFactorTable.0
                0x0000000008007094        0x2 CMakeFiles/FW_PID_HEAT.dir/Drivers/STM32F1xx_HAL_Driver/Src/stm32f1xx_hal_rcc.c.obj
 .rodata._svfprintf_r.str1.1
                0x0000000008007096       0x11 C:/ST/STM32CubeCLT/GNU-tools-for-STM32/bin/../lib/gcc/arm-none-eabi/11.3.1/../../../../arm-none-eabi/lib/thumb/v7-m/nofp\libg_nano.a(libc_a-nano-svfprintf.o)
                0x00000000080070a8                . = ALIGN (0x4)
 *fill*         0x0000000008007096        0x2 

.ARM.extab      0x0000000008007098        0x0
                0x0000000008007098                . = ALIGN (0x4)
 *(.ARM.extab* .gnu.linkonce.armextab.*)
                0x0000000008007098                . = ALIGN (0x4)

.ARM            0x0000000008007098        0x0
                0x0000000008007098                . = ALIGN (0x4)
                0x0000000008007098                __exidx_start = .
 *(.ARM.exidx*)
                0x0000000008007098                __exidx_end = .
                0x0000000008007098                . = ALIGN (0x4)

.preinit_array  0x0000000008007098        0x0
                0x0000000008007098                . = ALIGN (0x4)
                0x0000000008007098                PROVIDE (__preinit_array_start = .)
 *(.preinit_array*)
                0x0000000008007098                PROVIDE (__preinit_array_end = .)
                0x0000000008007098                . = ALIGN (0x4)

.init_array     0x0000000008007098        0x4
                0x0000000008007098                . = ALIGN (0x4)
                0x0000000008007098                PROVIDE (__init_array_start = .)
 *(SORT_BY_NAME(.init_array.*))
 *(.init_array*)
 .init_array    0x0000000008007098        0x4 C:/ST/STM32CubeCLT/GNU-tools-for-STM32/bin/../lib/gcc/arm-none-eabi/11.3.1/thumb/v7-m/nofp/crtbegin.o
                0x000000000800709c                PROVIDE (__init_array_end = .)
                0x000000000800709c                . = ALIGN (0x4)

.fini_array     0x000000000800709c        0x4
                0x000000000800709c                . = ALIGN (0x4)
                [!provide]                        PROVIDE (__fini_array_start = .)
 *(SORT_BY_NAME(.fini_array.*))
 *(.fini_array*)
 .fini_array    0x000000000800709c        0x4 C:/ST/STM32CubeCLT/GNU-tools-for-STM32/bin/../lib/gcc/arm-none-eabi/11.3.1/thumb/v7-m/nofp/crtbegin.o
                [!provide]                        PROVIDE (__fini_array_end = .)
                0x00000000080070a0                . = ALIGN (0x4)
                0x00000000080070a0                _sidata = LOADADDR (.data)

.rel.dyn        0x00000000080070a0        0x0
 .rel.iplt      0x00000000080070a0        0x0 C:/ST/STM32CubeCLT/GNU-tools-for-STM32/bin/../lib/gcc/arm-none-eabi/11.3.1/thumb/v7-m/nofp/crtbegin.o

.data           0x0000000020000000      0x27c load address 0x00000000080070a0
                0x0000000020000000                . = ALIGN (0x4)
                0x0000000020000000                _sdata = .
 *(.data)
 *(.data*)
 .data.__sglue  0x0000000020000000        0xc C:/ST/STM32CubeCLT/GNU-tools-for-STM32/bin/../lib/gcc/arm-none-eabi/11.3.1/../../../../arm-none-eabi/lib/thumb/v7-m/nofp\libc_nano.a(libc_a-findfp.o)
                0x0000000020000000                __sglue
 .data._impure_data
                0x000000002000000c       0x4c C:/ST/STM32CubeCLT/GNU-tools-for-STM32/bin/../lib/gcc/arm-none-eabi/11.3.1/../../../../arm-none-eabi/lib/thumb/v7-m/nofp\libc_nano.a(libc_a-impure.o)
                0x000000002000000c                _impure_data
 .data._impure_ptr
                0x0000000020000058        0x4 C:/ST/STM32CubeCLT/GNU-tools-for-STM32/bin/../lib/gcc/arm-none-eabi/11.3.1/../../../../arm-none-eabi/lib/thumb/v7-m/nofp\libc_nano.a(libc_a-impure.o)
                0x0000000020000058                _impure_ptr
 .data.__global_locale
                0x000000002000005c      0x16c C:/ST/STM32CubeCLT/GNU-tools-for-STM32/bin/../lib/gcc/arm-none-eabi/11.3.1/../../../../arm-none-eabi/lib/thumb/v7-m/nofp\libc_nano.a(libc_a-locale.o)
                0x000000002000005c                __global_locale
 .data.buttons_data_vector
                0x00000000200001c8       0x50 CMakeFiles/FW_PID_HEAT.dir/HMI/Src/hmi.c.obj
                0x00000000200001c8                buttons_data_vector
 .data.hmi_vector_screens
                0x0000000020000218       0x50 CMakeFiles/FW_PID_HEAT.dir/HMI/Src/hmi.c.obj
                0x0000000020000218                hmi_vector_screens
 .data.SystemCoreClock
                0x0000000020000268        0x4 CMakeFiles/FW_PID_HEAT.dir/Core/Src/system_stm32f1xx.c.obj
                0x0000000020000268                SystemCoreClock
 .data.uwTickFreq
                0x000000002000026c        0x1 CMakeFiles/FW_PID_HEAT.dir/Drivers/STM32F1xx_HAL_Driver/Src/stm32f1xx_hal.c.obj
                0x000000002000026c                uwTickFreq
 *fill*         0x000000002000026d        0x3 
 .data.uwTickPrio
                0x0000000020000270        0x4 CMakeFiles/FW_PID_HEAT.dir/Drivers/STM32F1xx_HAL_Driver/Src/stm32f1xx_hal.c.obj
                0x0000000020000270                uwTickPrio
 .data.one      0x0000000020000274        0x4 C:/ST/STM32CubeCLT/GNU-tools-for-STM32/bin/../lib/gcc/arm-none-eabi/11.3.1/../../../../arm-none-eabi/lib/thumb/v7-m/nofp\libm.a(libm_a-ef_sqrt.o)
 .data.tiny     0x0000000020000278        0x4 C:/ST/STM32CubeCLT/GNU-tools-for-STM32/bin/../lib/gcc/arm-none-eabi/11.3.1/../../../../arm-none-eabi/lib/thumb/v7-m/nofp\libm.a(libm_a-ef_sqrt.o)
 *(.RamFunc)
 *(.RamFunc*)
                0x000000002000027c                . = ALIGN (0x4)
                0x000000002000027c                _edata = .

.igot.plt       0x000000002000027c        0x0 load address 0x000000000800731c
 .igot.plt      0x000000002000027c        0x0 C:/ST/STM32CubeCLT/GNU-tools-for-STM32/bin/../lib/gcc/arm-none-eabi/11.3.1/thumb/v7-m/nofp/crtbegin.o
                0x000000002000027c                . = ALIGN (0x4)

.bss            0x000000002000027c      0x2c0 load address 0x000000000800731c
                0x000000002000027c                _sbss = .
                0x000000002000027c                __bss_start__ = _sbss
 *(.bss)
 .bss           0x000000002000027c       0x1c C:/ST/STM32CubeCLT/GNU-tools-for-STM32/bin/../lib/gcc/arm-none-eabi/11.3.1/thumb/v7-m/nofp/crtbegin.o
 *(.bss*)
 .bss.__sf      0x0000000020000298      0x138 C:/ST/STM32CubeCLT/GNU-tools-for-STM32/bin/../lib/gcc/arm-none-eabi/11.3.1/../../../../arm-none-eabi/lib/thumb/v7-m/nofp\libc_nano.a(libc_a-findfp.o)
                0x0000000020000298                __sf
 .bss.__stdio_exit_handler
                0x00000000200003d0        0x4 C:/ST/STM32CubeCLT/GNU-tools-for-STM32/bin/../lib/gcc/arm-none-eabi/11.3.1/../../../../arm-none-eabi/lib/thumb/v7-m/nofp\libc_nano.a(libc_a-findfp.o)
                0x00000000200003d0                __stdio_exit_handler
 .bss.errno     0x00000000200003d4        0x4 C:/ST/STM32CubeCLT/GNU-tools-for-STM32/bin/../lib/gcc/arm-none-eabi/11.3.1/../../../../arm-none-eabi/lib/thumb/v7-m/nofp\libc_nano.a(libc_a-reent.o)
                0x00000000200003d4                errno
 .bss.__lock___malloc_recursive_mutex
                0x00000000200003d8        0x1 C:/ST/STM32CubeCLT/GNU-tools-for-STM32/bin/../lib/gcc/arm-none-eabi/11.3.1/../../../../arm-none-eabi/lib/thumb/v7-m/nofp\libc_nano.a(libc_a-lock.o)
                0x00000000200003d8                __lock___malloc_recursive_mutex
 .bss.__lock___sfp_recursive_mutex
                0x00000000200003d9        0x1 C:/ST/STM32CubeCLT/GNU-tools-for-STM32/bin/../lib/gcc/arm-none-eabi/11.3.1/../../../../arm-none-eabi/lib/thumb/v7-m/nofp\libc_nano.a(libc_a-lock.o)
                0x00000000200003d9                __lock___sfp_recursive_mutex
 *fill*         0x00000000200003da        0x2 
 .bss.__malloc_free_list
                0x00000000200003dc        0x4 C:/ST/STM32CubeCLT/GNU-tools-for-STM32/bin/../lib/gcc/arm-none-eabi/11.3.1/../../../../arm-none-eabi/lib/thumb/v7-m/nofp\libc_nano.a(libc_a-mallocr.o)
                0x00000000200003dc                __malloc_free_list
 .bss.__malloc_sbrk_start
                0x00000000200003e0        0x4 C:/ST/STM32CubeCLT/GNU-tools-for-STM32/bin/../lib/gcc/arm-none-eabi/11.3.1/../../../../arm-none-eabi/lib/thumb/v7-m/nofp\libc_nano.a(libc_a-mallocr.o)
                0x00000000200003e0                __malloc_sbrk_start
 .bss.hmi_ctrl  0x00000000200003e4        0x4 CMakeFiles/FW_PID_HEAT.dir/HMI/Src/hmi.c.obj
                0x00000000200003e4                hmi_ctrl
 .bss.hmi_execution_rate_1ms_timer
                0x00000000200003e8        0x4 CMakeFiles/FW_PID_HEAT.dir/HMI/Src/hmi.c.obj
                0x00000000200003e8                hmi_execution_rate_1ms_timer
 .bss.hmi_dahsboard_ctrl
                0x00000000200003ec       0x10 CMakeFiles/FW_PID_HEAT.dir/HMI/Src/hmi_dashboard.c.obj
 .bss.hmi_edit_value
                0x00000000200003fc        0x3 CMakeFiles/FW_PID_HEAT.dir/HMI/Src/hmi_dashboard.c.obj
 *fill*         0x00000000200003ff        0x1 
 .bss.hmi_menu_ctrl
                0x0000000020000400        0x1 CMakeFiles/FW_PID_HEAT.dir/HMI/Src/hmi_menu.c.obj
 *fill*         0x0000000020000401        0x3 
 .bss.LCD_HD44780_Opts
                0x0000000020000404        0x5 CMakeFiles/FW_PID_HEAT.dir/HD44780/LCD_HD44780.c.obj
 *fill*         0x0000000020000409        0x3 
 .bss.adc_execution_rate_1ms_timer
                0x000000002000040c        0x4 CMakeFiles/FW_PID_HEAT.dir/App/Src/adc.c.obj
                0x000000002000040c                adc_execution_rate_1ms_timer
 .bss.adc_value
                0x0000000020000410        0x6 CMakeFiles/FW_PID_HEAT.dir/App/Src/adc.c.obj
 *fill*         0x0000000020000416        0x2 
 .bss.app_execution_rate_1ms_timer
                0x0000000020000418        0x4 CMakeFiles/FW_PID_HEAT.dir/App/Src/app.c.obj
                0x0000000020000418                app_execution_rate_1ms_timer
 .bss.app_temp  0x000000002000041c        0xe CMakeFiles/FW_PID_HEAT.dir/App/Src/app.c.obj
 *fill*         0x000000002000042a        0x2 
 .bss.app_temp_ctrl
                0x000000002000042c        0xc CMakeFiles/FW_PID_HEAT.dir/App/Src/app.c.obj
 .bss.last_blink.0
                0x0000000020000438        0x4 CMakeFiles/FW_PID_HEAT.dir/App/Src/app.c.obj
 .bss.pid_lamp  0x000000002000043c       0x28 CMakeFiles/FW_PID_HEAT.dir/App/Src/pid.c.obj
 .bss.pid_value
                0x0000000020000464        0x4 CMakeFiles/FW_PID_HEAT.dir/App/Src/pid.c.obj
                0x0000000020000464                pid_value
 .bss.__sbrk_heap_end
                0x0000000020000468        0x4 CMakeFiles/FW_PID_HEAT.dir/Core/Src/sysmem.c.obj
 .bss.adc_buffer
                0x000000002000046c        0x4 CMakeFiles/FW_PID_HEAT.dir/Core/Src/main.c.obj
                0x000000002000046c                adc_buffer
 .bss.hadc1     0x0000000020000470       0x30 CMakeFiles/FW_PID_HEAT.dir/Core/Src/main.c.obj
                0x0000000020000470                hadc1
 .bss.hdma_adc1
                0x00000000200004a0       0x44 CMakeFiles/FW_PID_HEAT.dir/Core/Src/main.c.obj
                0x00000000200004a0                hdma_adc1
 .bss.htim3     0x00000000200004e4       0x48 CMakeFiles/FW_PID_HEAT.dir/Core/Src/main.c.obj
                0x00000000200004e4                htim3
 .bss.sl_data   0x000000002000052c        0xc CMakeFiles/FW_PID_HEAT.dir/Middleware/SuperLoop/sl.c.obj
 .bss.uwTick    0x0000000020000538        0x4 CMakeFiles/FW_PID_HEAT.dir/Drivers/STM32F1xx_HAL_Driver/Src/stm32f1xx_hal.c.obj
                0x0000000020000538                uwTick
 *(COMMON)
                0x000000002000053c                . = ALIGN (0x4)
                0x000000002000053c                _ebss = .
                0x000000002000053c                __bss_end__ = _ebss

._user_heap_stack
                0x000000002000053c      0x604 load address 0x000000000800731c
                0x0000000020000540                . = ALIGN (0x8)
 *fill*         0x000000002000053c        0x4 
                [!provide]                        PROVIDE (end = .)
                0x0000000020000540                PROVIDE (_end = .)
                0x0000000020000740                . = (. + _Min_Heap_Size)
 *fill*         0x0000000020000540      0x200 
                0x0000000020000b40                . = (. + _Min_Stack_Size)
 *fill*         0x0000000020000740      0x400 
                0x0000000020000b40                . = ALIGN (0x8)

/DISCARD/
 libc.a(*)
 libm.a(*)
 libgcc.a(*)

.ARM.attributes
                0x0000000000000000       0x29
 *(.ARM.attributes)
 .ARM.attributes
                0x0000000000000000       0x1d C:/ST/STM32CubeCLT/GNU-tools-for-STM32/bin/../lib/gcc/arm-none-eabi/11.3.1/thumb/v7-m/nofp/crti.o
 .ARM.attributes
                0x000000000000001d       0x2d C:/ST/STM32CubeCLT/GNU-tools-for-STM32/bin/../lib/gcc/arm-none-eabi/11.3.1/thumb/v7-m/nofp/crtbegin.o
 .ARM.attributes
                0x000000000000004a       0x2d C:/ST/STM32CubeCLT/GNU-tools-for-STM32/bin/../lib/gcc/arm-none-eabi/11.3.1/../../../../arm-none-eabi/lib/thumb/v7-m/nofp\libc_nano.a(libc_a-nano-vfprintf_float.o)
 .ARM.attributes
                0x0000000000000077       0x2d C:/ST/STM32CubeCLT/GNU-tools-for-STM32/bin/../lib/gcc/arm-none-eabi/11.3.1/../../../../arm-none-eabi/lib/thumb/v7-m/nofp\libc_nano.a(libc_a-nano-vfprintf_i.o)
 .ARM.attributes
                0x00000000000000a4       0x2d C:/ST/STM32CubeCLT/GNU-tools-for-STM32/bin/../lib/gcc/arm-none-eabi/11.3.1/../../../../arm-none-eabi/lib/thumb/v7-m/nofp\libc_nano.a(libc_a-findfp.o)
 .ARM.attributes
                0x00000000000000d1       0x2d C:/ST/STM32CubeCLT/GNU-tools-for-STM32/bin/../lib/gcc/arm-none-eabi/11.3.1/../../../../arm-none-eabi/lib/thumb/v7-m/nofp\libc_nano.a(libc_a-fwalk.o)
 .ARM.attributes
                0x00000000000000fe       0x2d C:/ST/STM32CubeCLT/GNU-tools-for-STM32/bin/../lib/gcc/arm-none-eabi/11.3.1/../../../../arm-none-eabi/lib/thumb/v7-m/nofp\libc_nano.a(libc_a-stdio.o)
 .ARM.attributes
                0x000000000000012b       0x2d C:/ST/STM32CubeCLT/GNU-tools-for-STM32/bin/../lib/gcc/arm-none-eabi/11.3.1/../../../../arm-none-eabi/lib/thumb/v7-m/nofp\libc_nano.a(libc_a-memset.o)
 .ARM.attributes
                0x0000000000000158       0x2d C:/ST/STM32CubeCLT/GNU-tools-for-STM32/bin/../lib/gcc/arm-none-eabi/11.3.1/../../../../arm-none-eabi/lib/thumb/v7-m/nofp\libc_nano.a(libc_a-localeconv.o)
 .ARM.attributes
                0x0000000000000185       0x2d C:/ST/STM32CubeCLT/GNU-tools-for-STM32/bin/../lib/gcc/arm-none-eabi/11.3.1/../../../../arm-none-eabi/lib/thumb/v7-m/nofp\libc_nano.a(libc_a-closer.o)
 .ARM.attributes
                0x00000000000001b2       0x2d C:/ST/STM32CubeCLT/GNU-tools-for-STM32/bin/../lib/gcc/arm-none-eabi/11.3.1/../../../../arm-none-eabi/lib/thumb/v7-m/nofp\libc_nano.a(libc_a-reent.o)
 .ARM.attributes
                0x00000000000001df       0x2d C:/ST/STM32CubeCLT/GNU-tools-for-STM32/bin/../lib/gcc/arm-none-eabi/11.3.1/../../../../arm-none-eabi/lib/thumb/v7-m/nofp\libc_nano.a(libc_a-impure.o)
 .ARM.attributes
                0x000000000000020c       0x2d C:/ST/STM32CubeCLT/GNU-tools-for-STM32/bin/../lib/gcc/arm-none-eabi/11.3.1/../../../../arm-none-eabi/lib/thumb/v7-m/nofp\libc_nano.a(libc_a-lseekr.o)
 .ARM.attributes
                0x0000000000000239       0x2d C:/ST/STM32CubeCLT/GNU-tools-for-STM32/bin/../lib/gcc/arm-none-eabi/11.3.1/../../../../arm-none-eabi/lib/thumb/v7-m/nofp\libc_nano.a(libc_a-readr.o)
 .ARM.attributes
                0x0000000000000266       0x2d C:/ST/STM32CubeCLT/GNU-tools-for-STM32/bin/../lib/gcc/arm-none-eabi/11.3.1/../../../../arm-none-eabi/lib/thumb/v7-m/nofp\libc_nano.a(libc_a-writer.o)
 .ARM.attributes
                0x0000000000000293       0x2d C:/ST/STM32CubeCLT/GNU-tools-for-STM32/bin/../lib/gcc/arm-none-eabi/11.3.1/../../../../arm-none-eabi/lib/thumb/v7-m/nofp\libc_nano.a(libc_a-init.o)
 .ARM.attributes
                0x00000000000002c0       0x2d C:/ST/STM32CubeCLT/GNU-tools-for-STM32/bin/../lib/gcc/arm-none-eabi/11.3.1/../../../../arm-none-eabi/lib/thumb/v7-m/nofp\libc_nano.a(libc_a-lock.o)
 .ARM.attributes
                0x00000000000002ed       0x2d C:/ST/STM32CubeCLT/GNU-tools-for-STM32/bin/../lib/gcc/arm-none-eabi/11.3.1/../../../../arm-none-eabi/lib/thumb/v7-m/nofp\libc_nano.a(libc_a-memchr-stub.o)
 .ARM.attributes
                0x000000000000031a       0x17 C:/ST/STM32CubeCLT/GNU-tools-for-STM32/bin/../lib/gcc/arm-none-eabi/11.3.1/../../../../arm-none-eabi/lib/thumb/v7-m/nofp\libc_nano.a(libc_a-strlen.o)
 .ARM.attributes
                0x0000000000000331       0x2d C:/ST/STM32CubeCLT/GNU-tools-for-STM32/bin/../lib/gcc/arm-none-eabi/11.3.1/../../../../arm-none-eabi/lib/thumb/v7-m/nofp\libc_nano.a(libc_a-dtoa.o)
 .ARM.attributes
                0x000000000000035e       0x2d C:/ST/STM32CubeCLT/GNU-tools-for-STM32/bin/../lib/gcc/arm-none-eabi/11.3.1/../../../../arm-none-eabi/lib/thumb/v7-m/nofp\libc_nano.a(libc_a-freer.o)
 .ARM.attributes
                0x000000000000038b       0x2d C:/ST/STM32CubeCLT/GNU-tools-for-STM32/bin/../lib/gcc/arm-none-eabi/11.3.1/../../../../arm-none-eabi/lib/thumb/v7-m/nofp\libc_nano.a(libc_a-malloc.o)
 .ARM.attributes
                0x00000000000003b8       0x2d C:/ST/STM32CubeCLT/GNU-tools-for-STM32/bin/../lib/gcc/arm-none-eabi/11.3.1/../../../../arm-none-eabi/lib/thumb/v7-m/nofp\libc_nano.a(libc_a-mallocr.o)
 .ARM.attributes
                0x00000000000003e5       0x2d C:/ST/STM32CubeCLT/GNU-tools-for-STM32/bin/../lib/gcc/arm-none-eabi/11.3.1/../../../../arm-none-eabi/lib/thumb/v7-m/nofp\libc_nano.a(libc_a-mlock.o)
 .ARM.attributes
                0x0000000000000412       0x2d C:/ST/STM32CubeCLT/GNU-tools-for-STM32/bin/../lib/gcc/arm-none-eabi/11.3.1/../../../../arm-none-eabi/lib/thumb/v7-m/nofp\libc_nano.a(libc_a-mprec.o)
 .ARM.attributes
                0x000000000000043f       0x2d C:/ST/STM32CubeCLT/GNU-tools-for-STM32/bin/../lib/gcc/arm-none-eabi/11.3.1/../../../../arm-none-eabi/lib/thumb/v7-m/nofp\libc_nano.a(libc_a-fflush.o)
 .ARM.attributes
                0x000000000000046c       0x2d C:/ST/STM32CubeCLT/GNU-tools-for-STM32/bin/../lib/gcc/arm-none-eabi/11.3.1/../../../../arm-none-eabi/lib/thumb/v7-m/nofp\libc_nano.a(libc_a-locale.o)
 .ARM.attributes
                0x0000000000000499       0x2d C:/ST/STM32CubeCLT/GNU-tools-for-STM32/bin/../lib/gcc/arm-none-eabi/11.3.1/../../../../arm-none-eabi/lib/thumb/v7-m/nofp\libc_nano.a(libc_a-sbrkr.o)
 .ARM.attributes
                0x00000000000004c6       0x2d C:/ST/STM32CubeCLT/GNU-tools-for-STM32/bin/../lib/gcc/arm-none-eabi/11.3.1/../../../../arm-none-eabi/lib/thumb/v7-m/nofp\libc_nano.a(libc_a-memcpy-stub.o)
 .ARM.attributes
                0x00000000000004f3       0x2d C:/ST/STM32CubeCLT/GNU-tools-for-STM32/bin/../lib/gcc/arm-none-eabi/11.3.1/../../../../arm-none-eabi/lib/thumb/v7-m/nofp\libc_nano.a(libc_a-assert.o)
 .ARM.attributes