Archive member included to satisfy reference by file (symbol)

C:/ST/STM32CubeCLT/GNU-tools-for-STM32/bin/../lib/gcc/arm-none-eabi/11.3.1/../../../../arm-none-eabi/lib/thumb/v7-m/nofp\libc_nano.a(libc_a-exit.o)
                              C:/ST/STM32CubeCLT/GNU-tools-for-STM32/bin/../lib/gcc/arm-none-eabi/11.3.1/../../../../arm-none-eabi/lib/thumb/v7-m/nofp/crt0.o (exit)
C:/ST/STM32CubeCLT/GNU-tools-for-STM32/bin/../lib/gcc/arm-none-eabi/11.3.1/../../../../arm-none-eabi/lib/thumb/v7-m/nofp\libc_nano.a(libc_a-nano-vfprintf_float.o)
                              (_printf_float)
C:/ST/STM32CubeCLT/GNU-tools-for-STM32/bin/../lib/gcc/arm-none-eabi/11.3.1/../../../../arm-none-eabi/lib/thumb/v7-m/nofp\libc_nano.a(libc_a-nano-vfprintf_i.o)
                              C:/ST/STM32CubeCLT/GNU-tools-for-STM32/bin/../lib/gcc/arm-none-eabi/11.3.1/../../../../arm-none-eabi/lib/thumb/v7-m/nofp\libc_nano.a(libc_a-nano-vfprintf_float.o) (_printf_common)
C:/ST/STM32CubeCLT/GNU-tools-for-STM32/bin/../lib/gcc/arm-none-eabi/11.3.1/../../../../arm-none-eabi/lib/thumb/v7-m/nofp\libc_nano.a(libc_a-findfp.o)
                              C:/ST/STM32CubeCLT/GNU-tools-for-STM32/bin/../lib/gcc/arm-none-eabi/11.3.1/../../../../arm-none-eabi/lib/thumb/v7-m/nofp\libc_nano.a(libc_a-exit.o) (__stdio_exit_handler)
C:/ST/STM32CubeCLT/GNU-tools-for-STM32/bin/../lib/gcc/arm-none-eabi/11.3.1/../../../../arm-none-eabi/lib/thumb/v7-m/nofp\libc_nano.a(libc_a-fwalk.o)
                              C:/ST/STM32CubeCLT/GNU-tools-for-STM32/bin/../lib/gcc/arm-none-eabi/11.3.1/../../../../arm-none-eabi/lib/thumb/v7-m/nofp\libc_nano.a(libc_a-findfp.o) (_fwalk_sglue)
C:/ST/STM32CubeCLT/GNU-tools-for-STM32/bin/../lib/gcc/arm-none-eabi/11.3.1/../../../../arm-none-eabi/lib/thumb/v7-m/nofp\libc_nano.a(libc_a-stdio.o)
                              C:/ST/STM32CubeCLT/GNU-tools-for-STM32/bin/../lib/gcc/arm-none-eabi/11.3.1/../../../../arm-none-eabi/lib/thumb/v7-m/nofp\libc_nano.a(libc_a-findfp.o) (__sread)
C:/ST/STM32CubeCLT/GNU-tools-for-STM32/bin/../lib/gcc/arm-none-eabi/11.3.1/../../../../arm-none-eabi/lib/thumb/v7-m/nofp\libc_nano.a(libc_a-memset.o)
                              C:/ST/STM32CubeCLT/GNU-tools-for-STM32/bin/../lib/gcc/arm-none-eabi/11.3.1/../../../../arm-none-eabi/lib/thumb/v7-m/nofp/crt0.o (memset)
C:/ST/STM32CubeCLT/GNU-tools-for-STM32/bin/../lib/gcc/arm-none-eabi/11.3.1/../../../../arm-none-eabi/lib/thumb/v7-m/nofp\libc_nano.a(libc_a-localeconv.o)
                              C:/ST/STM32CubeCLT/GNU-tools-for-STM32/bin/../lib/gcc/arm-none-eabi/11.3.1/../../../../arm-none-eabi/lib/thumb/v7-m/nofp\libc_nano.a(libc_a-nano-vfprintf_float.o) (_localeconv_r)
C:/ST/STM32CubeCLT/GNU-tools-for-STM32/bin/../lib/gcc/arm-none-eabi/11.3.1/../../../../arm-none-eabi/lib/thumb/v7-m/nofp\libc_nano.a(libc_a-closer.o)
                              C:/ST/STM32CubeCLT/GNU-tools-for-STM32/bin/../lib/gcc/arm-none-eabi/11.3.1/../../../../arm-none-eabi/lib/thumb/v7-m/nofp\libc_nano.a(libc_a-stdio.o) (_close_r)
C:/ST/STM32CubeCLT/GNU-tools-for-STM32/bin/../lib/gcc/arm-none-eabi/11.3.1/../../../../arm-none-eabi/lib/thumb/v7-m/nofp\libc_nano.a(libc_a-reent.o)
                              C:/ST/STM32CubeCLT/GNU-tools-for-STM32/bin/../lib/gcc/arm-none-eabi/11.3.1/../../../../arm-none-eabi/lib/thumb/v7-m/nofp\libc_nano.a(libc_a-closer.o) (errno)
C:/ST/STM32CubeCLT/GNU-tools-for-STM32/bin/../lib/gcc/arm-none-eabi/11.3.1/../../../../arm-none-eabi/lib/thumb/v7-m/nofp\libc_nano.a(libc_a-impure.o)
                              C:/ST/STM32CubeCLT/GNU-tools-for-STM32/bin/../lib/gcc/arm-none-eabi/11.3.1/../../../../arm-none-eabi/lib/thumb/v7-m/nofp\libc_nano.a(libc_a-reent.o) (_impure_ptr)
C:/ST/STM32CubeCLT/GNU-tools-for-STM32/bin/../lib/gcc/arm-none-eabi/11.3.1/../../../../arm-none-eabi/lib/thumb/v7-m/nofp\libc_nano.a(libc_a-lseekr.o)
                              C:/ST/STM32CubeCLT/GNU-tools-for-STM32/bin/../lib/gcc/arm-none-eabi/11.3.1/../../../../arm-none-eabi/lib/thumb/v7-m/nofp\libc_nano.a(libc_a-stdio.o) (_lseek_r)
C:/ST/STM32CubeCLT/GNU-tools-for-STM32/bin/../lib/gcc/arm-none-eabi/11.3.1/../../../../arm-none-eabi/lib/thumb/v7-m/nofp\libc_nano.a(libc_a-readr.o)
                              C:/ST/STM32CubeCLT/GNU-tools-for-STM32/bin/../lib/gcc/arm-none-eabi/11.3.1/../../../../arm-none-eabi/lib/thumb/v7-m/nofp\libc_nano.a(libc_a-stdio.o) (_read_r)
C:/ST/STM32CubeCLT/GNU-tools-for-STM32/bin/../lib/gcc/arm-none-eabi/11.3.1/../../../../arm-none-eabi/lib/thumb/v7-m/nofp\libc_nano.a(libc_a-writer.o)
                              C:/ST/STM32CubeCLT/GNU-tools-for-STM32/bin/../lib/gcc/arm-none-eabi/11.3.1/../../../../arm-none-eabi/lib/thumb/v7-m/nofp\libc_nano.a(libc_a-stdio.o) (_write_r)
C:/ST/STM32CubeCLT/GNU-tools-for-STM32/bin/../lib/gcc/arm-none-eabi/11.3.1/../../../../arm-none-eabi/lib/thumb/v7-m/nofp\libc_nano.a(libc_a-init.o)
[...]
Memory Configuration

Name             Origin             Length             Attributes
RAM              0x0000000020000000 0x0000000000005000 xrw
FLASH            0x0000000008000000 0x0000000000010000 xr
*default*        0x0000000000000000 0xffffffffffffffff

Linker script and memory map

LOAD C:/ST/STM32CubeCLT/GNU-tools-for-STM32/bin/../lib/gcc/arm-none-eabi/11.3.1/thumb/v7-m/nofp/crti.o
LOAD C:/ST/STM32CubeCLT/GNU-tools-for-STM32/bin/../lib/gcc/arm-none-eabi/11.3.1/thumb/v7-m/nofp/crtbegin.o
LOAD C:/ST/STM32CubeCLT/GNU-tools-for-STM32/bin/../lib/gcc/arm-none-eabi/11.3.1/../../../../arm-none-eabi/lib/thumb/v7-m/nofp/crt0.o
START GROUP
LOAD C:/ST/STM32CubeCLT/GNU-tools-for-STM32/bin/../lib/gcc/arm-none-eabi/11.3.1/../../../../arm-none-eabi/lib/thumb/v7-m/nofp\libc_nano.a
LOAD C:/ST/STM32CubeCLT/GNU-tools-for-STM32/bin/../lib/gcc/arm-none-eabi/11.3.1/../../../../arm-none-eabi/lib/thumb/v7-m/nofp\libm.a
LOAD C:/ST/STM32CubeCLT/GNU-tools-for-STM32/bin/../lib/gcc/arm-none-eabi/11.3.1/../../../../arm-none-eabi/lib/thumb/v7-m/nofp\libstdc++_nano.a
LOAD C:/ST/STM32CubeCLT/GNU-tools-for-STM32/bin/../lib/gcc/arm-none-eabi/11.3.1/../../../../arm-none-eabi/lib/thumb/v7-m/nofp\libsupc++_nano.a
END GROUP
LOAD CMakeFiles/PS_CC-CV_FREETROS.dir/App/Src/buttons.c.obj
LOAD CMakeFiles/PS_CC-CV_FREETROS.dir/App/Src/encoder.c.obj
LOAD CMakeFiles/PS_CC-CV_FREETROS.dir/App/Src/buzzer.c.obj
LOAD CMakeFiles/PS_CC-CV_FREETROS.dir/App/Src/led.c.obj
LOAD CMakeFiles/PS_CC-CV_FREETROS.dir/App/Src/MCP4725.c.obj
LOAD CMakeFiles/PS_CC-CV_FREETROS.dir/HMI/Src/hmi.c.obj
LOAD CMakeFiles/PS_CC-CV_FREETROS.dir/HMI/Src/hmi_dashboard.c.obj
LOAD CMakeFiles/PS_CC-CV_FREETROS.dir/HMI/Src/hmi_intro.c.obj
LOAD CMakeFiles/PS_CC-CV_FREETROS.dir/HMI/Src/hmi_menu.c.obj
LOAD CMakeFiles/PS_CC-CV_FREETROS.dir/HMI/Src/hmi_target.c.obj
LOAD CMakeFiles/PS_CC-CV_FREETROS.dir/HMI/Src/hmi_submenu.c.obj
LOAD CMakeFiles/PS_CC-CV_FREETROS.dir/DISPLAY/Src/ssd1306.c.obj
LOAD CMakeFiles/PS_CC-CV_FREETROS.dir/DISPLAY/Src/ssd1306_tests.c.obj
LOAD CMakeFiles/PS_CC-CV_FREETROS.dir/DISPLAY/Src/ssd_1306_fonts.c.obj
LOAD CMakeFiles/PS_CC-CV_FREETROS.dir/Core/Src/main.c.obj
LOAD CMakeFiles/PS_CC-CV_FREETROS.dir/Core/Src/freertos.c.obj
LOAD CMakeFiles/PS_CC-CV_FREETROS.dir/Core/Src/stm32f1xx_it.c.obj
LOAD CMakeFiles/PS_CC-CV_FREETROS.dir/Core/Src/stm32f1xx_hal_msp.c.obj
LOAD CMakeFiles/PS_CC-CV_FREETROS.dir/Core/Src/stm32f1xx_hal_timebase_tim.c.obj
LOAD CMakeFiles/PS_CC-CV_FREETROS.dir/Drivers/STM32F1xx_HAL_Driver/Src/stm32f1xx_hal_gpio_ex.c.obj
LOAD CMakeFiles/PS_CC-CV_FREETROS.dir/Drivers/STM32F1xx_HAL_Driver/Src/stm32f1xx_hal_tim.c.obj
LOAD CMakeFiles/PS_CC-CV_FREETROS.dir/Drivers/STM32F1xx_HAL_Driver/Src/stm32f1xx_hal_tim_ex.c.obj
LOAD CMakeFiles/PS_CC-CV_FREETROS.dir/Drivers/STM32F1xx_HAL_Driver/Src/stm32f1xx_hal.c.obj
LOAD CMakeFiles/PS_CC-CV_FREETROS.dir/Drivers/STM32F1xx_HAL_Driver/Src/stm32f1xx_hal_rcc.c.obj
LOAD CMakeFiles/PS_CC-CV_FREETROS.dir/Drivers/STM32F1xx_HAL_Driver/Src/stm32f1xx_hal_rcc_ex.c.obj
LOAD CMakeFiles/PS_CC-CV_FREETROS.dir/Drivers/STM32F1xx_HAL_Driver/Src/stm32f1xx_hal_gpio.c.obj
LOAD CMakeFiles/PS_CC-CV_FREETROS.dir/Drivers/STM32F1xx_HAL_Driver/Src/stm32f1xx_hal_dma.c.obj
LOAD CMakeFiles/PS_CC-CV_FREETROS.dir/Drivers/STM32F1xx_HAL_Driver/Src/stm32f1xx_hal_cortex.c.obj
LOAD CMakeFiles/PS_CC-CV_FREETROS.dir/Drivers/STM32F1xx_HAL_Driver/Src/stm32f1xx_hal_pwr.c.obj
LOAD CMakeFiles/PS_CC-CV_FREETROS.dir/Drivers/STM32F1xx_HAL_Driver/Src/stm32f1xx_hal_flash.c.obj
LOAD CMakeFiles/PS_CC-CV_FREETROS.dir/Drivers/STM32F1xx_HAL_Driver/Src/stm32f1xx_hal_flash_ex.c.obj
LOAD CMakeFiles/PS_CC-CV_FREETROS.dir/Drivers/STM32F1xx_HAL_Driver/Src/stm32f1xx_hal_exti.c.obj
LOAD CMakeFiles/PS_CC-CV_FREETROS.dir/Drivers/STM32F1xx_HAL_Driver/Src/stm32f1xx_hal_i2c.c.obj
LOAD CMakeFiles/PS_CC-CV_FREETROS.dir/Core/Src/system_stm32f1xx.c.obj
LOAD CMakeFiles/PS_CC-CV_FREETROS.dir/Middlewares/Third_Party/FreeRTOS/Source/croutine.c.obj
LOAD CMakeFiles/PS_CC-CV_FREETROS.dir/Middlewares/Third_Party/FreeRTOS/Source/event_groups.c.obj
LOAD CMakeFiles/PS_CC-CV_FREETROS.dir/Middlewares/Third_Party/FreeRTOS/Source/list.c.obj
LOAD CMakeFiles/PS_CC-CV_FREETROS.dir/Middlewares/Third_Party/FreeRTOS/Source/queue.c.obj
LOAD CMakeFiles/PS_CC-CV_FREETROS.dir/Middlewares/Third_Party/FreeRTOS/Source/stream_buffer.c.obj
LOAD CMakeFiles/PS_CC-CV_FREETROS.dir/Middlewares/Third_Party/FreeRTOS/Source/tasks.c.obj
LOAD CMakeFiles/PS_CC-CV_FREETROS.dir/Middlewares/Third_Party/FreeRTOS/Source/timers.c.obj
LOAD CMakeFiles/PS_CC-CV_FREETROS.dir/Middlewares/Third_Party/FreeRTOS/Source/CMSIS_RTOS/cmsis_os.c.obj
LOAD CMakeFiles/PS_CC-CV_FREETROS.dir/Middlewares/Third_Party/FreeRTOS/Source/portable/MemMang/heap_4.c.obj
LOAD CMakeFiles/PS_CC-CV_FREETROS.dir/Middlewares/Third_Party/FreeRTOS/Source/portable/GCC/ARM_CM3/port.c.obj
LOAD CMakeFiles/PS_CC-CV_FREETROS.dir/Core/Src/sysmem.c.obj
LOAD CMakeFiles/PS_CC-CV_FREETROS.dir/Core/Src/syscalls.c.obj
LOAD CMakeFiles/PS_CC-CV_FREETROS.dir/Core/Startup/startup_stm32f103c8tx.s.obj
START GROUP
LOAD C:/ST/STM32CubeCLT/GNU-tools-for-STM32/bin/../lib/gcc/arm-none-eabi/11.3.1/thumb/v7-m/nofp\libgcc.a
LOAD C:/ST/STM32CubeCLT/GNU-tools-for-STM32/bin/../lib/gcc/arm-none-eabi/11.3.1/../../../../arm-none-eabi/lib/thumb/v7-m/nofp\libg_nano.a
LOAD C:/ST/STM32CubeCLT/GNU-tools-for-STM32/bin/../lib/gcc/arm-none-eabi/11.3.1/../../../../arm-none-eabi/lib/thumb/v7-m/nofp\libc_nano.a
END GROUP
START GROUP
LOAD C:/ST/STM32CubeCLT/GNU-tools-for-STM32/bin/../lib/gcc/arm-none-eabi/11.3.1/thumb/v7-m/nofp\libgcc.a
LOAD C:/ST/STM32CubeCLT/GNU-tools-for-STM32/bin/../lib/gcc/arm-none-eabi/11.3.1/../../../../arm-none-eabi/lib/thumb/v7-m/nofp\libc_nano.a
LOAD C:/ST/STM32CubeCLT/GNU-tools-for-STM32/bin/../lib/gcc/arm-none-eabi/11.3.1/../../../../arm-none-eabi/lib/thumb/v7-m/nofp\libnosys.a
END GROUP
START GROUP
LOAD C:/ST/STM32CubeCLT/GNU-tools-for-STM32/bin/../lib/gcc/arm-none-eabi/11.3.1/thumb/v7-m/nofp\libgcc.a
LOAD C:/ST/STM32CubeCLT/GNU-tools-for-STM32/bin/../lib/gcc/arm-none-eabi/11.3.1/../../../../arm-none-eabi/lib/thumb/v7-m/nofp\libc_nano.a
LOAD C:/ST/STM32CubeCLT/GNU-tools-for-STM32/bin/../lib/gcc/arm-none-eabi/11.3.1/../../../../arm-none-eabi/lib/thumb/v7-m/nofp\libnosys.a
END GROUP
LOAD C:/ST/STM32CubeCLT/GNU-tools-for-STM32/bin/../lib/gcc/arm-none-eabi/11.3.1/thumb/v7-m/nofp/crtend.o
LOAD C:/ST/STM32CubeCLT/GNU-tools-for-STM32/bin/../lib/gcc/arm-none-eabi/11.3.1/thumb/v7-m/nofp/crtn.o
                0x0000000020005000                _estack = (ORIGIN (RAM) + LENGTH (RAM))
                0x0000000000000200                _Min_Heap_Size = 0x200
                0x0000000000000400                _Min_Stack_Size = 0x400

.isr_vector     0x0000000008000000      0x10c
                0x0000000008000000                . = ALIGN (0x4)
 *(.isr_vector)
 .isr_vector    0x0000000008000000      0x10c CMakeFiles/PS_CC-CV_FREETROS.dir/Core/Startup/startup_stm32f103c8tx.s.obj
                0x0000000008000000                g_pfnVectors
                0x000000000800010c                . = ALIGN (0x4)

.text           0x0000000008000110     0x811c
                0x0000000008000110                . = ALIGN (0x4)
 *(.text)
 .text          0x0000000008000110       0x40 C:/ST/STM32CubeCLT/GNU-tools-for-STM32/bin/../lib/gcc/arm-none-eabi/11.3.1/thumb/v7-m/nofp/crtbegin.o
 .text          0x0000000008000150       0x10 C:/ST/STM32CubeCLT/GNU-tools-for-STM32/bin/../lib/gcc/arm-none-eabi/11.3.1/../../../../arm-none-eabi/lib/thumb/v7-m/nofp\libc_nano.a(libc_a-strlen.o)
                0x0000000008000150                strlen
 .text          0x0000000008000160      0x378 C:/ST/STM32CubeCLT/GNU-tools-for-STM32/bin/../lib/gcc/arm-none-eabi/11.3.1/thumb/v7-m/nofp\libgcc.a(_arm_addsubdf3.o)
                0x0000000008000160                __aeabi_drsub
                0x0000000008000168                __aeabi_dsub
                0x0000000008000168                __subdf3
                0x000000000800016c                __aeabi_dadd
                0x000000000800016c                __adddf3
                0x00000000080003e4                __floatunsidf
                0x00000000080003e4                __aeabi_ui2d
                0x0000000008000404                __floatsidf
                0x0000000008000404                __aeabi_i2d
                0x0000000008000428                __aeabi_f2d
                0x0000000008000428                __extendsfdf2
                0x000000000800046c                __floatundidf
                0x000000000800046c                __aeabi_ul2d
                0x000000000800047c                __floatdidf
                0x000000000800047c                __aeabi_l2d
 .text          0x00000000080004d8      0x424 C:/ST/STM32CubeCLT/GNU-tools-for-STM32/bin/../lib/gcc/arm-none-eabi/11.3.1/thumb/v7-m/nofp\libgcc.a(_arm_muldivdf3.o)
                0x00000000080004d8                __aeabi_dmul
                0x00000000080004d8                __muldf3
                0x000000000800072c                __divdf3
                0x000000000800072c                __aeabi_ddiv
 .text          0x00000000080008fc      0x110 C:/ST/STM32CubeCLT/GNU-tools-for-STM32/bin/../lib/gcc/arm-none-eabi/11.3.1/thumb/v7-m/nofp\libgcc.a(_arm_cmpdf2.o)
                0x00000000080008fc                __gtdf2
                0x00000000080008fc                __gedf2
                0x0000000008000904                __ltdf2
                0x0000000008000904                __ledf2
                0x000000000800090c                __nedf2
                0x000000000800090c                __eqdf2
                0x000000000800090c                __cmpdf2
                0x0000000008000988                __aeabi_cdrcmple
                0x0000000008000998                __aeabi_cdcmpeq
                0x0000000008000998                __aeabi_cdcmple
                0x00000000080009a8                __aeabi_dcmpeq
                0x00000000080009bc                __aeabi_dcmplt
                0x00000000080009d0                __aeabi_dcmple
                0x00000000080009e4                __aeabi_dcmpge
                0x00000000080009f8                __aeabi_dcmpgt
 .text          0x0000000008000a0c       0x2c C:/ST/STM32CubeCLT/GNU-tools-for-STM32/bin/../lib/gcc/arm-none-eabi/11.3.1/thumb/v7-m/nofp\libgcc.a(_arm_unorddf2.o)
                0x0000000008000a0c                __unorddf2
                0x0000000008000a0c                __aeabi_dcmpun
 .text          0x0000000008000a38       0x50 C:/ST/STM32CubeCLT/GNU-tools-for-STM32/bin/../lib/gcc/arm-none-eabi/11.3.1/thumb/v7-m/nofp\libgcc.a(_arm_fixdfsi.o)
                0x0000000008000a38                __aeabi_d2iz
                0x0000000008000a38                __fixdfsi
 *(.text*)
 .text.__cvt    0x0000000008000a88       0xbe C:/ST/STM32CubeCLT/GNU-tools-for-STM32/bin/../lib/gcc/arm-none-eabi/11.3.1/../../../../arm-none-eabi/lib/thumb/v7-m/nofp\libc_nano.a(libc_a-nano-vfprintf_float.o)
                0x0000000008000a88                __cvt
 .text.__exponent
                0x0000000008000b46       0x7a C:/ST/STM32CubeCLT/GNU-tools-for-STM32/bin/../lib/gcc/arm-none-eabi/11.3.1/../../../../arm-none-eabi/lib/thumb/v7-m/nofp\libc_nano.a(libc_a-nano-vfprintf_float.o)
                0x0000000008000b46                __exponent
 .text._printf_float
                0x0000000008000bc0      0x45c C:/ST/STM32CubeCLT/GNU-tools-for-STM32/bin/../lib/gcc/arm-none-eabi/11.3.1/../../../../arm-none-eabi/lib/thumb/v7-m/nofp\libc_nano.a(libc_a-nano-vfprintf_float.o)
                0x0000000008000bc0                _printf_float
 .text._printf_common
                0x000000000800101c       0xe4 C:/ST/STM32CubeCLT/GNU-tools-for-STM32/bin/../lib/gcc/arm-none-eabi/11.3.1/../../../../arm-none-eabi/lib/thumb/v7-m/nofp\libc_nano.a(libc_a-nano-vfprintf_i.o)
                0x000000000800101c                _printf_common
 .text._printf_i
                0x0000000008001100      0x244 C:/ST/STM32CubeCLT/GNU-tools-for-STM32/bin/../lib/gcc/arm-none-eabi/11.3.1/../../../../arm-none-eabi/lib/thumb/v7-m/nofp\libc_nano.a(libc_a-nano-vfprintf_i.o)
                0x0000000008001100                _printf_i
 .text.std      0x0000000008001344       0x48 C:/ST/STM32CubeCLT/GNU-tools-for-STM32/bin/../lib/gcc/arm-none-eabi/11.3.1/../../../../arm-none-eabi/lib/thumb/v7-m/nofp\libc_nano.a(libc_a-findfp.o)
 .text.stdio_exit_handler
                0x000000000800138c       0x18 C:/ST/STM32CubeCLT/GNU-tools-for-STM32/bin/../lib/gcc/arm-none-eabi/11.3.1/../../../../arm-none-eabi/lib/thumb/v7-m/nofp\libc_nano.a(libc_a-findfp.o)
 .text.cleanup_stdio
                0x00000000080013a4       0x40 C:/ST/STM32CubeCLT/GNU-tools-for-STM32/bin/../lib/gcc/arm-none-eabi/11.3.1/../../../../arm-none-eabi/lib/thumb/v7-m/nofp\libc_nano.a(libc_a-findfp.o)
 .text.global_stdio_init.part.0
                0x00000000080013e4       0x3c C:/ST/STM32CubeCLT/GNU-tools-for-STM32/bin/../lib/gcc/arm-none-eabi/11.3.1/../../../../arm-none-eabi/lib/thumb/v7-m/nofp\libc_nano.a(libc_a-findfp.o)
 .text.__sfp_lock_acquire
                0x0000000008001420        0xc C:/ST/STM32CubeCLT/GNU-tools-for-STM32/bin/../lib/gcc/arm-none-eabi/11.3.1/../../../../arm-none-eabi/lib/thumb/v7-m/nofp\libc_nano.a(libc_a-findfp.o)
                0x0000000008001420                __sfp_lock_acquire
 .text.__sfp_lock_release
                0x000000000800142c        0xc C:/ST/STM32CubeCLT/GNU-tools-for-STM32/bin/../lib/gcc/arm-none-eabi/11.3.1/../../../../arm-none-eabi/lib/thumb/v7-m/nofp\libc_nano.a(libc_a-findfp.o)
                0x000000000800142c                __sfp_lock_release
 .text.__sinit  0x0000000008001438       0x30 C:/ST/STM32CubeCLT/GNU-tools-for-STM32/bin/../lib/gcc/arm-none-eabi/11.3.1/../../../../arm-none-eabi/lib/thumb/v7-m/nofp\libc_nano.a(libc_a-findfp.o)
                0x0000000008001438                __sinit
 .text._fwalk_sglue
                0x0000000008001468       0x3c C:/ST/STM32CubeCLT/GNU-tools-for-STM32/bin/../lib/gcc/arm-none-eabi/11.3.1/../../../../arm-none-eabi/lib/thumb/v7-m/nofp\libc_nano.a(libc_a-fwalk.o)
                0x0000000008001468                _fwalk_sglue
 .text.__sread  0x00000000080014a4       0x22 C:/ST/STM32CubeCLT/GNU-tools-for-STM32/bin/../lib/gcc/arm-none-eabi/11.3.1/../../../../arm-none-eabi/lib/thumb/v7-m/nofp\libc_nano.a(libc_a-stdio.o)
                0x00000000080014a4                __sread
 .text.__swrite
                0x00000000080014c6       0x38 C:/ST/STM32CubeCLT/GNU-tools-for-STM32/bin/../lib/gcc/arm-none-eabi/11.3.1/../../../../arm-none-eabi/lib/thumb/v7-m/nofp\libc_nano.a(libc_a-stdio.o)
                0x00000000080014c6                __swrite
 .text.__sseek  0x00000000080014fe       0x24 C:/ST/STM32CubeCLT/GNU-tools-for-STM32/bin/../lib/gcc/arm-none-eabi/11.3.1/../../../../arm-none-eabi/lib/thumb/v7-m/nofp\libc_nano.a(libc_a-stdio.o)
                0x00000000080014fe                __sseek
 .text.__sclose
                0x0000000008001522        0x8 C:/ST/STM32CubeCLT/GNU-tools-for-STM32/bin/../lib/gcc/arm-none-eabi/11.3.1/../../../../arm-none-eabi/lib/thumb/v7-m/nofp\libc_nano.a(libc_a-stdio.o)
                0x0000000008001522                __sclose
 .text.memset   0x000000000800152a       0x10 C:/ST/STM32CubeCLT/GNU-tools-for-STM32/bin/../lib/gcc/arm-none-eabi/11.3.1/../../../../arm-none-eabi/lib/thumb/v7-m/nofp\libc_nano.a(libc_a-memset.o)
                0x000000000800152a                memset
 *fill*         0x000000000800153a        0x2 
 .text._localeconv_r
                0x000000000800153c        0x8 C:/ST/STM32CubeCLT/GNU-tools-for-STM32/bin/../lib/gcc/arm-none-eabi/11.3.1/../../../../arm-none-eabi/lib/thumb/v7-m/nofp\libc_nano.a(libc_a-localeconv.o)
                0x000000000800153c                _localeconv_r
 .text._close_r
                0x0000000008001544       0x20 C:/ST/STM32CubeCLT/GNU-tools-for-STM32/bin/../lib/gcc/arm-none-eabi/11.3.1/../../../../arm-none-eabi/lib/thumb/v7-m/nofp\libc_nano.a(libc_a-closer.o)
                0x0000000008001544                _close_r
 .text._reclaim_reent
                0x0000000008001564       0xac C:/ST/STM32CubeCLT/GNU-tools-for-STM32/bin/../lib/gcc/arm-none-eabi/11.3.1/../../../../arm-none-eabi/lib/thumb/v7-m/nofp\libc_nano.a(libc_a-reent.o)
                0x0000000008001564                _reclaim_reent
 .text._lseek_r
                0x0000000008001610       0x24 C:/ST/STM32CubeCLT/GNU-tools-for-STM32/bin/../lib/gcc/arm-none-eabi/11.3.1/../../../../arm-none-eabi/lib/thumb/v7-m/nofp\libc_nano.a(libc_a-lseekr.o)
                0x0000000008001610                _lseek_r
 .text._read_r  0x0000000008001634       0x24 C:/ST/STM32CubeCLT/GNU-tools-for-STM32/bin/../lib/gcc/arm-none-eabi/11.3.1/../../../../arm-none-eabi/lib/thumb/v7-m/nofp\libc_nano.a(libc_a-readr.o)
                0x0000000008001634                _read_r
 .text._write_r
                0x0000000008001658       0x24 C:/ST/STM32CubeCLT/GNU-tools-for-STM32/bin/../lib/gcc/arm-none-eabi/11.3.1/../../../../arm-none-eabi/lib/thumb/v7-m/nofp\libc_nano.a(libc_a-writer.o)
                0x0000000008001658                _write_r
 .text.__libc_init_array
                0x000000000800167c       0x48 C:/ST/STM32CubeCLT/GNU-tools-for-STM32/bin/../lib/gcc/arm-none-eabi/11.3.1/../../../../arm-none-eabi/lib/thumb/v7-m/nofp\libc_nano.a(libc_a-init.o)
                0x000000000800167c                __libc_init_array
 .text.__retarget_lock_acquire_recursive
                0x00000000080016c4        0x2 C:/ST/STM32CubeCLT/GNU-tools-for-STM32/bin/../lib/gcc/arm-none-eabi/11.3.1/../../../../arm-none-eabi/lib/thumb/v7-m/nofp\libc_nano.a(libc_a-lock.o)
                0x00000000080016c4                __retarget_lock_acquire_recursive
 .text.__retarget_lock_release_recursive
                0x00000000080016c6        0x2 C:/ST/STM32CubeCLT/GNU-tools-for-STM32/bin/../lib/gcc/arm-none-eabi/11.3.1/../../../../arm-none-eabi/lib/thumb/v7-m/nofp\libc_nano.a(libc_a-lock.o)
                0x00000000080016c6                __retarget_lock_release_recursive
 .text.memchr   0x00000000080016c8       0x1c C:/ST/STM32CubeCLT/GNU-tools-for-STM32/bin/../lib/gcc/arm-none-eabi/11.3.1/../../../../arm-none-eabi/lib/thumb/v7-m/nofp\libc_nano.a(libc_a-memchr-stub.o)
                0x00000000080016c8                memchr
 .text.quorem   0x00000000080016e4      0x112 C:/ST/STM32CubeCLT/GNU-tools-for-STM32/bin/../lib/gcc/arm-none-eabi/11.3.1/../../../../arm-none-eabi/lib/thumb/v7-m/nofp\libc_nano.a(libc_a-dtoa.o)
 *fill*         0x00000000080017f6        0x2 
 .text._dtoa_r  0x00000000080017f8      0xbc8 C:/ST/STM32CubeCLT/GNU-tools-for-STM32/bin/../lib/gcc/arm-none-eabi/11.3.1/../../../../arm-none-eabi/lib/thumb/v7-m/nofp\libc_nano.a(libc_a-dtoa.o)
                0x00000000080017f8                _dtoa_r
 .text._free_r  0x00000000080023c0       0x90 C:/ST/STM32CubeCLT/GNU-tools-for-STM32/bin/../lib/gcc/arm-none-eabi/11.3.1/../../../../arm-none-eabi/lib/thumb/v7-m/nofp\libc_nano.a(libc_a-freer.o)
                0x00000000080023c0                _free_r
 .text.malloc   0x0000000008002450       0x10 C:/ST/STM32CubeCLT/GNU-tools-for-STM32/bin/../lib/gcc/arm-none-eabi/11.3.1/../../../../arm-none-eabi/lib/thumb/v7-m/nofp\libc_nano.a(libc_a-malloc.o)
                0x0000000008002450                malloc
 .text.sbrk_aligned
                0x0000000008002460       0x40 C:/ST/STM32CubeCLT/GNU-tools-for-STM32/bin/../lib/gcc/arm-none-eabi/11.3.1/../../../../arm-none-eabi/lib/thumb/v7-m/nofp\libc_nano.a(libc_a-mallocr.o)
 .text._malloc_r
                0x00000000080024a0      0x100 C:/ST/STM32CubeCLT/GNU-tools-for-STM32/bin/../lib/gcc/arm-none-eabi/11.3.1/../../../../arm-none-eabi/lib/thumb/v7-m/nofp\libc_nano.a(libc_a-mallocr.o)
                0x00000000080024a0                _malloc_r
 .text.__malloc_lock
                0x00000000080025a0        0xc C:/ST/STM32CubeCLT/GNU-tools-for-STM32/bin/../lib/gcc/arm-none-eabi/11.3.1/../../../../arm-none-eabi/lib/thumb/v7-m/nofp\libc_nano.a(libc_a-mlock.o)
                0x00000000080025a0                __malloc_lock
 .text.__malloc_unlock
                0x00000000080025ac        0xc C:/ST/STM32CubeCLT/GNU-tools-for-STM32/bin/../lib/gcc/arm-none-eabi/11.3.1/../../../../arm-none-eabi/lib/thumb/v7-m/nofp\libc_nano.a(libc_a-mlock.o)
                0x00000000080025ac                __malloc_unlock
 .text._Balloc  0x00000000080025b8       0x80 C:/ST/STM32CubeCLT/GNU-tools-for-STM32/bin/../lib/gcc/arm-none-eabi/11.3.1/../../../../arm-none-eabi/lib/thumb/v7-m/nofp\libc_nano.a(libc_a-mprec.o)
                0x00000000080025b8                _Balloc
 .text._Bfree   0x0000000008002638       0x44 C:/ST/STM32CubeCLT/GNU-tools-for-STM32/bin/../lib/gcc/arm-none-eabi/11.3.1/../../../../arm-none-eabi/lib/thumb/v7-m/nofp\libc_nano.a(libc_a-mprec.o)
                0x0000000008002638                _Bfree
 .text.__multadd
                0x000000000800267c       0x8c C:/ST/STM32CubeCLT/GNU-tools-for-STM32/bin/../lib/gcc/arm-none-eabi/11.3.1/../../../../arm-none-eabi/lib/thumb/v7-m/nofp\libc_nano.a(libc_a-mprec.o)
                0x000000000800267c                __multadd
 .text.__hi0bits
                0x0000000008002708       0x40 C:/ST/STM32CubeCLT/GNU-tools-for-STM32/bin/../lib/gcc/arm-none-eabi/11.3.1/../../../../arm-none-eabi/lib/thumb/v7-m/nofp\libc_nano.a(libc_a-mprec.o)
                0x0000000008002708                __hi0bits
 .text.__lo0bits
                0x0000000008002748       0x5a C:/ST/STM32CubeCLT/GNU-tools-for-STM32/bin/../lib/gcc/arm-none-eabi/11.3.1/../../../../arm-none-eabi/lib/thumb/v7-m/nofp\libc_nano.a(libc_a-mprec.o)
                0x0000000008002748                __lo0bits
 *fill*         0x00000000080027a2        0x2 
 .text.__i2b    0x00000000080027a4       0x2c C:/ST/STM32CubeCLT/GNU-tools-for-STM32/bin/../lib/gcc/arm-none-eabi/11.3.1/../../../../arm-none-eabi/lib/thumb/v7-m/nofp\libc_nano.a(libc_a-mprec.o)
                0x00000000080027a4                __i2b
 .text.__multiply
                0x00000000080027d0      0x150 C:/ST/STM32CubeCLT/GNU-tools-for-STM32/bin/../lib/gcc/arm-none-eabi/11.3.1/../../../../arm-none-eabi/lib/thumb/v7-m/nofp\libc_nano.a(libc_a-mprec.o)
                0x00000000080027d0                __multiply
 .text.__pow5mult
                0x0000000008002920       0xb4 C:/ST/STM32CubeCLT/GNU-tools-for-STM32/bin/../lib/gcc/arm-none-eabi/11.3.1/../../../../arm-none-eabi/lib/thumb/v7-m/nofp\libc_nano.a(libc_a-mprec.o)
                0x0000000008002920                __pow5mult
 .text.__lshift
                0x00000000080029d4       0xd8 C:/ST/STM32CubeCLT/GNU-tools-for-STM32/bin/../lib/gcc/arm-none-eabi/11.3.1/../../../../arm-none-eabi/lib/thumb/v7-m/nofp\libc_nano.a(libc_a-mprec.o)
                0x00000000080029d4                __lshift
 .text.__mcmp   0x0000000008002aac       0x36 C:/ST/STM32CubeCLT/GNU-tools-for-STM32/bin/../lib/gcc/arm-none-eabi/11.3.1/../../../../arm-none-eabi/lib/thumb/v7-m/nofp\libc_nano.a(libc_a-mprec.o)
                0x0000000008002aac                __mcmp
 *fill*         0x0000000008002ae2        0x2 
 .text.__mdiff  0x0000000008002ae4      0x118 C:/ST/STM32CubeCLT/GNU-tools-for-STM32/bin/../lib/gcc/arm-none-eabi/11.3.1/../../../../arm-none-eabi/lib/thumb/v7-m/nofp\libc_nano.a(libc_a-mprec.o)
                0x0000000008002ae4                __mdiff
 .text.__d2b    0x0000000008002bfc       0xac C:/ST/STM32CubeCLT/GNU-tools-for-STM32/bin/../lib/gcc/arm-none-eabi/11.3.1/../../../../arm-none-eabi/lib/thumb/v7-m/nofp\libc_nano.a(libc_a-mprec.o)
                0x0000000008002bfc                __d2b
 .text.__sflush_r
                0x0000000008002ca8      0x104 C:/ST/STM32CubeCLT/GNU-tools-for-STM32/bin/../lib/gcc/arm-none-eabi/11.3.1/../../../../arm-none-eabi/lib/thumb/v7-m/nofp\libc_nano.a(libc_a-fflush.o)
                0x0000000008002ca8                __sflush_r
 .text._fflush_r
                0x0000000008002dac       0x50 C:/ST/STM32CubeCLT/GNU-tools-for-STM32/bin/../lib/gcc/arm-none-eabi/11.3.1/../../../../arm-none-eabi/lib/thumb/v7-m/nofp\libc_nano.a(libc_a-fflush.o)
                0x0000000008002dac                _fflush_r
 .text._sbrk_r  0x0000000008002dfc       0x20 C:/ST/STM32CubeCLT/GNU-tools-for-STM32/bin/../lib/gcc/arm-none-eabi/11.3.1/../../../../arm-none-eabi/lib/thumb/v7-m/nofp\libc_nano.a(libc_a-sbrkr.o)
                0x0000000008002dfc                _sbrk_r
 .text.memcpy   0x0000000008002e1c       0x1c C:/ST/STM32CubeCLT/GNU-tools-for-STM32/bin/../lib/gcc/arm-none-eabi/11.3.1/../../../../arm-none-eabi/lib/thumb/v7-m/nofp\libc_nano.a(libc_a-memcpy-stub.o)
                0x0000000008002e1c                memcpy
 .text.__assert_func
                0x0000000008002e38       0x3c C:/ST/STM32CubeCLT/GNU-tools-for-STM32/bin/../lib/gcc/arm-none-eabi/11.3.1/../../../../arm-none-eabi/lib/thumb/v7-m/nofp\libc_nano.a(libc_a-assert.o)
                0x0000000008002e38                __assert_func
 .text._calloc_r
                0x0000000008002e74       0x28 C:/ST/STM32CubeCLT/GNU-tools-for-STM32/bin/../lib/gcc/arm-none-eabi/11.3.1/../../../../arm-none-eabi/lib/thumb/v7-m/nofp\libc_nano.a(libc_a-callocr.o)
                0x0000000008002e74                _calloc_r
 .text.__ascii_mbtowc
                0x0000000008002e9c       0x24 C:/ST/STM32CubeCLT/GNU-tools-for-STM32/bin/../lib/gcc/arm-none-eabi/11.3.1/../../../../arm-none-eabi/lib/thumb/v7-m/nofp\libc_nano.a(libc_a-mbtowc_r.o)
                0x0000000008002e9c                __ascii_mbtowc
 .text.__ascii_wctomb
                0x0000000008002ec0       0x1a C:/ST/STM32CubeCLT/GNU-tools-for-STM32/bin/../lib/gcc/arm-none-eabi/11.3.1/../../../../arm-none-eabi/lib/thumb/v7-m/nofp\libc_nano.a(libc_a-wctomb_r.o)
                0x0000000008002ec0                __ascii_wctomb
 *fill*         0x0000000008002eda        0x2 
 .text.fprintf  0x0000000008002edc       0x24 C:/ST/STM32CubeCLT/GNU-tools-for-STM32/bin/../lib/gcc/arm-none-eabi/11.3.1/../../../../arm-none-eabi/lib/thumb/v7-m/nofp\libc_nano.a(libc_a-fprintf.o)
                0x0000000008002edc                fiprintf
                0x0000000008002edc                fprintf
 .text.abort    0x0000000008002f00        0xe C:/ST/STM32CubeCLT/GNU-tools-for-STM32/bin/../lib/gcc/arm-none-eabi/11.3.1/../../../../arm-none-eabi/lib/thumb/v7-m/nofp\libc_nano.a(libc_a-abort.o)
                0x0000000008002f00                abort
 .text.__sfputc_r
                0x0000000008002f0e       0x2a C:/ST/STM32CubeCLT/GNU-tools-for-STM32/bin/../lib/gcc/arm-none-eabi/11.3.1/../../../../arm-none-eabi/lib/thumb/v7-m/nofp\libc_nano.a(libc_a-nano-vfprintf.o)
 .text.__sfputs_r
                0x0000000008002f38       0x24 C:/ST/STM32CubeCLT/GNU-tools-for-STM32/bin/../lib/gcc/arm-none-eabi/11.3.1/../../../../arm-none-eabi/lib/thumb/v7-m/nofp\libc_nano.a(libc_a-nano-vfprintf.o)
                0x0000000008002f38                __sfputs_r
 .text._vfprintf_r
                0x0000000008002f5c      0x234 C:/ST/STM32CubeCLT/GNU-tools-for-STM32/bin/../lib/gcc/arm-none-eabi/11.3.1/../../../../arm-none-eabi/lib/thumb/v7-m/nofp\libc_nano.a(libc_a-nano-vfprintf.o)
                0x0000000008002f5c                _vfprintf_r
                0x0000000008002f5c                _vfiprintf_r
 .text.__swbuf_r
                0x0000000008003190       0x7a C:/ST/STM32CubeCLT/GNU-tools-for-STM32/bin/../lib/gcc/arm-none-eabi/11.3.1/../../../../arm-none-eabi/lib/thumb/v7-m/nofp\libc_nano.a(libc_a-wbuf.o)
                0x0000000008003190                __swbuf_r
 *fill*         0x000000000800320a        0x2 
 .text.__swsetup_r
                0x000000000800320c       0xb0 C:/ST/STM32CubeCLT/GNU-tools-for-STM32/bin/../lib/gcc/arm-none-eabi/11.3.1/../../../../arm-none-eabi/lib/thumb/v7-m/nofp\libc_nano.a(libc_a-wsetup.o)
                0x000000000800320c                __swsetup_r
 .text.memmove  0x00000000080032bc       0x34 C:/ST/STM32CubeCLT/GNU-tools-for-STM32/bin/../lib/gcc/arm-none-eabi/11.3.1/../../../../arm-none-eabi/lib/thumb/v7-m/nofp\libc_nano.a(libc_a-memmove.o)
                0x00000000080032bc                memmove
 .text._raise_r
                0x00000000080032f0       0x50 C:/ST/STM32CubeCLT/GNU-tools-for-STM32/bin/../lib/gcc/arm-none-eabi/11.3.1/../../../../arm-none-eabi/lib/thumb/v7-m/nofp\libc_nano.a(libc_a-signal.o)
                0x00000000080032f0                _raise_r
 .text.raise    0x0000000008003340       0x10 C:/ST/STM32CubeCLT/GNU-tools-for-STM32/bin/../lib/gcc/arm-none-eabi/11.3.1/../../../../arm-none-eabi/lib/thumb/v7-m/nofp\libc_nano.a(libc_a-signal.o)
                0x0000000008003340                raise
 .text._kill_r  0x0000000008003350       0x24 C:/ST/STM32CubeCLT/GNU-tools-for-STM32/bin/../lib/gcc/arm-none-eabi/11.3.1/../../../../arm-none-eabi/lib/thumb/v7-m/nofp\libc_nano.a(libc_a-signalr.o)
                0x0000000008003350                _kill_r
 .text._getpid_r
                0x0000000008003374        0x4 C:/ST/STM32CubeCLT/GNU-tools-for-STM32/bin/../lib/gcc/arm-none-eabi/11.3.1/../../../../arm-none-eabi/lib/thumb/v7-m/nofp\libc_nano.a(libc_a-signalr.o)
                0x0000000008003374                _getpid_r
 .text._realloc_r
                0x0000000008003378       0x5e C:/ST/STM32CubeCLT/GNU-tools-for-STM32/bin/../lib/gcc/arm-none-eabi/11.3.1/../../../../arm-none-eabi/lib/thumb/v7-m/nofp\libc_nano.a(libc_a-reallocr.o)
                0x0000000008003378                _realloc_r
 .text.__swhatbuf_r
                0x00000000080033d6       0x4a C:/ST/STM32CubeCLT/GNU-tools-for-STM32/bin/../lib/gcc/arm-none-eabi/11.3.1/../../../../arm-none-eabi/lib/thumb/v7-m/nofp\libc_nano.a(libc_a-makebuf.o)
                0x00000000080033d6                __swhatbuf_r
 .text.__smakebuf_r
                0x0000000008003420       0x78 C:/ST/STM32CubeCLT/GNU-tools-for-STM32/bin/../lib/gcc/arm-none-eabi/11.3.1/../../../../arm-none-eabi/lib/thumb/v7-m/nofp\libc_nano.a(libc_a-makebuf.o)
                0x0000000008003420                __smakebuf_r
 .text._fstat_r
                0x0000000008003498       0x24 C:/ST/STM32CubeCLT/GNU-tools-for-STM32/bin/../lib/gcc/arm-none-eabi/11.3.1/../../../../arm-none-eabi/lib/thumb/v7-m/nofp\libc_nano.a(libc_a-fstatr.o)
                0x0000000008003498                _fstat_r
 .text._isatty_r
                0x00000000080034bc       0x20 C:/ST/STM32CubeCLT/GNU-tools-for-STM32/bin/../lib/gcc/arm-none-eabi/11.3.1/../../../../arm-none-eabi/lib/thumb/v7-m/nofp\libc_nano.a(libc_a-isattyr.o)
                0x00000000080034bc                _isatty_r
 .text._malloc_usable_size_r
                0x00000000080034dc       0x10 C:/ST/STM32CubeCLT/GNU-tools-for-STM32/bin/../lib/gcc/arm-none-eabi/11.3.1/../../../../arm-none-eabi/lib/thumb/v7-m/nofp\libc_nano.a(libc_a-msizer.o)
                0x00000000080034dc                _malloc_usable_size_r
 .text.read_buttons_state
                0x00000000080034ec       0x60 CMakeFiles/PS_CC-CV_FREETROS.dir/App/Src/buttons.c.obj
                0x00000000080034ec                read_buttons_state
 .text.encoder_init
                0x000000000800354c       0x34 CMakeFiles/PS_CC-CV_FREETROS.dir/App/Src/encoder.c.obj
                0x000000000800354c                encoder_init
 .text.encoder_update
                0x0000000008003580       0x44 CMakeFiles/PS_CC-CV_FREETROS.dir/App/Src/encoder.c.obj
                0x0000000008003580                encoder_update
 .text.encoder_thread
                0x00000000080035c4        0xe CMakeFiles/PS_CC-CV_FREETROS.dir/App/Src/encoder.c.obj
                0x00000000080035c4                encoder_thread
 *fill*         0x00000000080035d2        0x2 
 .text.read_encoder_state
                0x00000000080035d4       0x44 CMakeFiles/PS_CC-CV_FREETROS.dir/App/Src/encoder.c.obj
                0x00000000080035d4                read_encoder_state
 .text.buzzer_set_vol
                0x0000000008003618        0xc CMakeFiles/PS_CC-CV_FREETROS.dir/App/Src/buzzer.c.obj
 .text.buzzer_thread
                0x0000000008003624       0x98 CMakeFiles/PS_CC-CV_FREETROS.dir/App/Src/buzzer.c.obj
                0x0000000008003624                buzzer_thread
 .text.set_short_pulse_buzzer
                0x00000000080036bc       0x34 CMakeFiles/PS_CC-CV_FREETROS.dir/App/Src/buzzer.c.obj
                0x00000000080036bc                set_short_pulse_buzzer
 .text.buzzer_init
                0x00000000080036f0       0x4c CMakeFiles/PS_CC-CV_FREETROS.dir/App/Src/buzzer.c.obj
                0x00000000080036f0                buzzer_init
 .text.led_thread
                0x000000000800373c      0x1a0 CMakeFiles/PS_CC-CV_FREETROS.dir/App/Src/led.c.obj
                0x000000000800373c                led_thread
 .text.led_set_pulse
                0x00000000080038dc       0x30 CMakeFiles/PS_CC-CV_FREETROS.dir/App/Src/led.c.obj
                0x00000000080038dc                led_set_pulse
 .text.led_init
                0x000000000800390c       0x44 CMakeFiles/PS_CC-CV_FREETROS.dir/App/Src/led.c.obj
                0x000000000800390c                led_init
 .text.hmi_showing_screen
                0x0000000008003950       0x20 CMakeFiles/PS_CC-CV_FREETROS.dir/HMI/Src/hmi.c.obj
 .text.hmi_showing_data
                0x0000000008003970       0x20 CMakeFiles/PS_CC-CV_FREETROS.dir/HMI/Src/hmi.c.obj
 .text.hmi_showing_update_data
                0x0000000008003990       0x20 CMakeFiles/PS_CC-CV_FREETROS.dir/HMI/Src/hmi.c.obj
                0x0000000008003990                hmi_showing_update_data
 .text.hmi_showing_update_data_encoder
                0x00000000080039b0       0x20 CMakeFiles/PS_CC-CV_FREETROS.dir/HMI/Src/hmi.c.obj
                0x00000000080039b0                hmi_showing_update_data_encoder
 .text.hmi_buttons_update_state
                0x00000000080039d0       0x24 CMakeFiles/PS_CC-CV_FREETROS.dir/HMI/Src/hmi.c.obj
 .text.hmi_encoder_update_state
                0x00000000080039f4       0x10 CMakeFiles/PS_CC-CV_FREETROS.dir/HMI/Src/hmi.c.obj
 .text.hmi_tread
                0x0000000008003a04       0x50 CMakeFiles/PS_CC-CV_FREETROS.dir/HMI/Src/hmi.c.obj
                0x0000000008003a04                hmi_tread
 .text.hmi_tread_update_screen
                0x0000000008003a54       0x18 CMakeFiles/PS_CC-CV_FREETROS.dir/HMI/Src/hmi.c.obj
                0x0000000008003a54                hmi_tread_update_screen
 .text.hmi_init
                0x0000000008003a6c       0x78 CMakeFiles/PS_CC-CV_FREETROS.dir/HMI/Src/hmi.c.obj
                0x0000000008003a6c                hmi_init
 .text.hmi_set_screen
                0x0000000008003ae4        0xc CMakeFiles/PS_CC-CV_FREETROS.dir/HMI/Src/hmi.c.obj
                0x0000000008003ae4                hmi_set_screen
 .text.hmi_dashboard_draw_info_fan
                0x0000000008003af0       0x28 CMakeFiles/PS_CC-CV_FREETROS.dir/HMI/Src/hmi_dashboard.c.obj
 .text.hmi_dashboard_draw_voltage_input
                0x0000000008003b18       0x28 CMakeFiles/PS_CC-CV_FREETROS.dir/HMI/Src/hmi_dashboard.c.obj
 .text.hmi_dashboard_draw_cursor_current
                0x0000000008003b40       0x38 CMakeFiles/PS_CC-CV_FREETROS.dir/HMI/Src/hmi_dashboard.c.obj
 .text.hmi_dashboard_draw_cursor_voltage
                0x0000000008003b78       0x38 CMakeFiles/PS_CC-CV_FREETROS.dir/HMI/Src/hmi_dashboard.c.obj
 .text.hmi_dashboard_init
                0x0000000008003bb0       0x34 CMakeFiles/PS_CC-CV_FREETROS.dir/HMI/Src/hmi_dashboard.c.obj
                0x0000000008003bb0                hmi_dashboard_init
 .text.hmi_dashboard_set_limits
                0x0000000008003be4       0x44 CMakeFiles/PS_CC-CV_FREETROS.dir/HMI/Src/hmi_dashboard.c.obj
                0x0000000008003be4                hmi_dashboard_set_limits
 .text.hmi_dashboard_correction_cursor_field_current
                0x0000000008003c28       0x20 CMakeFiles/PS_CC-CV_FREETROS.dir/HMI/Src/hmi_dashboard.c.obj
                0x0000000008003c28                hmi_dashboard_correction_cursor_field_current
 .text.hmi_dashboard_increment_index_field
                0x0000000008003c48       0x48 CMakeFiles/PS_CC-CV_FREETROS.dir/HMI/Src/hmi_dashboard.c.obj
                0x0000000008003c48                hmi_dashboard_increment_index_field
 .text.hmi_dashboard_decrement_index_field
                0x0000000008003c90       0x48 CMakeFiles/PS_CC-CV_FREETROS.dir/HMI/Src/hmi_dashboard.c.obj
                0x0000000008003c90                hmi_dashboard_decrement_index_field
 .text.hmi_dashboard_decrement_digit
                0x0000000008003cd8       0x94 CMakeFiles/PS_CC-CV_FREETROS.dir/HMI/Src/hmi_dashboard.c.obj
                0x0000000008003cd8                hmi_dashboard_decrement_digit
 .text.hmi_dashboard_increment_digit
                0x0000000008003d6c       0x94 CMakeFiles/PS_CC-CV_FREETROS.dir/HMI/Src/hmi_dashboard.c.obj
                0x0000000008003d6c                hmi_dashboard_increment_digit
 .text.hmi_dashboard_cursor_edit_toggle
                0x0000000008003e00       0x14 CMakeFiles/PS_CC-CV_FREETROS.dir/HMI/Src/hmi_dashboard.c.obj
                0x0000000008003e00                hmi_dashboard_cursor_edit_toggle
 .text.hmi_dashboard_update_state_cursor
                0x0000000008003e14       0x24 CMakeFiles/PS_CC-CV_FREETROS.dir/HMI/Src/hmi_dashboard.c.obj
                0x0000000008003e14                hmi_dashboard_update_state_cursor
 .text.hmi_dashboard_cursor_update_status
                0x0000000008003e38       0x14 CMakeFiles/PS_CC-CV_FREETROS.dir/HMI/Src/hmi_dashboard.c.obj
                0x0000000008003e38                hmi_dashboard_cursor_update_status
 .text.hmi_dashboard_draw_current
                0x0000000008003e4c       0x50 CMakeFiles/PS_CC-CV_FREETROS.dir/HMI/Src/hmi_dashboard.c.obj
                0x0000000008003e4c                hmi_dashboard_draw_current
 .text.hmi_dashboard_draw_voltage_output
                0x0000000008003e9c       0x54 CMakeFiles/PS_CC-CV_FREETROS.dir/HMI/Src/hmi_dashboard.c.obj
                0x0000000008003e9c                hmi_dashboard_draw_voltage_output
 .text.hmi_dashboard_draw_out_state
                0x0000000008003ef0       0x40 CMakeFiles/PS_CC-CV_FREETROS.dir/HMI/Src/hmi_dashboard.c.obj
                0x0000000008003ef0                hmi_dashboard_draw_out_state
 .text.hmi_dashboard_draw_mode_control
                0x0000000008003f30       0x44 CMakeFiles/PS_CC-CV_FREETROS.dir/HMI/Src/hmi_dashboard.c.obj
                0x0000000008003f30                hmi_dashboard_draw_mode_control
 .text.hmi_dashboard_draw_all_parameters
                0x0000000008003f74       0x82 CMakeFiles/PS_CC-CV_FREETROS.dir/HMI/Src/hmi_dashboard.c.obj
 *fill*         0x0000000008003ff6        0x2 
 .text.hmi_dashboard_update_cursor
                0x0000000008003ff8       0x54 CMakeFiles/PS_CC-CV_FREETROS.dir/HMI/Src/hmi_dashboard.c.obj
                0x0000000008003ff8                hmi_dashboard_update_cursor
 .text.hmi_dashboard_show_screen
                0x000000000800404c       0x12 CMakeFiles/PS_CC-CV_FREETROS.dir/HMI/Src/hmi_dashboard.c.obj
                0x000000000800404c                hmi_dashboard_show_screen
 .text.hmi_dashboard_update_data
                0x000000000800405e        0x8 CMakeFiles/PS_CC-CV_FREETROS.dir/HMI/Src/hmi_dashboard.c.obj
                0x000000000800405e                hmi_dashboard_update_data
 .text.hmi_dashboard_update_button
                0x0000000008004066       0x60 CMakeFiles/PS_CC-CV_FREETROS.dir/HMI/Src/hmi_dashboard.c.obj
                0x0000000008004066                hmi_dashboard_update_button
 .text.hmi_dashboard_update_encoder
                0x00000000080040c6       0x38 CMakeFiles/PS_CC-CV_FREETROS.dir/HMI/Src/hmi_dashboard.c.obj
                0x00000000080040c6                hmi_dashboard_update_encoder
 .text.hmi_intro_init
                0x00000000080040fe        0x2 CMakeFiles/PS_CC-CV_FREETROS.dir/HMI/Src/hmi_intro.c.obj
                0x00000000080040fe                hmi_intro_init
 .text.hmi_intro_show_screen
                0x0000000008004100       0x64 CMakeFiles/PS_CC-CV_FREETROS.dir/HMI/Src/hmi_intro.c.obj
                0x0000000008004100                hmi_intro_show_screen
 .text.hmi_intro_update_data
                0x0000000008004164       0x72 CMakeFiles/PS_CC-CV_FREETROS.dir/HMI/Src/hmi_intro.c.obj
                0x0000000008004164                hmi_intro_update_data
 .text.hmi_intro_update_button
                0x00000000080041d6        0x2 CMakeFiles/PS_CC-CV_FREETROS.dir/HMI/Src/hmi_intro.c.obj
                0x00000000080041d6                hmi_intro_update_button
 .text.hmi_intro_update_encoder
                0x00000000080041d8        0x2 CMakeFiles/PS_CC-CV_FREETROS.dir/HMI/Src/hmi_intro.c.obj
                0x00000000080041d8                hmi_intro_update_encoder
 *fill*         0x00000000080041da        0x2 
 .text.hmi_menu_insert_data_submenu
                0x00000000080041dc       0x40 CMakeFiles/PS_CC-CV_FREETROS.dir/HMI/Src/hmi_menu.c.obj
 .text.hmi_menu_show_draw_menu_cursor
                0x000000000800421c       0x34 CMakeFiles/PS_CC-CV_FREETROS.dir/HMI/Src/hmi_menu.c.obj
 .text.hmi_menu_show_draw_menu_itens
                0x0000000008004250       0x7c CMakeFiles/PS_CC-CV_FREETROS.dir/HMI/Src/hmi_menu.c.obj
 .text.hmi_menu_init
                0x00000000080042cc        0xc CMakeFiles/PS_CC-CV_FREETROS.dir/HMI/Src/hmi_menu.c.obj
                0x00000000080042cc                hmi_menu_init
 .text.hmi_menu_show_screen
                0x00000000080042d8       0x16 CMakeFiles/PS_CC-CV_FREETROS.dir/HMI/Src/hmi_menu.c.obj
                0x00000000080042d8                hmi_menu_show_screen
 .text.hmi_menu_update_data
                0x00000000080042ee        0x2 CMakeFiles/PS_CC-CV_FREETROS.dir/HMI/Src/hmi_menu.c.obj
                0x00000000080042ee                hmi_menu_update_data
 .text.hmi_menu_update_button
                0x00000000080042f0       0x48 CMakeFiles/PS_CC-CV_FREETROS.dir/HMI/Src/hmi_menu.c.obj
                0x00000000080042f0                hmi_menu_update_button
 .text.hmi_menu_update_encoder
                0x0000000008004338       0x78 CMakeFiles/PS_CC-CV_FREETROS.dir/HMI/Src/hmi_menu.c.obj
                0x0000000008004338                hmi_menu_update_encoder
 .text.hmi_target_draw_all_parameters
                0x00000000080043b0       0x8c CMakeFiles/PS_CC-CV_FREETROS.dir/HMI/Src/hmi_target.c.obj
 .text.hmi_target_init
                0x000000000800443c        0x2 CMakeFiles/PS_CC-CV_FREETROS.dir/HMI/Src/hmi_target.c.obj
                0x000000000800443c                hmi_target_init
 .text.hmi_target_show_screen
                0x000000000800443e       0x12 CMakeFiles/PS_CC-CV_FREETROS.dir/HMI/Src/hmi_target.c.obj
                0x000000000800443e                hmi_target_show_screen
 .text.hmi_target_update_data
                0x0000000008004450        0x8 CMakeFiles/PS_CC-CV_FREETROS.dir/HMI/Src/hmi_target.c.obj
                0x0000000008004450                hmi_target_update_data
 .text.hmi_target_update_button
                0x0000000008004458       0x54 CMakeFiles/PS_CC-CV_FREETROS.dir/HMI/Src/hmi_target.c.obj
                0x0000000008004458                hmi_target_update_button
 .text.hmi_target_update_encoder
                0x00000000080044ac       0x38 CMakeFiles/PS_CC-CV_FREETROS.dir/HMI/Src/hmi_target.c.obj
                0x00000000080044ac                hmi_target_update_encoder
 .text.hmi_submenu_show_draw_cursor
                0x00000000080044e4       0x34 CMakeFiles/PS_CC-CV_FREETROS.dir/HMI/Src/hmi_submenu.c.obj
 .text.hmi_submenu_show_items_screen
                0x0000000008004518       0xa0 CMakeFiles/PS_CC-CV_FREETROS.dir/HMI/Src/hmi_submenu.c.obj
                0x0000000008004518                hmi_submenu_show_items_screen
 .text.hmi_sub_menu_update_data_encoder
                0x00000000080045b8       0x24 CMakeFiles/PS_CC-CV_FREETROS.dir/HMI/Src/hmi_submenu.c.obj
                0x00000000080045b8                hmi_sub_menu_update_data_encoder
 .text.ssd1306_WriteCommand
                0x00000000080045dc       0x2c CMakeFiles/PS_CC-CV_FREETROS.dir/DISPLAY/Src/ssd1306.c.obj
                0x00000000080045dc                ssd1306_WriteCommand
 .text.ssd1306_WriteData
                0x0000000008004608       0x28 CMakeFiles/PS_CC-CV_FREETROS.dir/DISPLAY/Src/ssd1306.c.obj
                0x0000000008004608                ssd1306_WriteData
 .text.ssd1306_Fill
                0x0000000008004630       0x1c CMakeFiles/PS_CC-CV_FREETROS.dir/DISPLAY/Src/ssd1306.c.obj
                0x0000000008004630                ssd1306_Fill
 .text.ssd1306_UpdateScreen
                0x000000000800464c       0x38 CMakeFiles/PS_CC-CV_FREETROS.dir/DISPLAY/Src/ssd1306.c.obj
                0x000000000800464c                ssd1306_UpdateScreen
 .text.ssd1306_DrawPixel
                0x0000000008004684       0x44 CMakeFiles/PS_CC-CV_FREETROS.dir/DISPLAY/Src/ssd1306.c.obj
                0x0000000008004684                ssd1306_DrawPixel
 .text.ssd1306_WriteChar
                0x00000000080046c8       0xc4 CMakeFiles/PS_CC-CV_FREETROS.dir/DISPLAY/Src/ssd1306.c.obj
                0x00000000080046c8                ssd1306_WriteChar
 .text.ssd1306_WriteString
                0x000000000800478c       0x30 CMakeFiles/PS_CC-CV_FREETROS.dir/DISPLAY/Src/ssd1306.c.obj
                0x000000000800478c                ssd1306_WriteString
 .text.ssd1306_SetCursor
                0x00000000080047bc        0xc CMakeFiles/PS_CC-CV_FREETROS.dir/DISPLAY/Src/ssd1306.c.obj
                0x00000000080047bc                ssd1306_SetCursor
 .text.ssd1306_Line
                0x00000000080047c8       0x8e CMakeFiles/PS_CC-CV_FREETROS.dir/DISPLAY/Src/ssd1306.c.obj
                0x00000000080047c8                ssd1306_Line
 .text.ssd1306_DrawRectangle
                0x0000000008004856       0x52 CMakeFiles/PS_CC-CV_FREETROS.dir/DISPLAY/Src/ssd1306.c.obj
                0x0000000008004856                ssd1306_DrawRectangle
 .text.ssd1306_InvertRectangle
                0x00000000080048a8       0xcc CMakeFiles/PS_CC-CV_FREETROS.dir/DISPLAY/Src/ssd1306.c.obj
                0x00000000080048a8                ssd1306_InvertRectangle
 .text.ssd1306_SetContrast
                0x0000000008004974       0x12 CMakeFiles/PS_CC-CV_FREETROS.dir/DISPLAY/Src/ssd1306.c.obj
                0x0000000008004974                ssd1306_SetContrast
 *fill*         0x0000000008004986        0x2 
 .text.ssd1306_SetDisplayOn
                0x0000000008004988       0x20 CMakeFiles/PS_CC-CV_FREETROS.dir/DISPLAY/Src/ssd1306.c.obj
                0x0000000008004988                ssd1306_SetDisplayOn
 .text.ssd1306_Init
                0x00000000080049a8       0xc8 CMakeFiles/PS_CC-CV_FREETROS.dir/DISPLAY/Src/ssd1306.c.obj
                0x00000000080049a8                ssd1306_Init
 .text.MX_GPIO_Init
                0x0000000008004a70      0x100 CMakeFiles/PS_CC-CV_FREETROS.dir/Core/Src/main.c.obj
 .text.StartDefaultTask
                0x0000000008004b70       0x50 CMakeFiles/PS_CC-CV_FREETROS.dir/Core/Src/main.c.obj
                0x0000000008004b70                StartDefaultTask
 .text.HAL_TIM_PeriodElapsedCallback
                0x0000000008004bc0       0x18 CMakeFiles/PS_CC-CV_FREETROS.dir/Core/Src/main.c.obj
                0x0000000008004bc0                HAL_TIM_PeriodElapsedCallback
 .text.Error_Handler
                0x0000000008004bd8        0x4 CMakeFiles/PS_CC-CV_FREETROS.dir/Core/Src/main.c.obj
                0x0000000008004bd8                Error_Handler
 .text.MX_I2C1_Init
                0x0000000008004bdc       0x38 CMakeFiles/PS_CC-CV_FREETROS.dir/Core/Src/main.c.obj
 .text.MX_TIM3_Init
                0x0000000008004c14       0x68 CMakeFiles/PS_CC-CV_FREETROS.dir/Core/Src/main.c.obj
 .text.MX_TIM1_Init
                0x0000000008004c7c       0xb0 CMakeFiles/PS_CC-CV_FREETROS.dir/Core/Src/main.c.obj
 .text.SystemClock_Config
                0x0000000008004d2c       0x64 CMakeFiles/PS_CC-CV_FREETROS.dir/Core/Src/main.c.obj
                0x0000000008004d2c                SystemClock_Config
 .text.main     0x0000000008004d90       0x64 CMakeFiles/PS_CC-CV_FREETROS.dir/Core/Src/main.c.obj
                0x0000000008004d90                main
 .text.vApplicationGetIdleTaskMemory
                0x0000000008004df4       0x18 CMakeFiles/PS_CC-CV_FREETROS.dir/Core/Src/freertos.c.obj
                0x0000000008004df4                vApplicationGetIdleTaskMemory
 .text.NMI_Handler
                0x0000000008004e0c        0x2 CMakeFiles/PS_CC-CV_FREETROS.dir/Core/Src/stm32f1xx_it.c.obj
                0x0000000008004e0c                NMI_Handler
 .text.HardFault_Handler
                0x0000000008004e0e        0x2 CMakeFiles/PS_CC-CV_FREETROS.dir/Core/Src/stm32f1xx_it.c.obj
                0x0000000008004e0e                HardFault_Handler
 .text.MemManage_Handler
                0x0000000008004e10        0x2 CMakeFiles/PS_CC-CV_FREETROS.dir/Core/Src/stm32f1xx_it.c.obj
                0x0000000008004e10                MemManage_Handler
 .text.BusFault_Handler
                0x0000000008004e12        0x2 CMakeFiles/PS_CC-CV_FREETROS.dir/Core/Src/stm32f1xx_it.c.obj
                0x0000000008004e12                BusFault_Handler
 .text.UsageFault_Handler
                0x0000000008004e14        0x2 CMakeFiles/PS_CC-CV_FREETROS.dir/Core/Src/stm32f1xx_it.c.obj
                0x0000000008004e14                UsageFault_Handler
 .text.DebugMon_Handler
                0x0000000008004e16        0x2 CMakeFiles/PS_CC-CV_FREETROS.dir/Core/Src/stm32f1xx_it.c.obj
                0x0000000008004e16                DebugMon_Handler
 .text.TIM4_IRQHandler
                0x0000000008004e18       0x10 CMakeFiles/PS_CC-CV_FREETROS.dir/Core/Src/stm32f1xx_it.c.obj
                0x0000000008004e18                TIM4_IRQHandler
 .text.HAL_MspInit
                0x0000000008004e28       0x54 CMakeFiles/PS_CC-CV_FREETROS.dir/Core/Src/stm32f1xx_hal_msp.c.obj
                0x0000000008004e28                HAL_MspInit
 .text.HAL_I2C_MspInit
                0x0000000008004e7c       0x64 CMakeFiles/PS_CC-CV_FREETROS.dir/Core/Src/stm32f1xx_hal_msp.c.obj
                0x0000000008004e7c                HAL_I2C_MspInit
 .text.HAL_TIM_PWM_MspInit
                0x0000000008004ee0       0x2c CMakeFiles/PS_CC-CV_FREETROS.dir/Core/Src/stm32f1xx_hal_msp.c.obj
                0x0000000008004ee0                HAL_TIM_PWM_MspInit
 .text.HAL_TIM_Encoder_MspInit
                0x0000000008004f0c       0x5c CMakeFiles/PS_CC-CV_FREETROS.dir/Core/Src/stm32f1xx_hal_msp.c.obj
                0x0000000008004f0c                HAL_TIM_Encoder_MspInit
 .text.HAL_TIM_MspPostInit
                0x0000000008004f68       0x50 CMakeFiles/PS_CC-CV_FREETROS.dir/Core/Src/stm32f1xx_hal_msp.c.obj
                0x0000000008004f68                HAL_TIM_MspPostInit
 .text.HAL_InitTick
                0x0000000008004fb8       0xa0 CMakeFiles/PS_CC-CV_FREETROS.dir/Core/Src/stm32f1xx_hal_timebase_tim.c.obj
                0x0000000008004fb8                HAL_InitTick
 .text.TIM_OC1_SetConfig
                0x0000000008005058       0x5c CMakeFiles/PS_CC-CV_FREETROS.dir/Drivers/STM32F1xx_HAL_Driver/Src/stm32f1xx_hal_tim.c.obj
 .text.TIM_OC3_SetConfig
                0x00000000080050b4       0x64 CMakeFiles/PS_CC-CV_FREETROS.dir/Drivers/STM32F1xx_HAL_Driver/Src/stm32f1xx_hal_tim.c.obj
 .text.TIM_OC4_SetConfig
                0x0000000008005118       0x48 CMakeFiles/PS_CC-CV_FREETROS.dir/Drivers/STM32F1xx_HAL_Driver/Src/stm32f1xx_hal_tim.c.obj
 .text.HAL_TIM_Base_MspInit
                0x0000000008005160        0x2 CMakeFiles/PS_CC-CV_FREETROS.dir/Drivers/STM32F1xx_HAL_Driver/Src/stm32f1xx_hal_tim.c.obj
                0x0000000008005160                HAL_TIM_Base_MspInit
 *fill*         0x0000000008005162        0x2 
 .text.HAL_TIM_Base_Start_IT
                0x0000000008005164       0x68 CMakeFiles/PS_CC-CV_FREETROS.dir/Drivers/STM32F1xx_HAL_Driver/Src/stm32f1xx_hal_tim.c.obj
                0x0000000008005164                HAL_TIM_Base_Start_IT
 .text.HAL_TIM_OC_DelayElapsedCallback
                0x00000000080051cc        0x2 CMakeFiles/PS_CC-CV_FREETROS.dir/Drivers/STM32F1xx_HAL_Driver/Src/stm32f1xx_hal_tim.c.obj
                0x00000000080051cc                HAL_TIM_OC_DelayElapsedCallback
 .text.HAL_TIM_IC_CaptureCallback
                0x00000000080051ce        0x2 CMakeFiles/PS_CC-CV_FREETROS.dir/Drivers/STM32F1xx_HAL_Driver/Src/stm32f1xx_hal_tim.c.obj
                0x00000000080051ce                HAL_TIM_IC_CaptureCallback
 .text.HAL_TIM_PWM_PulseFinishedCallback
                0x00000000080051d0        0x2 CMakeFiles/PS_CC-CV_FREETROS.dir/Drivers/STM32F1xx_HAL_Driver/Src/stm32f1xx_hal_tim.c.obj
                0x00000000080051d0                HAL_TIM_PWM_PulseFinishedCallback
 .text.HAL_TIM_TriggerCallback
                0x00000000080051d2        0x2 CMakeFiles/PS_CC-CV_FREETROS.dir/Drivers/STM32F1xx_HAL_Driver/Src/stm32f1xx_hal_tim.c.obj
                0x00000000080051d2                HAL_TIM_TriggerCallback
 .text.HAL_TIM_IRQHandler
                0x00000000080051d4      0x15e CMakeFiles/PS_CC-CV_FREETROS.dir/Drivers/STM32F1xx_HAL_Driver/Src/stm32f1xx_hal_tim.c.obj
                0x00000000080051d4                HAL_TIM_IRQHandler
 *fill*         0x0000000008005332        0x2 
 .text.TIM_Base_SetConfig
                0x0000000008005334       0x84 CMakeFiles/PS_CC-CV_FREETROS.dir/Drivers/STM32F1xx_HAL_Driver/Src/stm32f1xx_hal_tim.c.obj
                0x0000000008005334                TIM_Base_SetConfig
 .text.HAL_TIM_Base_Init
                0x00000000080053b8       0x58 CMakeFiles/PS_CC-CV_FREETROS.dir/Drivers/STM32F1xx_HAL_Driver/Src/stm32f1xx_hal_tim.c.obj
                0x00000000080053b8                HAL_TIM_Base_Init
 .text.HAL_TIM_PWM_Init
                0x0000000008005410       0x58 CMakeFiles/PS_CC-CV_FREETROS.dir/Drivers/STM32F1xx_HAL_Driver/Src/stm32f1xx_hal_tim.c.obj
                0x0000000008005410                HAL_TIM_PWM_Init
 .text.HAL_TIM_Encoder_Init
                0x0000000008005468       0xb6 CMakeFiles/PS_CC-CV_FREETROS.dir/Drivers/STM32F1xx_HAL_Driver/Src/stm32f1xx_hal_tim.c.obj
                0x0000000008005468                HAL_TIM_Encoder_Init
 *fill*         0x000000000800551e        0x2 
 .text.TIM_OC2_SetConfig
                0x0000000008005520       0x64 CMakeFiles/PS_CC-CV_FREETROS.dir/Drivers/STM32F1xx_HAL_Driver/Src/stm32f1xx_hal_tim.c.obj
                0x0000000008005520                TIM_OC2_SetConfig
 .text.HAL_TIM_PWM_ConfigChannel
                0x0000000008005584       0xdc CMakeFiles/PS_CC-CV_FREETROS.dir/Drivers/STM32F1xx_HAL_Driver/Src/stm32f1xx_hal_tim.c.obj
                0x0000000008005584                HAL_TIM_PWM_ConfigChannel
 .text.TIM_CCxChannelCmd
                0x0000000008005660       0x1e CMakeFiles/PS_CC-CV_FREETROS.dir/Drivers/STM32F1xx_HAL_Driver/Src/stm32f1xx_hal_tim.c.obj
                0x0000000008005660                TIM_CCxChannelCmd
 *fill*         0x000000000800567e        0x2 
 .text.HAL_TIM_PWM_Start
                0x0000000008005680       0xdc CMakeFiles/PS_CC-CV_FREETROS.dir/Drivers/STM32F1xx_HAL_Driver/Src/stm32f1xx_hal_tim.c.obj
                0x0000000008005680                HAL_TIM_PWM_Start
 .text.HAL_TIM_Encoder_Start
                0x000000000800575c       0xcc CMakeFiles/PS_CC-CV_FREETROS.dir/Drivers/STM32F1xx_HAL_Driver/Src/stm32f1xx_hal_tim.c.obj
                0x000000000800575c                HAL_TIM_Encoder_Start
 .text.HAL_TIMEx_MasterConfigSynchronization
                0x0000000008005828       0x6c CMakeFiles/PS_CC-CV_FREETROS.dir/Drivers/STM32F1xx_HAL_Driver/Src/stm32f1xx_hal_tim_ex.c.obj
                0x0000000008005828                HAL_TIMEx_MasterConfigSynchronization
 .text.HAL_TIMEx_ConfigBreakDeadTime
                0x0000000008005894       0x52 CMakeFiles/PS_CC-CV_FREETROS.dir/Drivers/STM32F1xx_HAL_Driver/Src/stm32f1xx_hal_tim_ex.c.obj
                0x0000000008005894                HAL_TIMEx_ConfigBreakDeadTime
 .text.HAL_TIMEx_CommutCallback
                0x00000000080058e6        0x2 CMakeFiles/PS_CC-CV_FREETROS.dir/Drivers/STM32F1xx_HAL_Driver/Src/stm32f1xx_hal_tim_ex.c.obj
                0x00000000080058e6                HAL_TIMEx_CommutCallback
 .text.HAL_TIMEx_BreakCallback
                0x00000000080058e8        0x2 CMakeFiles/PS_CC-CV_FREETROS.dir/Drivers/STM32F1xx_HAL_Driver/Src/stm32f1xx_hal_tim_ex.c.obj
                0x00000000080058e8                HAL_TIMEx_BreakCallback
 *fill*         0x00000000080058ea        0x2 
 .text.HAL_Init
                0x00000000080058ec       0x24 CMakeFiles/PS_CC-CV_FREETROS.dir/Drivers/STM32F1xx_HAL_Driver/Src/stm32f1xx_hal.c.obj
                0x00000000080058ec                HAL_Init
 .text.HAL_IncTick
                0x0000000008005910       0x18 CMakeFiles/PS_CC-CV_FREETROS.dir/Drivers/STM32F1xx_HAL_Driver/Src/stm32f1xx_hal.c.obj
                0x0000000008005910                HAL_IncTick
 .text.HAL_GetTick
                0x0000000008005928        0xc CMakeFiles/PS_CC-CV_FREETROS.dir/Drivers/STM32F1xx_HAL_Driver/Src/stm32f1xx_hal.c.obj
                0x0000000008005928                HAL_GetTick
 .text.HAL_Delay
                0x0000000008005934       0x28 CMakeFiles/PS_CC-CV_FREETROS.dir/Drivers/STM32F1xx_HAL_Driver/Src/stm32f1xx_hal.c.obj
                0x0000000008005934                HAL_Delay
 .text.RCC_Delay
                0x000000000800595c       0x2c CMakeFiles/PS_CC-CV_FREETROS.dir/Drivers/STM32F1xx_HAL_Driver/Src/stm32f1xx_hal_rcc.c.obj
 .text.HAL_RCC_OscConfig
                0x0000000008005988      0x410 CMakeFiles/PS_CC-CV_FREETROS.dir/Drivers/STM32F1xx_HAL_Driver/Src/stm32f1xx_hal_rcc.c.obj
                0x0000000008005988                HAL_RCC_OscConfig
 .text.HAL_RCC_GetSysClockFreq
                0x0000000008005d98       0x54 CMakeFiles/PS_CC-CV_FREETROS.dir/Drivers/STM32F1xx_HAL_Driver/Src/stm32f1xx_hal_rcc.c.obj
                0x0000000008005d98                HAL_RCC_GetSysClockFreq
 .text.HAL_RCC_ClockConfig
                0x0000000008005dec      0x16c CMakeFiles/PS_CC-CV_FREETROS.dir/Drivers/STM32F1xx_HAL_Driver/Src/stm32f1xx_hal_rcc.c.obj
                0x0000000008005dec                HAL_RCC_ClockConfig
 .text.HAL_RCC_GetHCLKFreq
                0x0000000008005f58        0xc CMakeFiles/PS_CC-CV_FREETROS.dir/Drivers/STM32F1xx_HAL_Driver/Src/stm32f1xx_hal_rcc.c.obj
                0x0000000008005f58                HAL_RCC_GetHCLKFreq
 .text.HAL_RCC_GetPCLK1Freq
                0x0000000008005f64       0x20 CMakeFiles/PS_CC-CV_FREETROS.dir/Drivers/STM32F1xx_HAL_Driver/Src/stm32f1xx_hal_rcc.c.obj
                0x0000000008005f64                HAL_RCC_GetPCLK1Freq
 .text.HAL_RCC_GetClockConfig
                0x0000000008005f84       0x3c CMakeFiles/PS_CC-CV_FREETROS.dir/Drivers/STM32F1xx_HAL_Driver/Src/stm32f1xx_hal_rcc.c.obj
                0x0000000008005f84                HAL_RCC_GetClockConfig
 .text.HAL_GPIO_Init
                0x0000000008005fc0      0x224 CMakeFiles/PS_CC-CV_FREETROS.dir/Drivers/STM32F1xx_HAL_Driver/Src/stm32f1xx_hal_gpio.c.obj
                0x0000000008005fc0                HAL_GPIO_Init
 .text.HAL_GPIO_ReadPin
                0x00000000080061e4        0xe CMakeFiles/PS_CC-CV_FREETROS.dir/Drivers/STM32F1xx_HAL_Driver/Src/stm32f1xx_hal_gpio.c.obj
                0x00000000080061e4                HAL_GPIO_ReadPin
 .text.HAL_GPIO_WritePin
                0x00000000080061f2        0xc CMakeFiles/PS_CC-CV_FREETROS.dir/Drivers/STM32F1xx_HAL_Driver/Src/stm32f1xx_hal_gpio.c.obj
                0x00000000080061f2                HAL_GPIO_WritePin
 *fill*         0x00000000080061fe        0x2 
 .text.HAL_NVIC_SetPriorityGrouping
                0x0000000008006200       0x24 CMakeFiles/PS_CC-CV_FREETROS.dir/Drivers/STM32F1xx_HAL_Driver/Src/stm32f1xx_hal_cortex.c.obj
                0x0000000008006200                HAL_NVIC_SetPriorityGrouping
 .text.HAL_NVIC_SetPriority
                0x0000000008006224       0x70 CMakeFiles/PS_CC-CV_FREETROS.dir/Drivers/STM32F1xx_HAL_Driver/Src/stm32f1xx_hal_cortex.c.obj
                0x0000000008006224                HAL_NVIC_SetPriority
 .text.HAL_NVIC_EnableIRQ
                0x0000000008006294       0x1c CMakeFiles/PS_CC-CV_FREETROS.dir/Drivers/STM32F1xx_HAL_Driver/Src/stm32f1xx_hal_cortex.c.obj
                0x0000000008006294                HAL_NVIC_EnableIRQ
 .text.I2C_IsAcknowledgeFailed
                0x00000000080062b0       0x32 CMakeFiles/PS_CC-CV_FREETROS.dir/Drivers/STM32F1xx_HAL_Driver/Src/stm32f1xx_hal_i2c.c.obj
 .text.I2C_WaitOnFlagUntilTimeout
                0x00000000080062e2       0xaa CMakeFiles/PS_CC-CV_FREETROS.dir/Drivers/STM32F1xx_HAL_Driver/Src/stm32f1xx_hal_i2c.c.obj
 .text.I2C_WaitOnMasterAddressFlagUntilTimeout
                0x000000000800638c       0xd6 CMakeFiles/PS_CC-CV_FREETROS.dir/Drivers/STM32F1xx_HAL_Driver/Src/stm32f1xx_hal_i2c.c.obj
 .text.I2C_WaitOnTXEFlagUntilTimeout
                0x0000000008006462       0x5e CMakeFiles/PS_CC-CV_FREETROS.dir/Drivers/STM32F1xx_HAL_Driver/Src/stm32f1xx_hal_i2c.c.obj
 .text.I2C_RequestMemoryWrite
                0x00000000080064c0       0xd8 CMakeFiles/PS_CC-CV_FREETROS.dir/Drivers/STM32F1xx_HAL_Driver/Src/stm32f1xx_hal_i2c.c.obj
 .text.I2C_WaitOnBTFFlagUntilTimeout
                0x0000000008006598       0x5e CMakeFiles/PS_CC-CV_FREETROS.dir/Drivers/STM32F1xx_HAL_Driver/Src/stm32f1xx_hal_i2c.c.obj
 *fill*         0x00000000080065f6        0x2 
 .text.HAL_I2C_Init
                0x00000000080065f8      0x1bc CMakeFiles/PS_CC-CV_FREETROS.dir/Drivers/STM32F1xx_HAL_Driver/Src/stm32f1xx_hal_i2c.c.obj
                0x00000000080065f8                HAL_I2C_Init
 .text.HAL_I2C_Mem_Write
                0x00000000080067b4      0x164 CMakeFiles/PS_CC-CV_FREETROS.dir/Drivers/STM32F1xx_HAL_Driver/Src/stm32f1xx_hal_i2c.c.obj
                0x00000000080067b4                HAL_I2C_Mem_Write
 .text.SystemInit
                0x0000000008006918        0x2 CMakeFiles/PS_CC-CV_FREETROS.dir/Core/Src/system_stm32f1xx.c.obj
                0x0000000008006918                SystemInit
 .text.vListInitialise
                0x000000000800691a       0x16 CMakeFiles/PS_CC-CV_FREETROS.dir/Middlewares/Third_Party/FreeRTOS/Source/list.c.obj
                0x000000000800691a                vListInitialise
 .text.vListInitialiseItem
                0x0000000008006930        0x6 CMakeFiles/PS_CC-CV_FREETROS.dir/Middlewares/Third_Party/FreeRTOS/Source/list.c.obj
                0x0000000008006930                vListInitialiseItem
 .text.vListInsertEnd
                0x0000000008006936       0x16 CMakeFiles/PS_CC-CV_FREETROS.dir/Middlewares/Third_Party/FreeRTOS/Source/list.c.obj
                0x0000000008006936                vListInsertEnd
 .text.vListInsert
                0x000000000800694c       0x32 CMakeFiles/PS_CC-CV_FREETROS.dir/Middlewares/Third_Party/FreeRTOS/Source/list.c.obj
                0x000000000800694c                vListInsert
 .text.uxListRemove
                0x000000000800697e       0x26 CMakeFiles/PS_CC-CV_FREETROS.dir/Middlewares/Third_Party/FreeRTOS/Source/list.c.obj
                0x000000000800697e                uxListRemove
 .text.prvIsQueueFull
                0x00000000080069a4       0x1e CMakeFiles/PS_CC-CV_FREETROS.dir/Middlewares/Third_Party/FreeRTOS/Source/queue.c.obj
 .text.prvIsQueueEmpty
                0x00000000080069c2       0x1a CMakeFiles/PS_CC-CV_FREETROS.dir/Middlewares/Third_Party/FreeRTOS/Source/queue.c.obj
 .text.prvCopyDataToQueue
                0x00000000080069dc       0x76 CMakeFiles/PS_CC-CV_FREETROS.dir/Middlewares/Third_Party/FreeRTOS/Source/queue.c.obj
 .text.prvCopyDataFromQueue
                0x0000000008006a52       0x24 CMakeFiles/PS_CC-CV_FREETROS.dir/Middlewares/Third_Party/FreeRTOS/Source/queue.c.obj
 .text.prvUnlockQueue
                0x0000000008006a76       0x6e CMakeFiles/PS_CC-CV_FREETROS.dir/Middlewares/Third_Party/FreeRTOS/Source/queue.c.obj
 .text.xQueueGenericReset
                0x0000000008006ae4       0x84 CMakeFiles/PS_CC-CV_FREETROS.dir/Middlewares/Third_Party/FreeRTOS/Source/queue.c.obj
                0x0000000008006ae4                xQueueGenericReset
 .text.prvInitialiseNewQueue
                0x0000000008006b68       0x1c CMakeFiles/PS_CC-CV_FREETROS.dir/Middlewares/Third_Party/FreeRTOS/Source/queue.c.obj
 .text.xQueueGenericCreate
                0x0000000008006b84       0x48 CMakeFiles/PS_CC-CV_FREETROS.dir/Middlewares/Third_Party/FreeRTOS/Source/queue.c.obj
                0x0000000008006b84                xQueueGenericCreate
 .text.xQueueGenericSend
                0x0000000008006bcc      0x188 CMakeFiles/PS_CC-CV_FREETROS.dir/Middlewares/Third_Party/FreeRTOS/Source/queue.c.obj
                0x0000000008006bcc                xQueueGenericSend
 .text.xQueueReceive
                0x0000000008006d54      0x15e CMakeFiles/PS_CC-CV_FREETROS.dir/Middlewares/Third_Party/FreeRTOS/Source/queue.c.obj
                0x0000000008006d54                xQueueReceive
 *fill*         0x0000000008006eb2        0x2 
 .text.prvResetNextTaskUnblockTime
                0x0000000008006eb4       0x2c CMakeFiles/PS_CC-CV_FREETROS.dir/Middlewares/Third_Party/FreeRTOS/Source/tasks.c.obj
 .text.prvInitialiseNewTask
                0x0000000008006ee0       0xbc CMakeFiles/PS_CC-CV_FREETROS.dir/Middlewares/Third_Party/FreeRTOS/Source/tasks.c.obj
 .text.prvInitialiseTaskLists
                0x0000000008006f9c       0x68 CMakeFiles/PS_CC-CV_FREETROS.dir/Middlewares/Third_Party/FreeRTOS/Source/tasks.c.obj
 .text.prvAddNewTaskToReadyList
                0x0000000008007004       0xa8 CMakeFiles/PS_CC-CV_FREETROS.dir/Middlewares/Third_Party/FreeRTOS/Source/tasks.c.obj
 .text.prvDeleteTCB
                0x00000000080070ac       0x40 CMakeFiles/PS_CC-CV_FREETROS.dir/Middlewares/Third_Party/FreeRTOS/Source/tasks.c.obj
 .text.prvCheckTasksWaitingTermination
                0x00000000080070ec       0x4c CMakeFiles/PS_CC-CV_FREETROS.dir/Middlewares/Third_Party/FreeRTOS/Source/tasks.c.obj
 .text.prvIdleTask
                0x0000000008007138       0x28 CMakeFiles/PS_CC-CV_FREETROS.dir/Middlewares/Third_Party/FreeRTOS/Source/tasks.c.obj
 .text.prvAddCurrentTaskToDelayedList
                0x0000000008007160       0x98 CMakeFiles/PS_CC-CV_FREETROS.dir/Middlewares/Third_Party/FreeRTOS/Source/tasks.c.obj
 .text.xTaskCreateStatic
                0x00000000080071f8       0x76 CMakeFiles/PS_CC-CV_FREETROS.dir/Middlewares/Third_Party/FreeRTOS/Source/tasks.c.obj
                0x00000000080071f8                xTaskCreateStatic
 .text.xTaskCreate
                0x000000000800726e       0x68 CMakeFiles/PS_CC-CV_FREETROS.dir/Middlewares/Third_Party/FreeRTOS/Source/tasks.c.obj
                0x000000000800726e                xTaskCreate
 *fill*         0x00000000080072d6        0x2 
 .text.vTaskStartScheduler
                0x00000000080072d8       0x84 CMakeFiles/PS_CC-CV_FREETROS.dir/Middlewares/Third_Party/FreeRTOS/Source/tasks.c.obj
                0x00000000080072d8                vTaskStartScheduler
 .text.vTaskSuspendAll
                0x000000000800735c       0x10 CMakeFiles/PS_CC-CV_FREETROS.dir/Middlewares/Third_Party/FreeRTOS/Source/tasks.c.obj
                0x000000000800735c                vTaskSuspendAll
 .text.xTaskGetTickCount
                0x000000000800736c        0xc CMakeFiles/PS_CC-CV_FREETROS.dir/Middlewares/Third_Party/FreeRTOS/Source/tasks.c.obj
                0x000000000800736c                xTaskGetTickCount
 .text.xTaskIncrementTick
                0x0000000008007378      0x118 CMakeFiles/PS_CC-CV_FREETROS.dir/Middlewares/Third_Party/FreeRTOS/Source/tasks.c.obj
                0x0000000008007378                xTaskIncrementTick
 .text.xTaskResumeAll
                0x0000000008007490       0xf8 CMakeFiles/PS_CC-CV_FREETROS.dir/Middlewares/Third_Party/FreeRTOS/Source/tasks.c.obj
                0x0000000008007490                xTaskResumeAll
 .text.vTaskDelay
                0x0000000008007588       0x4c CMakeFiles/PS_CC-CV_FREETROS.dir/Middlewares/Third_Party/FreeRTOS/Source/tasks.c.obj
                0x0000000008007588                vTaskDelay
 .text.vTaskSwitchContext
                0x00000000080075d4       0xa4 CMakeFiles/PS_CC-CV_FREETROS.dir/Middlewares/Third_Party/FreeRTOS/Source/tasks.c.obj
                0x00000000080075d4                vTaskSwitchContext
 .text.vTaskPlaceOnEventList
                0x0000000008007678       0x30 CMakeFiles/PS_CC-CV_FREETROS.dir/Middlewares/Third_Party/FreeRTOS/Source/tasks.c.obj
                0x0000000008007678                vTaskPlaceOnEventList
 .text.xTaskRemoveFromEventList
                0x00000000080076a8       0x8c CMakeFiles/PS_CC-CV_FREETROS.dir/Middlewares/Third_Party/FreeRTOS/Source/tasks.c.obj
                0x00000000080076a8                xTaskRemoveFromEventList
 .text.vTaskInternalSetTimeOutState
                0x0000000008007734       0x18 CMakeFiles/PS_CC-CV_FREETROS.dir/Middlewares/Third_Party/FreeRTOS/Source/tasks.c.obj
                0x0000000008007734                vTaskInternalSetTimeOutState
 .text.xTaskCheckForTimeOut
                0x000000000800774c       0x84 CMakeFiles/PS_CC-CV_FREETROS.dir/Middlewares/Third_Party/FreeRTOS/Source/tasks.c.obj
                0x000000000800774c                xTaskCheckForTimeOut
 .text.vTaskMissedYield
                0x00000000080077d0        0xc CMakeFiles/PS_CC-CV_FREETROS.dir/Middlewares/Third_Party/FreeRTOS/Source/tasks.c.obj
                0x00000000080077d0                vTaskMissedYield
 .text.xTaskGetSchedulerState
                0x00000000080077dc       0x20 CMakeFiles/PS_CC-CV_FREETROS.dir/Middlewares/Third_Party/FreeRTOS/Source/tasks.c.obj
                0x00000000080077dc                xTaskGetSchedulerState
 .text.xTaskPriorityDisinherit
                0x00000000080077fc       0xb0 CMakeFiles/PS_CC-CV_FREETROS.dir/Middlewares/Third_Party/FreeRTOS/Source/tasks.c.obj
                0x00000000080077fc                xTaskPriorityDisinherit
 .text.makeFreeRtosPriority
                0x00000000080078ac        0xc CMakeFiles/PS_CC-CV_FREETROS.dir/Middlewares/Third_Party/FreeRTOS/Source/CMSIS_RTOS/cmsis_os.c.obj
 .text.osKernelStart
                0x00000000080078b8        0xa CMakeFiles/PS_CC-CV_FREETROS.dir/Middlewares/Third_Party/FreeRTOS/Source/CMSIS_RTOS/cmsis_os.c.obj
                0x00000000080078b8                osKernelStart
 .text.osThreadCreate
                0x00000000080078c2       0x66 CMakeFiles/PS_CC-CV_FREETROS.dir/Middlewares/Third_Party/FreeRTOS/Source/CMSIS_RTOS/cmsis_os.c.obj
                0x00000000080078c2                osThreadCreate
 .text.prvHeapInit
                0x0000000008007928       0x64 CMakeFiles/PS_CC-CV_FREETROS.dir/Middlewares/Third_Party/FreeRTOS/Source/portable/MemMang/heap_4.c.obj
 .text.prvInsertBlockIntoFreeList
                0x000000000800798c       0x60 CMakeFiles/PS_CC-CV_FREETROS.dir/Middlewares/Third_Party/FreeRTOS/Source/portable/MemMang/heap_4.c.obj
 .text.pvPortMalloc
                0x00000000080079ec       0xfc CMakeFiles/PS_CC-CV_FREETROS.dir/Middlewares/Third_Party/FreeRTOS/Source/portable/MemMang/heap_4.c.obj
                0x00000000080079ec                pvPortMalloc
 .text.vPortFree
                0x0000000008007ae8       0x7c CMakeFiles/PS_CC-CV_FREETROS.dir/Middlewares/Third_Party/FreeRTOS/Source/portable/MemMang/heap_4.c.obj
                0x0000000008007ae8                vPortFree
 .text.prvTaskExitError
                0x0000000008007b64       0x40 CMakeFiles/PS_CC-CV_FREETROS.dir/Middlewares/Third_Party/FreeRTOS/Source/portable/GCC/ARM_CM3/port.c.obj
 .text.prvPortStartFirstTask
                0x0000000008007ba4       0x20 CMakeFiles/PS_CC-CV_FREETROS.dir/Middlewares/Third_Party/FreeRTOS/Source/portable/GCC/ARM_CM3/port.c.obj
 .text.pxPortInitialiseStack
                0x0000000008007bc4       0x24 CMakeFiles/PS_CC-CV_FREETROS.dir/Middlewares/Third_Party/FreeRTOS/Source/portable/GCC/ARM_CM3/port.c.obj
                0x0000000008007bc4                pxPortInitialiseStack
 *fill*         0x0000000008007be8        0x8 
 .text.SVC_Handler
                0x0000000008007bf0       0x24 CMakeFiles/PS_CC-CV_FREETROS.dir/Middlewares/Third_Party/FreeRTOS/Source/portable/GCC/ARM_CM3/port.c.obj
                0x0000000008007bf0                SVC_Handler
 .text.vPortEnterCritical
                0x0000000008007c14       0x44 CMakeFiles/PS_CC-CV_FREETROS.dir/Middlewares/Third_Party/FreeRTOS/Source/portable/GCC/ARM_CM3/port.c.obj
                0x0000000008007c14                vPortEnterCritical
 .text.vPortExitCritical
                0x0000000008007c58       0x2c CMakeFiles/PS_CC-CV_FREETROS.dir/Middlewares/Third_Party/FreeRTOS/Source/portable/GCC/ARM_CM3/port.c.obj
                0x0000000008007c58                vPortExitCritical
 *fill*         0x0000000008007c84        0xc 
 .text.PendSV_Handler
                0x0000000008007c90       0x44 CMakeFiles/PS_CC-CV_FREETROS.dir/Middlewares/Third_Party/FreeRTOS/Source/portable/GCC/ARM_CM3/port.c.obj
                0x0000000008007c90                PendSV_Handler
 .text.SysTick_Handler
                0x0000000008007cd4       0x2c CMakeFiles/PS_CC-CV_FREETROS.dir/Middlewares/Third_Party/FreeRTOS/Source/portable/GCC/ARM_CM3/port.c.obj
                0x0000000008007cd4                SysTick_Handler
 .text.vPortSetupTimerInterrupt
                0x0000000008007d00       0x28 CMakeFiles/PS_CC-CV_FREETROS.dir/Middlewares/Third_Party/FreeRTOS/Source/portable/GCC/ARM_CM3/port.c.obj
                0x0000000008007d00                vPortSetupTimerInterrupt
 .text.xPortStartScheduler
                0x0000000008007d28       0xc0 CMakeFiles/PS_CC-CV_FREETROS.dir/Middlewares/Third_Party/FreeRTOS/Source/portable/GCC/ARM_CM3/port.c.obj
                0x0000000008007d28                xPortStartScheduler
 .text._sbrk    0x0000000008007de8       0x48 CMakeFiles/PS_CC-CV_FREETROS.dir/Core/Src/sysmem.c.obj
                0x0000000008007de8                _sbrk
 .text._getpid  0x0000000008007e30        0x4 CMakeFiles/PS_CC-CV_FREETROS.dir/Core/Src/syscalls.c.obj
                0x0000000008007e30                _getpid
 .text._kill    0x0000000008007e34       0x10 CMakeFiles/PS_CC-CV_FREETROS.dir/Core/Src/syscalls.c.obj
                0x0000000008007e34                _kill
 .text._exit    0x0000000008007e44        0xc CMakeFiles/PS_CC-CV_FREETROS.dir/Core/Src/syscalls.c.obj
                0x0000000008007e44                _exit
 .text._read    0x0000000008007e50       0x20 CMakeFiles/PS_CC-CV_FREETROS.dir/Core/Src/syscalls.c.obj
                0x0000000008007e50                _read
 .text._write   0x0000000008007e70       0x1c CMakeFiles/PS_CC-CV_FREETROS.dir/Core/Src/syscalls.c.obj
                0x0000000008007e70                _write
 .text._close   0x0000000008007e8c        0x6 CMakeFiles/PS_CC-CV_FREETROS.dir/Core/Src/syscalls.c.obj
                0x0000000008007e8c                _close
 .text._fstat   0x0000000008007e92        0xa CMakeFiles/PS_CC-CV_FREETROS.dir/Core/Src/syscalls.c.obj
                0x0000000008007e92                _fstat
 .text._isatty  0x0000000008007e9c        0x4 CMakeFiles/PS_CC-CV_FREETROS.dir/Core/Src/syscalls.c.obj
                0x0000000008007e9c                _isatty
 .text._lseek   0x0000000008007ea0        0x4 CMakeFiles/PS_CC-CV_FREETROS.dir/Core/Src/syscalls.c.obj
                0x0000000008007ea0                _lseek
 .text.Reset_Handler
                0x0000000008007ea4       0x48 CMakeFiles/PS_CC-CV_FREETROS.dir/Core/Startup/startup_stm32f103c8tx.s.obj
                0x0000000008007ea4                Reset_Handler
 .text.Default_Handler
                0x0000000008007eec        0x2 CMakeFiles/PS_CC-CV_FREETROS.dir/Core/Startup/startup_stm32f103c8tx.s.obj
                0x0000000008007eec                RTC_Alarm_IRQHandler
                0x0000000008007eec                EXTI2_IRQHandler
                0x0000000008007eec                TIM1_CC_IRQHandler
                0x0000000008007eec                PVD_IRQHandler
                0x0000000008007eec                EXTI3_IRQHandler
                0x0000000008007eec                EXTI0_IRQHandler
                0x0000000008007eec                I2C2_EV_IRQHandler
                0x0000000008007eec                ADC1_2_IRQHandler
                0x0000000008007eec                SPI1_IRQHandler
                0x0000000008007eec                TAMPER_IRQHandler
                0x0000000008007eec                DMA1_Channel4_IRQHandler
                0x0000000008007eec                USART3_IRQHandler
                0x0000000008007eec                RTC_IRQHandler
                0x0000000008007eec                DMA1_Channel7_IRQHandler
                0x0000000008007eec                CAN1_RX1_IRQHandler
                0x0000000008007eec                I2C1_EV_IRQHandler
                0x0000000008007eec                DMA1_Channel6_IRQHandler
                0x0000000008007eec                TIM3_IRQHandler
                0x0000000008007eec                RCC_IRQHandler
                0x0000000008007eec                TIM1_TRG_COM_IRQHandler
                0x0000000008007eec                DMA1_Channel1_IRQHandler
                0x0000000008007eec                Default_Handler
                0x0000000008007eec                EXTI15_10_IRQHandler
                0x0000000008007eec                EXTI9_5_IRQHandler
                0x0000000008007eec                SPI2_IRQHandler
                0x0000000008007eec                DMA1_Channel5_IRQHandler
                0x0000000008007eec                EXTI4_IRQHandler
                0x0000000008007eec                USB_LP_CAN1_RX0_IRQHandler
                0x0000000008007eec                USB_HP_CAN1_TX_IRQHandler
                0x0000000008007eec                DMA1_Channel3_IRQHandler
                0x0000000008007eec                TIM1_UP_IRQHandler
                0x0000000008007eec                WWDG_IRQHandler
                0x0000000008007eec                TIM2_IRQHandler
                0x0000000008007eec                TIM1_BRK_IRQHandler
                0x0000000008007eec                EXTI1_IRQHandler
                0x0000000008007eec                USART2_IRQHandler
                0x0000000008007eec                I2C2_ER_IRQHandler
                0x0000000008007eec                DMA1_Channel2_IRQHandler
                0x0000000008007eec                CAN1_SCE_IRQHandler
                0x0000000008007eec                FLASH_IRQHandler
                0x0000000008007eec                USART1_IRQHandler
                0x0000000008007eec                I2C1_ER_IRQHandler
                0x0000000008007eec                USBWakeUp_IRQHandler
 *fill*         0x0000000008007eee        0x2 
 .text.snprintf
                0x0000000008007ef0       0x68 C:/ST/STM32CubeCLT/GNU-tools-for-STM32/bin/../lib/gcc/arm-none-eabi/11.3.1/../../../../arm-none-eabi/lib/thumb/v7-m/nofp\libg_nano.a(libc_a-snprintf.o)
                0x0000000008007ef0                sniprintf
                0x0000000008007ef0                snprintf
 .text.__errno  0x0000000008007f58        0xc C:/ST/STM32CubeCLT/GNU-tools-for-STM32/bin/../lib/gcc/arm-none-eabi/11.3.1/../../../../arm-none-eabi/lib/thumb/v7-m/nofp\libg_nano.a(libc_a-errno.o)
                0x0000000008007f58                __errno
 .text.__ssputs_r
                0x0000000008007f64       0xb4 C:/ST/STM32CubeCLT/GNU-tools-for-STM32/bin/../lib/gcc/arm-none-eabi/11.3.1/../../../../arm-none-eabi/lib/thumb/v7-m/nofp\libg_nano.a(libc_a-nano-svfprintf.o)
                0x0000000008007f64                __ssputs_r
 .text._svfprintf_r
                0x0000000008008018      0x1fc C:/ST/STM32CubeCLT/GNU-tools-for-STM32/bin/../lib/gcc/arm-none-eabi/11.3.1/../../../../arm-none-eabi/lib/thumb/v7-m/nofp\libg_nano.a(libc_a-nano-svfprintf.o)
                0x0000000008008018                _svfiprintf_r
                0x0000000008008018                _svfprintf_r
 *(.glue_7)
 .glue_7        0x0000000008008214        0x0 linker stubs
 *(.glue_7t)
 .glue_7t       0x0000000008008214        0x0 linker stubs
 *(.eh_frame)
 .eh_frame      0x0000000008008214        0x0 C:/ST/STM32CubeCLT/GNU-tools-for-STM32/bin/../lib/gcc/arm-none-eabi/11.3.1/thumb/v7-m/nofp/crtbegin.o
 *(.init)
 .init          0x0000000008008214        0x4 C:/ST/STM32CubeCLT/GNU-tools-for-STM32/bin/../lib/gcc/arm-none-eabi/11.3.1/thumb/v7-m/nofp/crti.o
                0x0000000008008214                _init
 .init          0x0000000008008218        0x8 C:/ST/STM32CubeCLT/GNU-tools-for-STM32/bin/../lib/gcc/arm-none-eabi/11.3.1/thumb/v7-m/nofp/crtn.o
 *(.fini)
 .fini          0x0000000008008220        0x4 C:/ST/STM32CubeCLT/GNU-tools-for-STM32/bin/../lib/gcc/arm-none-eabi/11.3.1/thumb/v7-m/nofp/crti.o
                0x0000000008008220                _fini
 .fini          0x0000000008008224        0x8 C:/ST/STM32CubeCLT/GNU-tools-for-STM32/bin/../lib/gcc/arm-none-eabi/11.3.1/thumb/v7-m/nofp/crtn.o
                0x000000000800822c                . = ALIGN (0x4)
                0x000000000800822c                _etext = .

.vfp11_veneer   0x000000000800822c        0x0
 .vfp11_veneer  0x000000000800822c        0x0 linker stubs

.v4_bx          0x000000000800822c        0x0
 .v4_bx         0x000000000800822c        0x0 linker stubs

.iplt           0x000000000800822c        0x0
 .iplt          0x000000000800822c        0x0 C:/ST/STM32CubeCLT/GNU-tools-for-STM32/bin/../lib/gcc/arm-none-eabi/11.3.1/thumb/v7-m/nofp/crtbegin.o

.rodata         0x0000000008008230     0x262c
                0x0000000008008230                . = ALIGN (0x4)
 *(.rodata)
 .rodata        0x0000000008008230       0x1c CMakeFiles/PS_CC-CV_FREETROS.dir/Core/Src/main.c.obj
 *(.rodata*)
 .rodata._printf_float.str1.1
                0x000000000800824c       0x12 C:/ST/STM32CubeCLT/GNU-tools-for-STM32/bin/../lib/gcc/arm-none-eabi/11.3.1/../../../../arm-none-eabi/lib/thumb/v7-m/nofp\libc_nano.a(libc_a-nano-vfprintf_float.o)
 .rodata._printf_i.str1.1
                0x000000000800825e       0x22 C:/ST/STM32CubeCLT/GNU-tools-for-STM32/bin/../lib/gcc/arm-none-eabi/11.3.1/../../../../arm-none-eabi/lib/thumb/v7-m/nofp\libc_nano.a(libc_a-nano-vfprintf_i.o)
 .rodata._dtoa_r.str1.1
                0x0000000008008280       0x8d C:/ST/STM32CubeCLT/GNU-tools-for-STM32/bin/../lib/gcc/arm-none-eabi/11.3.1/../../../../arm-none-eabi/lib/thumb/v7-m/nofp\libc_nano.a(libc_a-dtoa.o)
                                         0x8f (size before relaxing)
 .rodata._Balloc.str1.1
                0x000000000800830d       0x59 C:/ST/STM32CubeCLT/GNU-tools-for-STM32/bin/../lib/gcc/arm-none-eabi/11.3.1/../../../../arm-none-eabi/lib/thumb/v7-m/nofp\libc_nano.a(libc_a-mprec.o)
                                         0x70 (size before relaxing)
 .rodata.__multadd.str1.1
                0x0000000008008366       0x11 C:/ST/STM32CubeCLT/GNU-tools-for-STM32/bin/../lib/gcc/arm-none-eabi/11.3.1/../../../../arm-none-eabi/lib/thumb/v7-m/nofp\libc_nano.a(libc_a-mprec.o)
 *fill*         0x0000000008008366        0x2 
 .rodata.__mprec_bigtens
                0x0000000008008368       0x28 C:/ST/STM32CubeCLT/GNU-tools-for-STM32/bin/../lib/gcc/arm-none-eabi/11.3.1/../../../../arm-none-eabi/lib/thumb/v7-m/nofp\libc_nano.a(libc_a-mprec.o)
                0x0000000008008368                __mprec_bigtens
 .rodata.__mprec_tens
                0x0000000008008390       0xc8 C:/ST/STM32CubeCLT/GNU-tools-for-STM32/bin/../lib/gcc/arm-none-eabi/11.3.1/../../../../arm-none-eabi/lib/thumb/v7-m/nofp\libc_nano.a(libc_a-mprec.o)
                0x0000000008008390                __mprec_tens
 .rodata.p05.0  0x0000000008008458        0xc C:/ST/STM32CubeCLT/GNU-tools-for-STM32/bin/../lib/gcc/arm-none-eabi/11.3.1/../../../../arm-none-eabi/lib/thumb/v7-m/nofp\libc_nano.a(libc_a-mprec.o)
 .rodata._setlocale_r.str1.1
                0x0000000008008464        0x8 C:/ST/STM32CubeCLT/GNU-tools-for-STM32/bin/../lib/gcc/arm-none-eabi/11.3.1/../../../../arm-none-eabi/lib/thumb/v7-m/nofp\libc_nano.a(libc_a-locale.o)
                                          0x9 (size before relaxing)
 .rodata.str1.1
                0x000000000800846c        0x2 C:/ST/STM32CubeCLT/GNU-tools-for-STM32/bin/../lib/gcc/arm-none-eabi/11.3.1/../../../../arm-none-eabi/lib/thumb/v7-m/nofp\libc_nano.a(libc_a-locale.o)
 .rodata.__assert_func.str1.1
                0x000000000800846e       0x3c C:/ST/STM32CubeCLT/GNU-tools-for-STM32/bin/../lib/gcc/arm-none-eabi/11.3.1/../../../../arm-none-eabi/lib/thumb/v7-m/nofp\libc_nano.a(libc_a-assert.o)
                                         0x3d (size before relaxing)
 .rodata._ctype_
                0x00000000080084aa      0x101 C:/ST/STM32CubeCLT/GNU-tools-for-STM32/bin/../lib/gcc/arm-none-eabi/11.3.1/../../../../arm-none-eabi/lib/thumb/v7-m/nofp\libc_nano.a(libc_a-ctype_.o)
                0x00000000080084aa                _ctype_
 .rodata._vfprintf_r.str1.1
                0x00000000080085ab       0x11 C:/ST/STM32CubeCLT/GNU-tools-for-STM32/bin/../lib/gcc/arm-none-eabi/11.3.1/../../../../arm-none-eabi/lib/thumb/v7-m/nofp\libc_nano.a(libc_a-nano-vfprintf.o)
 .rodata.encoder_init.str1.4
                0x00000000080085bc        0x8 CMakeFiles/PS_CC-CV_FREETROS.dir/App/Src/encoder.c.obj
 .rodata.buzzer_init.str1.4
                0x00000000080085c4        0x7 CMakeFiles/PS_CC-CV_FREETROS.dir/App/Src/buzzer.c.obj
 *fill*         0x00000000080085cb        0x1 
 .rodata.led_init.str1.4
                0x00000000080085cc        0x4 CMakeFiles/PS_CC-CV_FREETROS.dir/App/Src/led.c.obj
 .rodata.hmi_init.str1.4
                0x00000000080085d0        0xf CMakeFiles/PS_CC-CV_FREETROS.dir/HMI/Src/hmi.c.obj
 *fill*         0x00000000080085df        0x1 
 .rodata.hmi_dashboard_draw_info_fan.str1.4
                0x00000000080085e0        0xd CMakeFiles/PS_CC-CV_FREETROS.dir/HMI/Src/hmi_dashboard.c.obj
 *fill*         0x00000000080085ed        0x3 
 .rodata.hmi_dashboard_draw_voltage_input.str1.4
                0x00000000080085f0        0x8 CMakeFiles/PS_CC-CV_FREETROS.dir/HMI/Src/hmi_dashboard.c.obj
 .rodata.hmi_dashboard_target_voltage.str1.4
                0x00000000080085f8        0xb CMakeFiles/PS_CC-CV_FREETROS.dir/HMI/Src/hmi_dashboard.c.obj
 *fill*         0x0000000008008603        0x1 
 .rodata.hmi_dashboard_target_current.str1.4
                0x0000000008008604        0x9 CMakeFiles/PS_CC-CV_FREETROS.dir/HMI/Src/hmi_dashboard.c.obj
 *fill*         0x000000000800860d        0x3 
 .rodata.hmi_dashboard_draw_out_state.str1.4
                0x0000000008008610        0x8 CMakeFiles/PS_CC-CV_FREETROS.dir/HMI/Src/hmi_dashboard.c.obj
 .rodata.hmi_dashboard_draw_mode_control.str1.4
                0x0000000008008618        0x7 CMakeFiles/PS_CC-CV_FREETROS.dir/HMI/Src/hmi_dashboard.c.obj
 *fill*         0x000000000800861f        0x1 
 .rodata.vector_cursor_retangle_current
                0x0000000008008620        0xc CMakeFiles/PS_CC-CV_FREETROS.dir/HMI/Src/hmi_dashboard.c.obj
 .rodata.vector_cursor_retangle_voltage
                0x000000000800862c       0x10 CMakeFiles/PS_CC-CV_FREETROS.dir/HMI/Src/hmi_dashboard.c.obj
 .rodata.hmi_intro_show_screen.str1.4
                0x000000000800863c       0x36 CMakeFiles/PS_CC-CV_FREETROS.dir/HMI/Src/hmi_intro.c.obj
 *fill*         0x0000000008008672        0x2 
 .rodata.hmi_menu_insert_data_submenu.str1.4
                0x0000000008008674       0x29 CMakeFiles/PS_CC-CV_FREETROS.dir/HMI/Src/hmi_menu.c.obj
 *fill*         0x000000000800869d        0x3 
 .rodata.hmi_menu_show_draw_menu_itens.str1.4
                0x00000000080086a0        0x9 CMakeFiles/PS_CC-CV_FREETROS.dir/HMI/Src/hmi_menu.c.obj
 *fill*         0x00000000080086a9        0x3 
 .rodata.str1.4
                0x00000000080086ac       0x39 CMakeFiles/PS_CC-CV_FREETROS.dir/HMI/Src/hmi_menu.c.obj
 *fill*         0x00000000080086e5        0x3 
 .rodata.hmi_menu_item_vector
                0x00000000080086e8       0x28 CMakeFiles/PS_CC-CV_FREETROS.dir/HMI/Src/hmi_menu.c.obj
 .rodata.vector_cursor_retangle
                0x0000000008008710       0x14 CMakeFiles/PS_CC-CV_FREETROS.dir/HMI/Src/hmi_menu.c.obj
 .rodata.hmi_target_draw_all_parameters.str1.4
                0x0000000008008724        0xe CMakeFiles/PS_CC-CV_FREETROS.dir/HMI/Src/hmi_target.c.obj
 *fill*         0x0000000008008732        0x2 
 .rodata.hmi_submenu_show_items_screen.str1.4
                0x0000000008008734        0x8 CMakeFiles/PS_CC-CV_FREETROS.dir/HMI/Src/hmi_submenu.c.obj
 .rodata.vector_cursor_retangle
                0x000000000800873c       0x14 CMakeFiles/PS_CC-CV_FREETROS.dir/HMI/Src/hmi_submenu.c.obj
 .rodata.Font16x26
                0x0000000008008750     0x134c CMakeFiles/PS_CC-CV_FREETROS.dir/DISPLAY/Src/ssd_1306_fonts.c.obj
 .rodata.Font6x8
                0x0000000008009a9c      0x5f0 CMakeFiles/PS_CC-CV_FREETROS.dir/DISPLAY/Src/ssd_1306_fonts.c.obj
 .rodata.Font7x10
                0x000000000800a08c      0x76c CMakeFiles/PS_CC-CV_FREETROS.dir/DISPLAY/Src/ssd_1306_fonts.c.obj
 .rodata.Font_16x26
                0x000000000800a7f8        0xc CMakeFiles/PS_CC-CV_FREETROS.dir/DISPLAY/Src/ssd_1306_fonts.c.obj
                0x000000000800a7f8                Font_16x26
 .rodata.Font_6x8
                0x000000000800a804        0xc CMakeFiles/PS_CC-CV_FREETROS.dir/DISPLAY/Src/ssd_1306_fonts.c.obj
                0x000000000800a804                Font_6x8
 .rodata.Font_7x10
                0x000000000800a810        0xc CMakeFiles/PS_CC-CV_FREETROS.dir/DISPLAY/Src/ssd_1306_fonts.c.obj
                0x000000000800a810                Font_7x10
 .rodata.str1.4
                0x000000000800a81c        0xc CMakeFiles/PS_CC-CV_FREETROS.dir/Core/Src/main.c.obj
 .rodata.aPLLMULFactorTable.1
                0x000000000800a828       0x10 CMakeFiles/PS_CC-CV_FREETROS.dir/Drivers/STM32F1xx_HAL_Driver/Src/stm32f1xx_hal_rcc.c.obj
 .rodata.aPredivFactorTable.0
                0x000000000800a838        0x2 CMakeFiles/PS_CC-CV_FREETROS.dir/Drivers/STM32F1xx_HAL_Driver/Src/stm32f1xx_hal_rcc.c.obj
 *fill*         0x000000000800a83a        0x2 
 .rodata.AHBPrescTable
                0x000000000800a83c       0x10 CMakeFiles/PS_CC-CV_FREETROS.dir/Core/Src/system_stm32f1xx.c.obj
                0x000000000800a83c                AHBPrescTable
 .rodata.APBPrescTable
                0x000000000800a84c        0x8 CMakeFiles/PS_CC-CV_FREETROS.dir/Core/Src/system_stm32f1xx.c.obj
                0x000000000800a84c                APBPrescTable
 .rodata.vTaskStartScheduler.str1.4
                0x000000000800a854        0x5 CMakeFiles/PS_CC-CV_FREETROS.dir/Middlewares/Third_Party/FreeRTOS/Source/tasks.c.obj
 .rodata._svfprintf_r.str1.1
                0x000000000800a859       0x11 C:/ST/STM32CubeCLT/GNU-tools-for-STM32/bin/../lib/gcc/arm-none-eabi/11.3.1/../../../../arm-none-eabi/lib/thumb/v7-m/nofp\libg_nano.a(libc_a-nano-svfprintf.o)
                0x000000000800a86c                . = ALIGN (0x4)
 *fill*         0x000000000800a859        0x3 

.ARM.extab      0x000000000800a85c        0x0
                0x000000000800a85c                . = ALIGN (0x4)
 *(.ARM.extab* .gnu.linkonce.armextab.*)
                0x000000000800a85c                . = ALIGN (0x4)

.ARM            0x000000000800a85c        0x0
                0x000000000800a85c                . = ALIGN (0x4)
                0x000000000800a85c                __exidx_start = .
 *(.ARM.exidx*)
                0x000000000800a85c                __exidx_end = .
                0x000000000800a85c                . = ALIGN (0x4)

.preinit_array  0x000000000800a85c        0x0
                0x000000000800a85c                . = ALIGN (0x4)
                0x000000000800a85c                PROVIDE (__preinit_array_start = .)
 *(.preinit_array*)
                0x000000000800a85c                PROVIDE (__preinit_array_end = .)
                0x000000000800a85c                . = ALIGN (0x4)

.init_array     0x000000000800a85c        0x4
                0x000000000800a85c                . = ALIGN (0x4)
                0x000000000800a85c                PROVIDE (__init_array_start = .)
 *(SORT_BY_NAME(.init_array.*))
 *(.init_array*)
 .init_array    0x000000000800a85c        0x4 C:/ST/STM32CubeCLT/GNU-tools-for-STM32/bin/../lib/gcc/arm-none-eabi/11.3.1/thumb/v7-m/nofp/crtbegin.o
                0x000000000800a860                PROVIDE (__init_array_end = .)
                0x000000000800a860                . = ALIGN (0x4)

.fini_array     0x000000000800a860        0x4
                0x000000000800a860                . = ALIGN (0x4)
                [!provide]                        PROVIDE (__fini_array_start = .)
 *(SORT_BY_NAME(.fini_array.*))
 *(.fini_array*)
 .fini_array    0x000000000800a860        0x4 C:/ST/STM32CubeCLT/GNU-tools-for-STM32/bin/../lib/gcc/arm-none-eabi/11.3.1/thumb/v7-m/nofp/crtbegin.o
                [!provide]                        PROVIDE (__fini_array_end = .)
                0x000000000800a864                . = ALIGN (0x4)
                0x000000000800a864                _sidata = LOADADDR (.data)

.rel.dyn        0x000000000800a864        0x0
 .rel.iplt      0x000000000800a864        0x0 C:/ST/STM32CubeCLT/GNU-tools-for-STM32/bin/../lib/gcc/arm-none-eabi/11.3.1/thumb/v7-m/nofp/crtbegin.o

.data           0x0000000020000000      0x2f4 load address 0x000000000800a864
                0x0000000020000000                . = ALIGN (0x4)
                0x0000000020000000                _sdata = .
 *(.data)
 *(.data*)
 .data.__sglue  0x0000000020000000        0xc C:/ST/STM32CubeCLT/GNU-tools-for-STM32/bin/../lib/gcc/arm-none-eabi/11.3.1/../../../../arm-none-eabi/lib/thumb/v7-m/nofp\libc_nano.a(libc_a-findfp.o)
                0x0000000020000000                __sglue
 .data._impure_data
                0x000000002000000c       0x4c C:/ST/STM32CubeCLT/GNU-tools-for-STM32/bin/../lib/gcc/arm-none-eabi/11.3.1/../../../../arm-none-eabi/lib/thumb/v7-m/nofp\libc_nano.a(libc_a-impure.o)
                0x000000002000000c                _impure_data
 .data._impure_ptr
                0x0000000020000058        0x4 C:/ST/STM32CubeCLT/GNU-tools-for-STM32/bin/../lib/gcc/arm-none-eabi/11.3.1/../../../../arm-none-eabi/lib/thumb/v7-m/nofp\libc_nano.a(libc_a-impure.o)
                0x0000000020000058                _impure_ptr
 .data.__global_locale
                0x000000002000005c      0x16c C:/ST/STM32CubeCLT/GNU-tools-for-STM32/bin/../lib/gcc/arm-none-eabi/11.3.1/../../../../arm-none-eabi/lib/thumb/v7-m/nofp\libc_nano.a(libc_a-locale.o)
                0x000000002000005c                __global_locale
 .data.led_vector_data_default
                0x00000000200001c8       0x50 CMakeFiles/PS_CC-CV_FREETROS.dir/App/Src/led.c.obj
                0x00000000200001c8                led_vector_data_default